Archive member included because of file (symbol)

c:/altera/10.1/nios2eds/bin/gnu/h-i686-mingw32/bin/../lib/gcc/nios2-elf/4.1.2\libgcc.a(lib2-divmod.o)
                              obj/simple_socket_server.o (__divsi3)
c:/altera/10.1/nios2eds/bin/gnu/h-i686-mingw32/bin/../lib/gcc/nios2-elf/4.1.2/../../../../nios2-elf/lib\libc.a(lib_a-ctype_.o)
                              obj/network_utilities.o (__ctype_ptr)
c:/altera/10.1/nios2eds/bin/gnu/h-i686-mingw32/bin/../lib/gcc/nios2-elf/4.1.2/../../../../nios2-elf/lib\libc.a(lib_a-fclose.o)
                              obj/main.o (fclose)
c:/altera/10.1/nios2eds/bin/gnu/h-i686-mingw32/bin/../lib/gcc/nios2-elf/4.1.2/../../../../nios2-elf/lib\libc.a(lib_a-fflush.o)
                              c:/altera/10.1/nios2eds/bin/gnu/h-i686-mingw32/bin/../lib/gcc/nios2-elf/4.1.2/../../../../nios2-elf/lib\libc.a(lib_a-fclose.o) (_fflush_r)
c:/altera/10.1/nios2eds/bin/gnu/h-i686-mingw32/bin/../lib/gcc/nios2-elf/4.1.2/../../../../nios2-elf/lib\libc.a(lib_a-findfp.o)
                              c:/altera/10.1/nios2eds/bin/gnu/h-i686-mingw32/bin/../lib/gcc/nios2-elf/4.1.2/../../../../nios2-elf/lib\libc.a(lib_a-fclose.o) (__sfp_lock_acquire)
c:/altera/10.1/nios2eds/bin/gnu/h-i686-mingw32/bin/../lib/gcc/nios2-elf/4.1.2/../../../../nios2-elf/lib\libc.a(lib_a-fopen.o)
                              obj/main.o (fopen)
c:/altera/10.1/nios2eds/bin/gnu/h-i686-mingw32/bin/../lib/gcc/nios2-elf/4.1.2/../../../../nios2-elf/lib\libc.a(lib_a-fprintf.o)
                              obj/alt_error_handler.o (fprintf)
c:/altera/10.1/nios2eds/bin/gnu/h-i686-mingw32/bin/../lib/gcc/nios2-elf/4.1.2/../../../../nios2-elf/lib\libc.a(lib_a-fputs.o)
                              obj/main.o (fputs)
c:/altera/10.1/nios2eds/bin/gnu/h-i686-mingw32/bin/../lib/gcc/nios2-elf/4.1.2/../../../../nios2-elf/lib\libc.a(lib_a-freer.o)
                              c:/altera/10.1/nios2eds/bin/gnu/h-i686-mingw32/bin/../lib/gcc/nios2-elf/4.1.2/../../../../nios2-elf/lib\libc.a(lib_a-fclose.o) (_free_r)
c:/altera/10.1/nios2eds/bin/gnu/h-i686-mingw32/bin/../lib/gcc/nios2-elf/4.1.2/../../../../nios2-elf/lib\libc.a(lib_a-fseek.o)
                              c:/altera/10.1/nios2eds/bin/gnu/h-i686-mingw32/bin/../lib/gcc/nios2-elf/4.1.2/../../../../nios2-elf/lib\libc.a(lib_a-fopen.o) (_fseek_r)
c:/altera/10.1/nios2eds/bin/gnu/h-i686-mingw32/bin/../lib/gcc/nios2-elf/4.1.2/../../../../nios2-elf/lib\libc.a(lib_a-fstatr.o)
                              c:/altera/10.1/nios2eds/bin/gnu/h-i686-mingw32/bin/../lib/gcc/nios2-elf/4.1.2/../../../../nios2-elf/lib\libc.a(lib_a-fseek.o) (_fstat_r)
c:/altera/10.1/nios2eds/bin/gnu/h-i686-mingw32/bin/../lib/gcc/nios2-elf/4.1.2/../../../../nios2-elf/lib\libc.a(lib_a-fvwrite.o)
                              c:/altera/10.1/nios2eds/bin/gnu/h-i686-mingw32/bin/../lib/gcc/nios2-elf/4.1.2/../../../../nios2-elf/lib\libc.a(lib_a-fputs.o) (__sfvwrite_r)
c:/altera/10.1/nios2eds/bin/gnu/h-i686-mingw32/bin/../lib/gcc/nios2-elf/4.1.2/../../../../nios2-elf/lib\libc.a(lib_a-fwalk.o)
                              c:/altera/10.1/nios2eds/bin/gnu/h-i686-mingw32/bin/../lib/gcc/nios2-elf/4.1.2/../../../../nios2-elf/lib\libc.a(lib_a-fflush.o) (_fwalk_reent)
c:/altera/10.1/nios2eds/bin/gnu/h-i686-mingw32/bin/../lib/gcc/nios2-elf/4.1.2/../../../../nios2-elf/lib\libc.a(lib_a-fwrite.o)
                              obj/alt_error_handler.o (fwrite)
c:/altera/10.1/nios2eds/bin/gnu/h-i686-mingw32/bin/../lib/gcc/nios2-elf/4.1.2/../../../../nios2-elf/lib\libc.a(lib_a-getc.o)
                              obj/network_utilities.o (getc)
c:/altera/10.1/nios2eds/bin/gnu/h-i686-mingw32/bin/../lib/gcc/nios2-elf/4.1.2/../../../../nios2-elf/lib\libc.a(lib_a-impure.o)
                              obj/alt_error_handler.o (_impure_ptr)
c:/altera/10.1/nios2eds/bin/gnu/h-i686-mingw32/bin/../lib/gcc/nios2-elf/4.1.2/../../../../nios2-elf/lib\libc.a(lib_a-int_errno.o)
                              c:/altera/10.1/nios2eds/bin/gnu/h-i686-mingw32/bin/../lib/gcc/nios2-elf/4.1.2/../../../../nios2-elf/lib\libc.a(lib_a-fstatr.o) (errno)
c:/altera/10.1/nios2eds/bin/gnu/h-i686-mingw32/bin/../lib/gcc/nios2-elf/4.1.2/../../../../nios2-elf/lib\libc.a(lib_a-makebuf.o)
                              c:/altera/10.1/nios2eds/bin/gnu/h-i686-mingw32/bin/../lib/gcc/nios2-elf/4.1.2/../../../../nios2-elf/lib\libc.a(lib_a-fseek.o) (__smakebuf_r)
c:/altera/10.1/nios2eds/bin/gnu/h-i686-mingw32/bin/../lib/gcc/nios2-elf/4.1.2/../../../../nios2-elf/lib\libc.a(lib_a-mallocr.o)
                              c:/altera/10.1/nios2eds/bin/gnu/h-i686-mingw32/bin/../lib/gcc/nios2-elf/4.1.2/../../../../nios2-elf/lib\libc.a(lib_a-findfp.o) (_malloc_r)
c:/altera/10.1/nios2eds/bin/gnu/h-i686-mingw32/bin/../lib/gcc/nios2-elf/4.1.2/../../../../nios2-elf/lib\libc.a(lib_a-memchr.o)
                              c:/altera/10.1/nios2eds/bin/gnu/h-i686-mingw32/bin/../lib/gcc/nios2-elf/4.1.2/../../../../nios2-elf/lib\libc.a(lib_a-fvwrite.o) (memchr)
[...]
Memory Configuration

Name             Origin             Length             Attributes
reset            0x02800000         0x00000020
ext_flash        0x02800020         0x007fffe0
sram_BEFORE_EXCEPTION 0x03200000         0x00000020
sram             0x03200020         0x001fffe0
*default*        0x00000000         0xffffffff

Linker script and memory map

LOAD ../SocketServer_bsp/obj/HAL/src/crt0.o
LOAD obj/alt_error_handler.o
LOAD obj/camera.o
LOAD obj/main.o
LOAD obj/network_utilities.o
LOAD obj/simple_socket_server.o
LOAD obj/trackers.o
LOAD c:/altera/10.1/nios2eds/bin/gnu/h-i686-mingw32/bin/../lib/gcc/nios2-elf/4.1.2/../../../../nios2-elf/lib\libstdc++.a
LOAD c:/altera/10.1/nios2eds/bin/gnu/h-i686-mingw32/bin/../lib/gcc/nios2-elf/4.1.2/../../../../nios2-elf/lib\libm.a
LOAD c:/altera/10.1/nios2eds/bin/gnu/h-i686-mingw32/bin/../lib/gcc/nios2-elf/4.1.2\libgcc.a
START GROUP
LOAD c:/altera/10.1/nios2eds/bin/gnu/h-i686-mingw32/bin/../lib/gcc/nios2-elf/4.1.2/../../../../nios2-elf/lib\libc.a
LOAD c:/altera/10.1/nios2eds/bin/gnu/h-i686-mingw32/bin/../lib/gcc/nios2-elf/4.1.2\libgcc.a
LOAD ../SocketServer_bsp\libucosii_bsp.a
END GROUP
LOAD c:/altera/10.1/nios2eds/bin/gnu/h-i686-mingw32/bin/../lib/gcc/nios2-elf/4.1.2\libgcc.a
                0x02800000                __alt_mem_ext_flash = 0x2800000
                0x03200000                __alt_mem_sram = 0x3200000

.entry          0x02800000       0x20
 *(.entry)
 .entry         0x02800000       0x20 ../SocketServer_bsp/obj/HAL/src/crt0.o
                0x02800000                __reset

.exceptions     0x03200020      0x1a0
                0x03200020                PROVIDE (__ram_exceptions_start, ABSOLUTE (.))
                0x03200020                . = ALIGN (0x20)
 *(.irq)
 *(.exceptions.entry.label)
 .exceptions.entry.label
                0x03200020        0x0 ../SocketServer_bsp\libucosii_bsp.a(alt_irq_entry.o)
                0x03200020                alt_irq_entry
 .exceptions.entry.label
                0x03200020        0x0 ../SocketServer_bsp\libucosii_bsp.a(alt_exception_entry.o)
                0x03200020                alt_exception
 *(.exceptions.entry.user)
 *(.exceptions.entry)
 .exceptions.entry
                0x03200020       0x54 ../SocketServer_bsp\libucosii_bsp.a(alt_exception_entry.o)
 *(.exceptions.irqtest.user)
 *(.exceptions.irqtest)
 .exceptions.irqtest
                0x03200074       0x10 ../SocketServer_bsp\libucosii_bsp.a(alt_irq_entry.o)
 *(.exceptions.irqhandler.user)
 *(.exceptions.irqhandler)
 .exceptions.irqhandler
                0x03200084        0x4 ../SocketServer_bsp\libucosii_bsp.a(alt_irq_entry.o)
 *(.exceptions.irqreturn.user)
 *(.exceptions.irqreturn)
 .exceptions.irqreturn
                0x03200088        0x4 ../SocketServer_bsp\libucosii_bsp.a(alt_irq_entry.o)
 *(.exceptions.notirq.label)
 .exceptions.notirq.label
                0x0320008c        0x0 ../SocketServer_bsp\libucosii_bsp.a(alt_irq_entry.o)
 *(.exceptions.notirq.user)
 *(.exceptions.notirq)
 .exceptions.notirq
                0x0320008c        0x8 ../SocketServer_bsp\libucosii_bsp.a(alt_exception_entry.o)
 *(.exceptions.soft.user)
 *(.exceptions.soft)
 *(.exceptions.unknown.user)
 *(.exceptions.unknown)
 .exceptions.unknown
                0x03200094        0x4 ../SocketServer_bsp\libucosii_bsp.a(alt_exception_entry.o)
 *(.exceptions.exit.label)
 .exceptions.exit.label
                0x03200098        0x0 ../SocketServer_bsp\libucosii_bsp.a(alt_irq_entry.o)
 .exceptions.exit.label
                0x03200098        0x0 ../SocketServer_bsp\libucosii_bsp.a(alt_exception_entry.o)
 *(.exceptions.exit.user)
 *(.exceptions.exit)
 .exceptions.exit
                0x03200098       0x54 ../SocketServer_bsp\libucosii_bsp.a(alt_exception_entry.o)
 *(.exceptions)
 .exceptions    0x032000ec       0xd4 ../SocketServer_bsp\libucosii_bsp.a(alt_irq_handler.o)
                0x032000ec                alt_irq_handler
                0x032001c0                PROVIDE (__ram_exceptions_end, ABSOLUTE (.))
                0x03200020                PROVIDE (__flash_exceptions_start, LOADADDR (.exceptions))

.text           0x032001c0    0x4beb4
                0x032001c0                PROVIDE (stext, ABSOLUTE (.))
 *(.interp)
 *(.hash)
 *(.dynsym)
 *(.dynstr)
 *(.gnu.version)
 *(.gnu.version_d)
 *(.gnu.version_r)
 *(.rel.init)
 *(.rela.init)
 *(.rel.text .rel.text.* .rel.gnu.linkonce.t.*)
 *(.rela.text .rela.text.* .rela.gnu.linkonce.t.*)
 *(.rel.fini)
 *(.rela.fini)
 *(.rel.rodata .rel.rodata.* .rel.gnu.linkonce.r.*)
 *(.rela.rodata .rela.rodata.* .rela.gnu.linkonce.r.*)
 *(.rel.data .rel.data.* .rel.gnu.linkonce.d.*)
 *(.rela.data .rela.data.* .rela.gnu.linkonce.d.*)
 *(.rel.tdata .rel.tdata.* .rel.gnu.linkonce.td.*)
 *(.rela.tdata .rela.tdata.* .rela.gnu.linkonce.td.*)
 *(.rel.tbss .rel.tbss.* .rel.gnu.linkonce.tb.*)
 *(.rela.tbss .rela.tbss.* .rela.gnu.linkonce.tb.*)
 *(.rel.ctors)
 *(.rela.ctors)
 *(.rel.dtors)
 *(.rela.dtors)
 *(.rel.got)
 *(.rela.got)
 *(.rel.sdata .rel.sdata.* .rel.gnu.linkonce.s.*)
 *(.rela.sdata .rela.sdata.* .rela.gnu.linkonce.s.*)
 *(.rel.sbss .rel.sbss.* .rel.gnu.linkonce.sb.*)
 *(.rela.sbss .rela.sbss.* .rela.gnu.linkonce.sb.*)
 *(.rel.sdata2 .rel.sdata2.* .rel.gnu.linkonce.s2.*)
 *(.rela.sdata2 .rela.sdata2.* .rela.gnu.linkonce.s2.*)
 *(.rel.sbss2 .rel.sbss2.* .rel.gnu.linkonce.sb2.*)
 *(.rela.sbss2 .rela.sbss2.* .rela.gnu.linkonce.sb2.*)
 *(.rel.bss .rel.bss.* .rel.gnu.linkonce.b.*)
 *(.rela.bss .rela.bss.* .rela.gnu.linkonce.b.*)
 *(.rel.plt)
 *(.rela.plt)
 *(.rel.dyn)
 *(.init)
 *(.plt)
 *(.text .stub .text.* .gnu.linkonce.t.*)
 .text          0x032001c0       0x4c ../SocketServer_bsp/obj/HAL/src/crt0.o
                0x032001c0                _start
 .text          0x0320020c      0xba8 obj/alt_error_handler.o
                0x0320020c                alt_uCOSIIErrorHandler
                0x03200830                alt_NetworkErrorHandler
                0x03200ac8                alt_SSSErrorHandler
 .text          0x03200db4      0x834 obj/camera.o
                0x03200db4                camera_init
                0x03200e1c                read_camera_registers
                0x03200f14                write_camera_registers
                0x03201030                get_image_size
                0x03201088                set_image_size
                0x032010e0                get_image_exposure
                0x03201130                set_image_exposure
                0x03201178                get_start_image
                0x032011d0                set_start_image
                0x03201228                get_sensor_size
                0x03201280                set_sensor_size
                0x032012d8                get_sensor_mode
                0x03201330                set_sensor_mode
                0x03201388                camera_configure
                0x03201440                select_sensor_output
                0x032014e8                select_vga_output
 .text          0x032015e8      0x214 obj/main.o
                0x032015e8                write_in_lcd
                0x03201648                task1
                0x032016d0                SSSInitialTask
                0x03201780                main
 .text          0x032017fc      0x880 obj/network_utilities.o
                0x032017fc                get_mac_addr
                0x03201854                get_ip_addr
                0x032018c0                get_serial_number
                0x03201a9c                generate_and_store_mac_addr
                0x03201c68                generate_mac_addr
                0x03201da4                get_board_mac_addr
                0x03201f38                FindLastFlashSectorOffset
 .text          0x0320207c     0x1888 obj/simple_socket_server.o
                0x0320207c                sss_reset_connection
                0x032020ec                sss_send_menu
                0x032023bc                sss_exec_command
                0x032034ac                sss_handle_accept
                0x0320356c                sss_handle_receive
                0x03203758                SSSSimpleSocketServerTask
 .text          0x03203904      0xa7c obj/trackers.o
                0x03203904                trackers_init
                0x0320399c                trackers_number
                0x032039bc                trackers_free
                0x03203a5c                activate_tracker
                0x03203bc4                disable_tracker
                0x03203c88                free_tracker
                0x03203d68                set_search_window_of_tracker
                0x03203f20                get_search_window_of_tracker
                0x03203fd4                get_current_corners_of_tracker
                0x03204088                get_current_windows_of_activated_trackers
                0x03204204                get_current_corners_of_activated_trackers
 .text          0x03204380      0x14c c:/altera/10.1/nios2eds/bin/gnu/h-i686-mingw32/bin/../lib/gcc/nios2-elf/4.1.2\libgcc.a(lib2-divmod.o)
                0x032043fc                __divsi3
                0x0320445c                __modsi3
                0x032044bc                __udivsi3
                0x032044c4                __umodsi3
 .text          0x032044cc        0x0 c:/altera/10.1/nios2eds/bin/gnu/h-i686-mingw32/bin/../lib/gcc/nios2-elf/4.1.2/../../../../nios2-elf/lib\libc.a(lib_a-ctype_.o)
 .text          0x032044cc      0x124 c:/altera/10.1/nios2eds/bin/gnu/h-i686-mingw32/bin/../lib/gcc/nios2-elf/4.1.2/../../../../nios2-elf/lib\libc.a(lib_a-fclose.o)
                0x032044cc                _fclose_r
                0x032045dc                fclose
 .text          0x032045f0      0x230 c:/altera/10.1/nios2eds/bin/gnu/h-i686-mingw32/bin/../lib/gcc/nios2-elf/4.1.2/../../../../nios2-elf/lib\libc.a(lib_a-fflush.o)
                0x032045f0                _fflush_r
                0x032047ec                fflush
 .text          0x03204820      0x2c0 c:/altera/10.1/nios2eds/bin/gnu/h-i686-mingw32/bin/../lib/gcc/nios2-elf/4.1.2/../../../../nios2-elf/lib\libc.a(lib_a-findfp.o)
                0x03204878                __sfp_lock_acquire
                0x0320487c                __sfp_lock_release
                0x03204880                __sinit_lock_acquire
                0x03204884                __sinit_lock_release
                0x03204888                __sinit
                0x0320493c                __fp_unlock_all
                0x03204954                __fp_lock_all
                0x0320496c                _cleanup_r
                0x03204978                _cleanup
                0x03204988                __sfmoreglue
                0x032049f0                __sfp
 .text          0x03204ae0      0x110 c:/altera/10.1/nios2eds/bin/gnu/h-i686-mingw32/bin/../lib/gcc/nios2-elf/4.1.2/../../../../nios2-elf/lib\libc.a(lib_a-fopen.o)
                0x03204ae0                _fopen_r
                0x03204bd4                fopen
 .text          0x03204bf0       0x60 c:/altera/10.1/nios2eds/bin/gnu/h-i686-mingw32/bin/../lib/gcc/nios2-elf/4.1.2/../../../../nios2-elf/lib\libc.a(lib_a-fprintf.o)
                0x03204bf0                fprintf
                0x03204c1c                _fprintf_r
 .text          0x03204c50       0x90 c:/altera/10.1/nios2eds/bin/gnu/h-i686-mingw32/bin/../lib/gcc/nios2-elf/4.1.2/../../../../nios2-elf/lib\libc.a(lib_a-fputs.o)
                0x03204c50                _fputs_r
                0x03204cc4                fputs
 .text          0x03204ce0      0x440 c:/altera/10.1/nios2eds/bin/gnu/h-i686-mingw32/bin/../lib/gcc/nios2-elf/4.1.2/../../../../nios2-elf/lib\libc.a(lib_a-freer.o)
                0x03204ce0                _malloc_trim_r
                0x03204e0c                _free_r
 .text          0x03205120      0x460 c:/altera/10.1/nios2eds/bin/gnu/h-i686-mingw32/bin/../lib/gcc/nios2-elf/4.1.2/../../../../nios2-elf/lib\libc.a(lib_a-fseek.o)
                0x03205120                _fseek_r
                0x0320555c                fseek
 .text          0x03205580       0x74 c:/altera/10.1/nios2eds/bin/gnu/h-i686-mingw32/bin/../lib/gcc/nios2-elf/4.1.2/../../../../nios2-elf/lib\libc.a(lib_a-fstatr.o)
                0x03205580                _fstat_r
 .text          0x032055f4      0x49c c:/altera/10.1/nios2eds/bin/gnu/h-i686-mingw32/bin/../lib/gcc/nios2-elf/4.1.2/../../../../nios2-elf/lib\libc.a(lib_a-fvwrite.o)
                0x032055f4                __sfvwrite_r
 .text          0x03205a90      0x180 c:/altera/10.1/nios2eds/bin/gnu/h-i686-mingw32/bin/../lib/gcc/nios2-elf/4.1.2/../../../../nios2-elf/lib\libc.a(lib_a-fwalk.o)
                0x03205a90                _fwalk_reent
                0x03205b58                _fwalk
 .text          0x03205c10       0xdc c:/altera/10.1/nios2eds/bin/gnu/h-i686-mingw32/bin/../lib/gcc/nios2-elf/4.1.2/../../../../nios2-elf/lib\libc.a(lib_a-fwrite.o)
                0x03205c10                _fwrite_r
                0x03205cac                fwrite
 .text          0x03205cec      0x128 c:/altera/10.1/nios2eds/bin/gnu/h-i686-mingw32/bin/../lib/gcc/nios2-elf/4.1.2/../../../../nios2-elf/lib\libc.a(lib_a-getc.o)
                0x03205cec                getc
                0x03205d84                _getc_r
 .text          0x03205e14        0x0 c:/altera/10.1/nios2eds/bin/gnu/h-i686-mingw32/bin/../lib/gcc/nios2-elf/4.1.2/../../../../nios2-elf/lib\libc.a(lib_a-impure.o)
 .text          0x03205e14        0x0 c:/altera/10.1/nios2eds/bin/gnu/h-i686-mingw32/bin/../lib/gcc/nios2-elf/4.1.2/../../../../nios2-elf/lib\libc.a(lib_a-int_errno.o)
 .text          0x03205e14      0x194 c:/altera/10.1/nios2eds/bin/gnu/h-i686-mingw32/bin/../lib/gcc/nios2-elf/4.1.2/../../../../nios2-elf/lib\libc.a(lib_a-makebuf.o)
                0x03205e14                __smakebuf_r
 .text          0x03205fa8      0x740 c:/altera/10.1/nios2eds/bin/gnu/h-i686-mingw32/bin/../lib/gcc/nios2-elf/4.1.2/../../../../nios2-elf/lib\libc.a(lib_a-mallocr.o)
                0x03205fa8                _malloc_r
 .text          0x032066e8       0xe4 c:/altera/10.1/nios2eds/bin/gnu/h-i686-mingw32/bin/../lib/gcc/nios2-elf/4.1.2/../../../../nios2-elf/lib\libc.a(lib_a-memchr.o)
                0x032066e8                memchr
 .text          0x032067cc       0xa0 c:/altera/10.1/nios2eds/bin/gnu/h-i686-mingw32/bin/../lib/gcc/nios2-elf/4.1.2/../../../../nios2-elf/lib\libc.a(lib_a-memcpy.o)
                0x032067cc                memcpy
 .text          0x0320686c       0xe0 c:/altera/10.1/nios2eds/bin/gnu/h-i686-mingw32/bin/../lib/gcc/nios2-elf/4.1.2/../../../../nios2-elf/lib\libc.a(lib_a-memmove.o)
                0x0320686c                memmove
 .text          0x0320694c       0x98 c:/altera/10.1/nios2eds/bin/gnu/h-i686-mingw32/bin/../lib/gcc/nios2-elf/4.1.2/../../../../nios2-elf/lib\libc.a(lib_a-memset.o)
                0x0320694c                memset
 .text          0x032069e4       0x78 c:/altera/10.1/nios2eds/bin/gnu/h-i686-mingw32/bin/../lib/gcc/nios2-elf/4.1.2/../../../../nios2-elf/lib\libc.a(lib_a-openr.o)
                0x032069e4                _open_r
 .text          0x03206a5c       0x80 c:/altera/10.1/nios2eds/bin/gnu/h-i686-mingw32/bin/../lib/gcc/nios2-elf/4.1.2/../../../../nios2-elf/lib\libc.a(lib_a-perror.o)
                0x03206a5c                _perror_r
                0x03206ac8                perror
 .text          0x03206adc       0x78 c:/altera/10.1/nios2eds/bin/gnu/h-i686-mingw32/bin/../lib/gcc/nios2-elf/4.1.2/../../../../nios2-elf/lib\libc.a(lib_a-printf.o)
                0x03206adc                printf
                0x03206b20                _printf_r
 .text          0x03206b54      0x1ec c:/altera/10.1/nios2eds/bin/gnu/h-i686-mingw32/bin/../lib/gcc/nios2-elf/4.1.2/../../../../nios2-elf/lib\libc.a(lib_a-putc.o)
                0x03206b54                putc
                0x03206c58                _putc_r
 .text          0x03206d40       0x24 c:/altera/10.1/nios2eds/bin/gnu/h-i686-mingw32/bin/../lib/gcc/nios2-elf/4.1.2/../../../../nios2-elf/lib\libc.a(lib_a-putchar.o)
                0x03206d40                putchar
                0x03206d5c                _putchar_r
 .text          0x03206d64       0xb4 c:/altera/10.1/nios2eds/bin/gnu/h-i686-mingw32/bin/../lib/gcc/nios2-elf/4.1.2/../../../../nios2-elf/lib\libc.a(lib_a-puts.o)
                0x03206d64                _puts_r
                0x03206e04                puts
 .text          0x03206e18      0x5f4 c:/altera/10.1/nios2eds/bin/gnu/h-i686-mingw32/bin/../lib/gcc/nios2-elf/4.1.2/../../../../nios2-elf/lib\libc.a(lib_a-reallocr.o)
                0x03206e18                _realloc_r
 .text          0x0320740c      0x1e0 c:/altera/10.1/nios2eds/bin/gnu/h-i686-mingw32/bin/../lib/gcc/nios2-elf/4.1.2/../../../../nios2-elf/lib\libc.a(lib_a-refill.o)
                0x0320740c                __srefill_r
 .text          0x032075ec       0x60 c:/altera/10.1/nios2eds/bin/gnu/h-i686-mingw32/bin/../lib/gcc/nios2-elf/4.1.2/../../../../nios2-elf/lib\libc.a(lib_a-rget.o)
                0x032075ec                __srget_r
                0x03207638                __srget
 .text          0x0320764c       0x70 c:/altera/10.1/nios2eds/bin/gnu/h-i686-mingw32/bin/../lib/gcc/nios2-elf/4.1.2/../../../../nios2-elf/lib\libc.a(lib_a-sbrkr.o)
                0x0320764c                _sbrk_r
 .text          0x032076bc       0xd4 c:/altera/10.1/nios2eds/bin/gnu/h-i686-mingw32/bin/../lib/gcc/nios2-elf/4.1.2/../../../../nios2-elf/lib\libc.a(lib_a-sprintf.o)
                0x032076bc                sprintf
                0x03207730                _sprintf_r
 .text          0x03207790      0x114 c:/altera/10.1/nios2eds/bin/gnu/h-i686-mingw32/bin/../lib/gcc/nios2-elf/4.1.2/../../../../nios2-elf/lib\libc.a(lib_a-sscanf.o)
                0x03207798                _sscanf_r
                0x03207820                sscanf
 .text          0x032078a4      0x14c c:/altera/10.1/nios2eds/bin/gnu/h-i686-mingw32/bin/../lib/gcc/nios2-elf/4.1.2/../../../../nios2-elf/lib\libc.a(lib_a-stdio.o)
                0x032078a4                __sclose
                0x032078ac                __sseek
                0x03207914                __swrite
                0x03207990                __sread
 .text          0x032079f0       0xe0 c:/altera/10.1/nios2eds/bin/gnu/h-i686-mingw32/bin/../lib/gcc/nios2-elf/4.1.2/../../../../nios2-elf/lib\libc.a(lib_a-strchr.o)
                0x032079f0                strchr
 .text          0x03207ad0      0x674 c:/altera/10.1/nios2eds/bin/gnu/h-i686-mingw32/bin/../lib/gcc/nios2-elf/4.1.2/../../../../nios2-elf/lib\libc.a(lib_a-strerror.o)
                0x03207ad0                strerror
 .text          0x03208144       0x74 c:/altera/10.1/nios2eds/bin/gnu/h-i686-mingw32/bin/../lib/gcc/nios2-elf/4.1.2/../../../../nios2-elf/lib\libc.a(lib_a-strlen.o)
                0x03208144                strlen
 .text          0x032081b8        0x8 c:/altera/10.1/nios2eds/bin/gnu/h-i686-mingw32/bin/../lib/gcc/nios2-elf/4.1.2/../../../../nios2-elf/lib\libc.a(lib_a-u_strerr.o)
                0x032081b8                _user_strerror
 .text          0x032081c0     0x1f28 c:/altera/10.1/nios2eds/bin/gnu/h-i686-mingw32/bin/../lib/gcc/nios2-elf/4.1.2/../../../../nios2-elf/lib\libc.a(lib_a-vfprintf.o)
                0x03208218                ___vfprintf_internal_r
                0x0320a0c4                __vfprintf_internal
 .text          0x0320a0e8     0x1780 c:/altera/10.1/nios2eds/bin/gnu/h-i686-mingw32/bin/../lib/gcc/nios2-elf/4.1.2/../../../../nios2-elf/lib\libc.a(lib_a-vfscanf.o)
                0x0320a0e8                __svfscanf_r
                0x0320b768                __svfscanf
                0x0320b78c                _vfscanf_r
                0x0320b7f4                vfscanf
 .text          0x0320b868      0x14c c:/altera/10.1/nios2eds/bin/gnu/h-i686-mingw32/bin/../lib/gcc/nios2-elf/4.1.2/../../../../nios2-elf/lib\libc.a(lib_a-wbuf.o)
                0x0320b868                __swbuf_r
                0x0320b998                __swbuf
 .text          0x0320b9b4       0x78 c:/altera/10.1/nios2eds/bin/gnu/h-i686-mingw32/bin/../lib/gcc/nios2-elf/4.1.2/../../../../nios2-elf/lib\libc.a(lib_a-writer.o)
                0x0320b9b4                _write_r
 .text          0x0320ba2c      0x13c c:/altera/10.1/nios2eds/bin/gnu/h-i686-mingw32/bin/../lib/gcc/nios2-elf/4.1.2/../../../../nios2-elf/lib\libc.a(lib_a-wsetup.o)
                0x0320ba2c                __swsetup_r
 .text          0x0320bb68       0x70 c:/altera/10.1/nios2eds/bin/gnu/h-i686-mingw32/bin/../lib/gcc/nios2-elf/4.1.2/../../../../nios2-elf/lib\libc.a(lib_a-closer.o)
                0x0320bb68                _close_r
 .text          0x0320bbd8     0x17cc c:/altera/10.1/nios2eds/bin/gnu/h-i686-mingw32/bin/../lib/gcc/nios2-elf/4.1.2/../../../../nios2-elf/lib\libc.a(lib_a-dtoa.o)
                0x0320bdf0                _dtoa_r
 .text          0x0320d3a4       0xa0 c:/altera/10.1/nios2eds/bin/gnu/h-i686-mingw32/bin/../lib/gcc/nios2-elf/4.1.2/../../../../nios2-elf/lib\libc.a(lib_a-flags.o)
                0x0320d3a4                __sflags
 .text          0x0320d444       0xbc c:/altera/10.1/nios2eds/bin/gnu/h-i686-mingw32/bin/../lib/gcc/nios2-elf/4.1.2/../../../../nios2-elf/lib\libc.a(lib_a-fputc.o)
                0x0320d444                fputc
                0x0320d4a8                _fputc_r
 .text          0x0320d500      0x23c c:/altera/10.1/nios2eds/bin/gnu/h-i686-mingw32/bin/../lib/gcc/nios2-elf/4.1.2/../../../../nios2-elf/lib\libc.a(lib_a-fread.o)
                0x0320d500                _fread_r
                0x0320d6fc                fread
 .text          0x0320d73c       0x70 c:/altera/10.1/nios2eds/bin/gnu/h-i686-mingw32/bin/../lib/gcc/nios2-elf/4.1.2/../../../../nios2-elf/lib\libc.a(lib_a-isattyr.o)
                0x0320d73c                _isatty_r
 .text          0x0320d7ac       0x2c c:/altera/10.1/nios2eds/bin/gnu/h-i686-mingw32/bin/../lib/gcc/nios2-elf/4.1.2/../../../../nios2-elf/lib\libc.a(lib_a-iswspace.o)
                0x0320d7ac                iswspace
 .text          0x0320d7d8       0xc4 c:/altera/10.1/nios2eds/bin/gnu/h-i686-mingw32/bin/../lib/gcc/nios2-elf/4.1.2/../../../../nios2-elf/lib\libc.a(lib_a-locale.o)
                0x0320d7d8                __locale_charset
                0x0320d7e0                _localeconv_r
                0x0320d7ec                localeconv
                0x0320d7fc                _setlocale_r
                0x0320d880                setlocale
 .text          0x0320d89c       0x78 c:/altera/10.1/nios2eds/bin/gnu/h-i686-mingw32/bin/../lib/gcc/nios2-elf/4.1.2/../../../../nios2-elf/lib\libc.a(lib_a-lseekr.o)
                0x0320d89c                _lseek_r
 .text          0x0320d914       0xc0 c:/altera/10.1/nios2eds/bin/gnu/h-i686-mingw32/bin/../lib/gcc/nios2-elf/4.1.2/../../../../nios2-elf/lib\libc.a(lib_a-mbrtowc.o)
                0x0320d914                _mbrtowc_r
                0x0320d994                mbrtowc
 .text          0x0320d9d4       0x40 c:/altera/10.1/nios2eds/bin/gnu/h-i686-mingw32/bin/../lib/gcc/nios2-elf/4.1.2/../../../../nios2-elf/lib\libc.a(lib_a-mbtowc_r.o)
                0x0320d9d4                _mbtowc_r
 .text          0x0320da14      0xff4 c:/altera/10.1/nios2eds/bin/gnu/h-i686-mingw32/bin/../lib/gcc/nios2-elf/4.1.2/../../../../nios2-elf/lib\libc.a(lib_a-mprec.o)
                0x0320da14                _Bfree
                0x0320da3c                __hi0bits
                0x0320daac                __lo0bits
                0x0320db70                __mcmp
                0x0320dbd0                __ulp
                0x0320dc50                __b2d
                0x0320dd70                __ratio
                0x0320de20                _mprec_log10
                0x0320deb4                __copybits
                0x0320df0c                __any_on
                0x0320df94                _Balloc
                0x0320e050                __d2b
                0x0320e1cc                __mdiff
                0x0320e358                __lshift
                0x0320e4a4                __multiply
                0x0320e68c                __i2b
                0x0320e6c8                __multadd
                0x0320e7c8                __pow5mult
                0x0320e8e8                __s2b
 .text          0x0320ea08       0x78 c:/altera/10.1/nios2eds/bin/gnu/h-i686-mingw32/bin/../lib/gcc/nios2-elf/4.1.2/../../../../nios2-elf/lib\libc.a(lib_a-readr.o)
                0x0320ea08                _read_r
 .text          0x0320ea80       0x40 c:/altera/10.1/nios2eds/bin/gnu/h-i686-mingw32/bin/../lib/gcc/nios2-elf/4.1.2/../../../../nios2-elf/lib\libc.a(lib_a-s_isinfd.o)
                0x0320ea80                __isinfd
 .text          0x0320eac0       0x30 c:/altera/10.1/nios2eds/bin/gnu/h-i686-mingw32/bin/../lib/gcc/nios2-elf/4.1.2/../../../../nios2-elf/lib\libc.a(lib_a-s_isnand.o)
                0x0320eac0                __isnand
 .text          0x0320eaf0       0xc0 c:/altera/10.1/nios2eds/bin/gnu/h-i686-mingw32/bin/../lib/gcc/nios2-elf/4.1.2/../../../../nios2-elf/lib\libc.a(lib_a-sccl.o)
                0x0320eaf0                __sccl
 .text          0x0320ebb0        0x8 c:/altera/10.1/nios2eds/bin/gnu/h-i686-mingw32/bin/../lib/gcc/nios2-elf/4.1.2/../../../../nios2-elf/lib\libc.a(lib_a-sf_nan.o)
                0x0320ebb0                nanf
 .text          0x0320ebb8       0xbc c:/altera/10.1/nios2eds/bin/gnu/h-i686-mingw32/bin/../lib/gcc/nios2-elf/4.1.2/../../../../nios2-elf/lib\libc.a(lib_a-strcmp.o)
                0x0320ebb8                strcmp
 .text          0x0320ec74     0x166c c:/altera/10.1/nios2eds/bin/gnu/h-i686-mingw32/bin/../lib/gcc/nios2-elf/4.1.2/../../../../nios2-elf/lib\libc.a(lib_a-strtod.o)
                0x0320ecbc                _strtod_r
                0x032101a0                strtof
                0x032102c4                strtod
 .text          0x032102e0      0x268 c:/altera/10.1/nios2eds/bin/gnu/h-i686-mingw32/bin/../lib/gcc/nios2-elf/4.1.2/../../../../nios2-elf/lib\libc.a(lib_a-strtol.o)
                0x032102e0                _strtol_r
                0x03210524                strtol
 .text          0x03210548      0x318 c:/altera/10.1/nios2eds/bin/gnu/h-i686-mingw32/bin/../lib/gcc/nios2-elf/4.1.2/../../../../nios2-elf/lib\libc.a(lib_a-strtoll_r.o)
                0x03210548                _strtoll_r
 .text          0x03210860      0x254 c:/altera/10.1/nios2eds/bin/gnu/h-i686-mingw32/bin/../lib/gcc/nios2-elf/4.1.2/../../../../nios2-elf/lib\libc.a(lib_a-strtoul.o)
                0x03210860                _strtoul_r
                0x03210a90                strtoul
 .text          0x03210ab4      0x2f0 c:/altera/10.1/nios2eds/bin/gnu/h-i686-mingw32/bin/../lib/gcc/nios2-elf/4.1.2/../../../../nios2-elf/lib\libc.a(lib_a-strtoull_r.o)
                0x03210ab4                _strtoull_r
 .text          0x03210da4      0x294 c:/altera/10.1/nios2eds/bin/gnu/h-i686-mingw32/bin/../lib/gcc/nios2-elf/4.1.2/../../../../nios2-elf/lib\libc.a(lib_a-ungetc.o)
                0x03210da4                __submore
                0x03210e80                _ungetc_r
                0x0321101c                ungetc
 .text          0x03211038       0xb4 c:/altera/10.1/nios2eds/bin/gnu/h-i686-mingw32/bin/../lib/gcc/nios2-elf/4.1.2/../../../../nios2-elf/lib\libc.a(lib_a-callocr.o)
                0x03211038                _calloc_r
 .text          0x032110ec      0x8f4 c:/altera/10.1/nios2eds/bin/gnu/h-i686-mingw32/bin/../lib/gcc/nios2-elf/4.1.2/../../../../nios2-elf/lib\libc.a(lib_a-gdtoa-gethex.o)
                0x03211110                __hexdig_init
                0x03211228                __gethex
 .text          0x032119e0      0x294 c:/altera/10.1/nios2eds/bin/gnu/h-i686-mingw32/bin/../lib/gcc/nios2-elf/4.1.2/../../../../nios2-elf/lib\libc.a(lib_a-gdtoa-hexnan.o)
                0x03211a2c                __hexnan
 .text          0x03211c74       0x98 c:/altera/10.1/nios2eds/bin/gnu/h-i686-mingw32/bin/../lib/gcc/nios2-elf/4.1.2\libgcc.a(_muldi3.o)
                0x03211c74                __muldi3
 .text          0x03211d0c       0xa4 c:/altera/10.1/nios2eds/bin/gnu/h-i686-mingw32/bin/../lib/gcc/nios2-elf/4.1.2\libgcc.a(_fixunsdfsi.o)
                0x03211d0c                __fixunsdfsi
 .text          0x03211db0      0x5dc c:/altera/10.1/nios2eds/bin/gnu/h-i686-mingw32/bin/../lib/gcc/nios2-elf/4.1.2\libgcc.a(_udivdi3.o)
                0x03211db0                __udivdi3
 .text          0x0321238c      0x5b0 c:/altera/10.1/nios2eds/bin/gnu/h-i686-mingw32/bin/../lib/gcc/nios2-elf/4.1.2\libgcc.a(_umoddi3.o)
                0x0321238c                __umoddi3
 .text          0x0321293c       0x78 c:/altera/10.1/nios2eds/bin/gnu/h-i686-mingw32/bin/../lib/gcc/nios2-elf/4.1.2\libgcc.a(_ne_sf.o)
                0x0321293c                __nesf2
 .text          0x032129b4       0x78 c:/altera/10.1/nios2eds/bin/gnu/h-i686-mingw32/bin/../lib/gcc/nios2-elf/4.1.2\libgcc.a(_gt_sf.o)
                0x032129b4                __gtsf2
 .text          0x03212a2c       0x78 c:/altera/10.1/nios2eds/bin/gnu/h-i686-mingw32/bin/../lib/gcc/nios2-elf/4.1.2\libgcc.a(_lt_sf.o)
                0x03212a2c                __ltsf2
 .text          0x03212aa4      0x504 c:/altera/10.1/nios2eds/bin/gnu/h-i686-mingw32/bin/../lib/gcc/nios2-elf/4.1.2\libgcc.a(_addsub_df.o)
                0x03212eb4                __subdf3
                0x03212f34                __adddf3
 .text          0x03212fa8      0x3c4 c:/altera/10.1/nios2eds/bin/gnu/h-i686-mingw32/bin/../lib/gcc/nios2-elf/4.1.2\libgcc.a(_mul_df.o)
                0x03212fa8                __muldf3
 .text          0x0321336c      0x258 c:/altera/10.1/nios2eds/bin/gnu/h-i686-mingw32/bin/../lib/gcc/nios2-elf/4.1.2\libgcc.a(_div_df.o)
                0x0321336c                __divdf3
 .text          0x032135c4       0x88 c:/altera/10.1/nios2eds/bin/gnu/h-i686-mingw32/bin/../lib/gcc/nios2-elf/4.1.2\libgcc.a(_eq_df.o)
                0x032135c4                __eqdf2
 .text          0x0321364c       0x88 c:/altera/10.1/nios2eds/bin/gnu/h-i686-mingw32/bin/../lib/gcc/nios2-elf/4.1.2\libgcc.a(_ne_df.o)
                0x0321364c                __nedf2
 .text          0x032136d4       0x88 c:/altera/10.1/nios2eds/bin/gnu/h-i686-mingw32/bin/../lib/gcc/nios2-elf/4.1.2\libgcc.a(_gt_df.o)
                0x032136d4                __gtdf2
 .text          0x0321375c       0x88 c:/altera/10.1/nios2eds/bin/gnu/h-i686-mingw32/bin/../lib/gcc/nios2-elf/4.1.2\libgcc.a(_ge_df.o)
                0x0321375c                __gedf2
 .text          0x032137e4       0x88 c:/altera/10.1/nios2eds/bin/gnu/h-i686-mingw32/bin/../lib/gcc/nios2-elf/4.1.2\libgcc.a(_lt_df.o)
                0x032137e4                __ltdf2
 .text          0x0321386c       0x88 c:/altera/10.1/nios2eds/bin/gnu/h-i686-mingw32/bin/../lib/gcc/nios2-elf/4.1.2\libgcc.a(_le_df.o)
                0x0321386c                __ledf2
 .text          0x032138f4       0xf8 c:/altera/10.1/nios2eds/bin/gnu/h-i686-mingw32/bin/../lib/gcc/nios2-elf/4.1.2\libgcc.a(_si_to_df.o)
                0x032138f4                __floatsidf
 .text          0x032139ec       0xd8 c:/altera/10.1/nios2eds/bin/gnu/h-i686-mingw32/bin/../lib/gcc/nios2-elf/4.1.2\libgcc.a(_df_to_si.o)
                0x032139ec                __fixdfsi
 .text          0x03213ac4       0x74 c:/altera/10.1/nios2eds/bin/gnu/h-i686-mingw32/bin/../lib/gcc/nios2-elf/4.1.2\libgcc.a(_df_to_sf.o)
                0x03213ac4                __truncdfsf2
 .text          0x03213b38        0x0 c:/altera/10.1/nios2eds/bin/gnu/h-i686-mingw32/bin/../lib/gcc/nios2-elf/4.1.2\libgcc.a(_thenan_df.o)
 .text          0x03213b38      0x194 c:/altera/10.1/nios2eds/bin/gnu/h-i686-mingw32/bin/../lib/gcc/nios2-elf/4.1.2\libgcc.a(_usi_to_df.o)
                0x03213b38                __floatunsidf
 .text          0x03213ccc        0x0 c:/altera/10.1/nios2eds/bin/gnu/h-i686-mingw32/bin/../lib/gcc/nios2-elf/4.1.2\libgcc.a(_clz.o)
 .text          0x03213ccc       0x80 c:/altera/10.1/nios2eds/bin/gnu/h-i686-mingw32/bin/../lib/gcc/nios2-elf/4.1.2\libgcc.a(_clzsi2.o)
                0x03213ccc                __clzsi2
 .text          0x03213d4c       0xc8 c:/altera/10.1/nios2eds/bin/gnu/h-i686-mingw32/bin/../lib/gcc/nios2-elf/4.1.2\libgcc.a(_unpack_sf.o)
                0x03213d4c                __unpack_f
 .text          0x03213e14       0xa8 c:/altera/10.1/nios2eds/bin/gnu/h-i686-mingw32/bin/../lib/gcc/nios2-elf/4.1.2\libgcc.a(_fpcmp_parts_sf.o)
                0x03213e14                __fpcmp_parts_f
 .text          0x03213ebc       0x2c c:/altera/10.1/nios2eds/bin/gnu/h-i686-mingw32/bin/../lib/gcc/nios2-elf/4.1.2\libgcc.a(_make_sf.o)
                0x03213ebc                __make_fp
 .text          0x03213ee8      0x314 c:/altera/10.1/nios2eds/bin/gnu/h-i686-mingw32/bin/../lib/gcc/nios2-elf/4.1.2\libgcc.a(_pack_df.o)
                0x03213ee8                __pack_d
 .text          0x032141fc      0x138 c:/altera/10.1/nios2eds/bin/gnu/h-i686-mingw32/bin/../lib/gcc/nios2-elf/4.1.2\libgcc.a(_unpack_df.o)
                0x032141fc                __unpack_d
 .text          0x03214334       0xc8 c:/altera/10.1/nios2eds/bin/gnu/h-i686-mingw32/bin/../lib/gcc/nios2-elf/4.1.2\libgcc.a(_fpcmp_parts_df.o)
                0x03214334                __fpcmp_parts_d
 .text          0x032143fc      0x160 c:/altera/10.1/nios2eds/bin/gnu/h-i686-mingw32/bin/../lib/gcc/nios2-elf/4.1.2\libgcc.a(_pack_sf.o)
                0x032143fc                __pack_f
 .text          0x0321455c       0xd0 ../SocketServer_bsp\libucosii_bsp.a(alt_flash_dev.o)
                0x0321455c                alt_flash_open_dev
                0x032145d8                alt_flash_close_dev
 .text          0x0321462c      0x134 ../SocketServer_bsp\libucosii_bsp.a(alt_fstat.o)
                0x0321462c                fstat
 .text          0x03214760      0x120 ../SocketServer_bsp\libucosii_bsp.a(alt_isatty.o)
                0x03214760                isatty
 .text          0x03214880       0xec ../SocketServer_bsp\libucosii_bsp.a(alt_load.o)
                0x03214880                alt_load
 .text          0x0321496c      0x150 ../SocketServer_bsp\libucosii_bsp.a(alt_lseek.o)
                0x0321496c                lseek
 .text          0x03214abc       0xc8 ../SocketServer_bsp\libucosii_bsp.a(alt_main.o)
                0x03214abc                alt_main
 .text          0x03214b84      0x2c4 ../SocketServer_bsp\libucosii_bsp.a(alt_open.o)
                0x03214c60                open
 .text          0x03214e48       0x60 ../SocketServer_bsp\libucosii_bsp.a(alt_release_fd.o)
                0x03214e48                alt_release_fd
 .text          0x03214ea8       0xbc ../SocketServer_bsp\libucosii_bsp.a(alt_sbrk.o)
                0x03214ea8                sbrk
 .text          0x03214f64      0x108 ../SocketServer_bsp\libucosii_bsp.a(alt_env_lock.o)
                0x03214f64                __env_lock
                0x03215010                __env_unlock
 .text          0x0321506c      0x1d8 ../SocketServer_bsp\libucosii_bsp.a(alt_malloc_lock.o)
                0x0321506c                __malloc_lock
                0x03215174                __malloc_unlock
 .text          0x03215244     0x2128 ../SocketServer_bsp\libucosii_bsp.a(os_core.o)
                0x03215244                OSEventNameGet
                0x03215374                OSEventNameSet
                0x032154b8                OSEventPendMulti
                0x03215b6c                OSInit
                0x03215bc0                OSIntEnter
                0x03215c3c                OSIntExit
                0x03215d3c                OSSchedLock
                0x03215dc8                OSSchedUnlock
                0x03215eac                OSStart
                0x03215f1c                OSStatInit
                0x03215fc8                OSTimeTick
                0x03216208                OSVersion
                0x03216228                OS_Dummy
                0x03216244                OS_EventTaskRdy
                0x032163d8                OS_EventTaskWait
                0x032164e8                OS_EventTaskWaitMulti
                0x0321663c                OS_EventTaskRemove
                0x032166f4                OS_EventTaskRemoveMulti
                0x032167f8                OS_EventWaitListInit
                0x03216bc4                OS_MemClr
                0x03216c18                OS_MemCopy
                0x03216c84                OS_Sched
                0x03216dc8                OS_StrCopy
                0x03216e48                OS_StrLen
                0x03216ea0                OS_TaskIdle
                0x03216efc                OS_TaskStat
                0x03216fc4                OS_TaskStatStkChk
                0x0321708c                OS_TCBInit
 .text          0x0321736c      0x18c ../SocketServer_bsp\libucosii_bsp.a(os_dbg.o)
                0x0321736c                OSDebugInit
 .text          0x032174f8     0x193c ../SocketServer_bsp\libucosii_bsp.a(os_flag.o)
                0x032174f8                OSFlagAccept
                0x0321782c                OSFlagCreate
                0x03217968                OSFlagDel
                0x03217c10                OSFlagNameGet
                0x03217d54                OSFlagNameSet
                0x03217ea8                OSFlagPend
                0x032184ec                OSFlagPendGetFlagsRdy
                0x03218554                OSFlagPost
                0x032188fc                OSFlagQuery
                0x03218b94                OS_FlagInit
                0x03218d88                OS_FlagUnlink
 .text          0x03218e34      0x808 ../SocketServer_bsp\libucosii_bsp.a(os_mem.o)
                0x03218e34                OSMemCreate
                0x03219050                OSMemGet
                0x03219154                OSMemNameGet
                0x03219260                OSMemNameSet
                0x03219380                OSMemPut
                0x03219470                OSMemQuery
                0x0321956c                OS_MemInit
 .text          0x0321963c     0x1334 ../SocketServer_bsp\libucosii_bsp.a(os_q.o)
                0x0321963c                OSQAccept
                0x03219790                OSQCreate
                0x032199a4                OSQDel
                0x03219ca4                OSQFlush
                0x03219d6c                OSQPend
                0x0321a08c                OSQPendAbort
                0x0321a208                OSQPost
                0x0321a388                OSQPostFront
                0x0321a510                OSQPostOpt
                0x0321a744                OSQQuery
                0x0321a8c4                OS_QInit
 .text          0x0321a970      0xbc8 ../SocketServer_bsp\libucosii_bsp.a(os_sem.o)
                0x0321a970                OSSemAccept
                0x0321aa30                OSSemCreate
                0x0321ab44                OSSemDel
                0x0321ade4                OSSemPend
                0x0321b060                OSSemPendAbort
                0x0321b1dc                OSSemPost
                0x0321b304                OSSemQuery
                0x0321b434                OSSemSet
 .text          0x0321b538     0x1a40 ../SocketServer_bsp\libucosii_bsp.a(os_task.o)
                0x0321b538                OSTaskChangePrio
                0x0321baac                OSTaskCreate
                0x0321bc80                OSTaskCreateExt
                0x0321be80                OSTaskDel
                0x0321c28c                OSTaskDelReq
                0x0321c3fc                OSTaskNameGet
                0x0321c5b4                OSTaskNameSet
                0x0321c778                OSTaskResume
                0x0321c990                OSTaskStkChk
                0x0321cb8c                OSTaskSuspend
                0x0321cdb8                OSTaskQuery
                0x0321cefc                OS_TaskStkClr
 .text          0x0321cf78      0x598 ../SocketServer_bsp\libucosii_bsp.a(os_time.o)
                0x0321cf78                OSTimeDly
                0x0321d0c4                OSTimeDlyHMSM
                0x0321d238                OSTimeDlyResume
                0x0321d448                OSTimeGet
                0x0321d4ac                OSTimeSet
 .text          0x0321d510      0x13c ../SocketServer_bsp\libucosii_bsp.a(alt_sys_init.o)
                0x0321d510                alt_irq_init
                0x0321d544                alt_sys_init
 .text          0x0321d64c      0x8c8 ../SocketServer_bsp\libucosii_bsp.a(altera_avalon_cfi_flash.o)
                0x0321d64c                alt_flash_cfi_init
                0x0321d720                alt_flash_cfi_write
                0x0321d9e0                alt_flash_cfi_get_info
                0x0321da70                alt_flash_cfi_read
                0x0321dad8                alt_write_value_to_flash
                0x0321dc3c                alt_flash_program_block
 .text          0x0321df14     0x1448 ../SocketServer_bsp\libucosii_bsp.a(altera_avalon_cfi_flash_table.o)
                0x0321df14                alt_read_query_entry_8bit
                0x0321df54                alt_read_query_entry_16bit
                0x0321df98                alt_read_query_entry_32bit
                0x0321dfe0                alt_write_flash_command_8bit_device_8bit_mode
                0x0321e01c                alt_write_flash_command_16bit_device_8bit_mode
                0x0321e098                alt_write_flash_command_32bit_device_8bit_mode
                0x0321e0e0                alt_write_flash_command_16bit_device_16bit_mode
                0x0321e124                alt_write_flash_command_32bit_device_16bit_mode
                0x0321e16c                alt_write_flash_command_32bit_device_32bit_mode
                0x0321e1b4                alt_write_native_8bit
                0x0321e1e8                alt_write_native_16bit
                0x0321e21c                alt_write_native_32bit
                0x0321e24c                alt_set_flash_width_func
                0x0321e42c                alt_set_flash_algorithm_func
                0x0321e554                alt_read_cfi_table
                0x0321ead4                alt_read_cfi_width
                0x0321f280                alt_check_primary_table
 .text          0x0321f35c      0x148 ../SocketServer_bsp\libucosii_bsp.a(altera_avalon_jtag_uart_fd.o)
                0x0321f35c                altera_avalon_jtag_uart_read_fd
                0x0321f3b4                altera_avalon_jtag_uart_write_fd
                0x0321f40c                altera_avalon_jtag_uart_close_fd
                0x0321f454                altera_avalon_jtag_uart_ioctl_fd
 .text          0x0321f4a4      0x580 ../SocketServer_bsp\libucosii_bsp.a(altera_avalon_jtag_uart_init.o)
                0x0321f4a4                altera_avalon_jtag_uart_init
                0x0321f9b0                altera_avalon_jtag_uart_close
 .text          0x0321fa24       0xf4 ../SocketServer_bsp\libucosii_bsp.a(altera_avalon_jtag_uart_ioctl.o)
                0x0321fa24                altera_avalon_jtag_uart_ioctl
 .text          0x0321fb18      0x2c0 ../SocketServer_bsp\libucosii_bsp.a(altera_avalon_jtag_uart_read.o)
                0x0321fb18                altera_avalon_jtag_uart_read
 .text          0x0321fdd8      0x2dc ../SocketServer_bsp\libucosii_bsp.a(altera_avalon_jtag_uart_write.o)
                0x0321fdd8                altera_avalon_jtag_uart_write
 .text          0x032200b4      0xf3c ../SocketServer_bsp\libucosii_bsp.a(altera_avalon_lcd_16207.o)
                0x03220888                altera_avalon_lcd_16207_write
                0x03220e8c                altera_avalon_lcd_16207_init
 .text          0x03220ff0       0x58 ../SocketServer_bsp\libucosii_bsp.a(altera_avalon_lcd_16207_fd.o)
                0x03220ff0                altera_avalon_lcd_16207_write_fd
 .text          0x03221048       0xfc ../SocketServer_bsp\libucosii_bsp.a(altera_avalon_timer_sc.o)
                0x032210bc                alt_avalon_timer_sc_init
 .text          0x03221144      0x3b8 ../SocketServer_bsp\libucosii_bsp.a(avalon_locator.o)
                0x03221144                locator_init
                0x03221184                get_current_corners
                0x03221348                set_search_window
                0x0322144c                get_search_window
 .text          0x032214fc     0x12e0 ../SocketServer_bsp\libucosii_bsp.a(ins_eth_ocm.o)
                0x032214fc                eth_ocm_prep
                0x032216b8                eth_ocm_init
                0x03222588                eth_ocm_stats
                0x032226f4                eth_ocm_close
 .text          0x032227dc       0x54 ../SocketServer_bsp\libucosii_bsp.a(alt_iniche_close.o)
                0x032227dc                close
 .text          0x03222830      0x144 ../SocketServer_bsp\libucosii_bsp.a(alt_iniche_dev.o)
                0x03222830                iniche_devices_init
 .text          0x03222974       0x78 ../SocketServer_bsp\libucosii_bsp.a(alt_iniche_read.o)
                0x03222974                read
 .text          0x032229ec       0x70 ../SocketServer_bsp\libucosii_bsp.a(alt_iniche_write.o)
                0x032229ec                write
 .text          0x03222a5c      0xedc ../SocketServer_bsp\libucosii_bsp.a(ipnet.o)
                0x03222a5c                Netinit
                0x032230a8                fixup_subnet_mask
                0x03223208                netclose
                0x032232f0                pktdemux
                0x032236c4                c_older
                0x03223794                ip2mac
 .text          0x03223938      0x4b0 ../SocketServer_bsp\libucosii_bsp.a(ipstart.o)
                0x03223938                ip_startup
                0x03223c1c                exit_hook
                0x03223c88                ip_exit
                0x03223d58                if_netnumber
 .text          0x03223de8     0x1010 ../SocketServer_bsp\libucosii_bsp.a(igmp_cmn.o)
                0x03223de8                igmp_init
                0x03223e98                igmp_input
                0x03223f90                igmp_fasttimo
                0x0322412c                igmp_send
                0x032243d4                igmp_joingroup
                0x03224640                igmp_leavegroup
                0x032246bc                igmp_validate
                0x03224a18                igmp_print_stats
 .text          0x03224df8      0xb50 ../SocketServer_bsp\libucosii_bsp.a(bsdsock.o)
                0x03224df8                bsd_accept
                0x03224f30                bsd_getpeername
                0x0322505c                bsd_getsockname
                0x03225188                bsd_i_sockoptlen
                0x03225340                bsd_getsockopt
                0x03225460                bsd_ioctl
                0x03225564                bsd_inet_ntoa
                0x03225594                bsd_recvfrom
                0x032256f4                bsd_select
                0x0322585c                bsd_setsockopt
 .text          0x03225948      0x118 ../SocketServer_bsp\libucosii_bsp.a(cksum.o)
                0x03225948                ccksum
                0x032259f8                cksum
 .text          0x03225a60      0xa9c ../SocketServer_bsp\libucosii_bsp.a(in_utils.o)
                0x03225a60                do_trap
                0x03225a8c                nextarg
                0x03225b08                hexdump
                0x03225c50                print_ipad
                0x03225cc4                print_uptime
                0x03225df0                panic
                0x03225e34                print_eth
                0x03225f98                uslash
                0x03226018                ns_printf
                0x0322619c                std_out
                0x032261e0                con_page
                0x032262d0                parse_args
 .text          0x032264fc      0x1c8 ../SocketServer_bsp\libucosii_bsp.a(netmain.o)
                0x032264fc                netmain
                0x032265f0                tk_netmain
                0x03226678                tk_nettick
 .text          0x032266c4      0x5e8 ../SocketServer_bsp\libucosii_bsp.a(tk_crnos.o)
                0x032266c4                TK_OSTimeDly
                0x032266f0                TK_OSTaskResume
                0x03226760                tcp_sleep
                0x03226900                tcp_wakeup
                0x03226a04                TK_OSTaskQuery
                0x03226a78                tk_yield
                0x03226aa4                tk_stats
 .text          0x03226cac     0x2f40 ../SocketServer_bsp\libucosii_bsp.a(dhcpclnt.o)
                0x03226cac                dhc_get_srv_ipaddr
                0x03226d3c                dhc_init
                0x03226df8                dhc_set_callback
                0x03226e3c                dhc_upcall
                0x0322766c                dhc_buildheader
                0x03227888                dhc_discover
                0x03227da0                dhc_rx_offer
                0x03227ea4                dhc_request
                0x032289e0                dhc_setip
                0x03228c60                dhc_resetip
                0x03228d44                dhc_decline
                0x03228f28                dhc_extract_opts
                0x032291e4                dhc_second
                0x03229780                dhc_halt
                0x03229808                dhc_reclaim
                0x032299d8                dhc_state_init
                0x03229a38                dhc_alldone
                0x03229ac8                dhc_ifacedone
                0x03229b3c                dhc_set_state
 .text          0x03229bec       0xcc ../SocketServer_bsp\libucosii_bsp.a(dhcputil.o)
                0x03229bec                find_opt
 .text          0x03229cb8      0x79c ../SocketServer_bsp\libucosii_bsp.a(pktalloc.o)
                0x03229cb8                pk_init
                0x03229f48                pk_alloc
                0x0322a024                pk_validate
                0x0322a2dc                pk_free
                0x0322a388                pk_get_max_intrsafe_buf_len
                0x0322a3a8                dump_buf_estats
 .text          0x0322a454      0x288 ../SocketServer_bsp\libucosii_bsp.a(q.o)
                0x0322a454                getq
                0x0322a51c                putq
                0x0322a5cc                qdel
 .text          0x0322a6dc      0x31c ../SocketServer_bsp\libucosii_bsp.a(udp_open.o)
                0x0322a6dc                udp_open
                0x0322a914                udp_close
 .text          0x0322a9f8      0x194 ../SocketServer_bsp\libucosii_bsp.a(asm_cksum.o)
                0x0322a9f8                asm_cksum
 .text          0x0322ab8c      0x2a0 ../SocketServer_bsp\libucosii_bsp.a(brdutils.o)
                0x0322ab8c                dtrap
                0x0322abbc                kbhit
                0x0322ac68                getch
                0x0322acc8                clock_init
                0x0322ad04                clock_c
                0x0322ad20                cticks_hook
                0x0322ad8c                irq_Mask
                0x0322ade8                irq_Unmask
 .text          0x0322ae2c      0x488 ../SocketServer_bsp\libucosii_bsp.a(osportco.o)
                0x0322ae2c                LOCK_NET_RESOURCE
                0x0322aeec                UNLOCK_NET_RESOURCE
                0x0322af74                TK_NEWTASK
                0x0322b188                wait_app_sem
                0x0322b23c                post_app_sem
 .text          0x0322b2b4      0x568 ../SocketServer_bsp\libucosii_bsp.a(targnios.o)
                0x0322b2b4                alt_iniche_init
                0x0322b4d0                pre_task_setup
                0x0322b544                post_task_setup
                0x0322b564                prep_armintcp
                0x0322b59c                calloc2
                0x0322b5d0                npalloc
                0x0322b6c4                npfree
                0x0322b77c                ncpalloc
                0x0322b7d0                ncpfree
 .text          0x0322b81c     0x197c ../SocketServer_bsp\libucosii_bsp.a(nptcp.o)
                0x0322b81c                pffindtype
                0x0322b8bc                pffindproto
                0x0322b98c                m_getnbuf
                0x0322bb34                m_free
                0x0322bc68                m_freem
                0x0322bcac                m_copy
                0x0322bfd0                m_adj
                0x0322c1a0                mbuf_len
                0x0322c1f8                dtom
                0x0322c2a0                remque
                0x0322c310                insque
                0x0322c38c                nptcp_init
                0x0322c4b0                tcp_rcv
                0x0322c69c                ip_output
                0x0322cc94                in_broadcast
                0x0322ccd4                np_stripoptions
                0x0322cdbc                so_icmpdu
                0x0322d114                tcp_tick
 .text          0x0322d198      0xa2c ../SocketServer_bsp\libucosii_bsp.a(rawsock.o)
                0x0322d198                rawip_lookup
                0x0322d208                rawip_soinput
                0x0322d3dc                rawip_usrreq
 .text          0x0322dbc4     0x17fc ../SocketServer_bsp\libucosii_bsp.a(sockcall.o)
                0x0322dbc4                DOMAIN_CHECK
                0x0322dc10                t_socket
                0x0322dca0                t_bind
                0x0322de1c                t_listen
                0x0322df00                t_accept
                0x0322e198                t_connect
                0x0322e440                t_getpeername
                0x0322e484                t_getsockname
                0x0322e6c4                t_setsockopt
                0x0322e8a0                t_getsockopt
                0x0322ea44                t_recv
                0x0322eb34                t_recvfrom
                0x0322ec84                t_sendto
                0x0322eeb0                t_send
                0x0322f0d8                t_shutdown
                0x0322f1bc                t_socketclose
                0x0322f324                t_errno
 .text          0x0322f3c0     0x2374 ../SocketServer_bsp\libucosii_bsp.a(socket.o)
                0x0322f3c0                socreate
                0x0322f58c                sobind
                0x0322f5e8                solisten
                0x0322f6d8                sofree
                0x0322f808                soclose
                0x0322fafc                soabort
                0x0322fb4c                soaccept
                0x0322fbe8                soconnect
                0x0322fcbc                sodisconnect
                0x0322fd5c                sosend
                0x03230364                soreceive
                0x03230b48                soshutdown
                0x03230bf0                sorflush
                0x03230cf0                sosetopt
                0x032311b0                sogetopt
                0x032316f0                sohasoutofband
 .text          0x03231734     0x1318 ../SocketServer_bsp\libucosii_bsp.a(socket2.o)
                0x03231734                soisconnecting
                0x032317a0                soisconnected
                0x0323189c                soisdisconnecting
                0x03231928                soisdisconnected
                0x032319e4                sonewconn
                0x03231c00                soqinsque
                0x03231cac                soqremque
                0x03231dcc                socantsendmore
                0x03231e1c                socantrcvmore
                0x03231e6c                sbselqueue
                0x03231ea4                sbwait
                0x03231f0c                sbwakeup
                0x03231fa8                soreserve
                0x03232028                sbreserve
                0x03232088                sbrelease
                0x032320d0                sbappend
                0x03232178                sbappendrecord
                0x03232258                sbappendaddr
                0x03232460                sbcompress
                0x03232648                sbflush
                0x032326d8                sbdrop
                0x032328a8                sbdropend
                0x032329b8                sbdroprecord
 .text          0x03232a4c      0x914 ../SocketServer_bsp\libucosii_bsp.a(soselect.o)
                0x03232a4c                t_select
                0x03232c6c                sock_selscan
                0x03232dc4                sock_select
                0x03232fd8                in_pcbnotify
                0x032330a4                tcp_notify
                0x0323310c                ifd_clr
                0x032331fc                ifd_set
                0x03233270                ifd_isset
                0x032332f0                ifd_get
 .text          0x03233360     0x2fe8 ../SocketServer_bsp\libucosii_bsp.a(tcp_in.o)
                0x03233360                tcp_reass
                0x03233768                tcp_input
                0x03235cbc                tcp_dooptions
                0x03235e4c                tcp_pulloutofband
                0x03235f78                tcp_xmit_timer
                0x032361e4                ip4_tcpmss
                0x0323622c                tcp_mss
 .text          0x03236348     0x1360 ../SocketServer_bsp\libucosii_bsp.a(tcp_out.o)
                0x03236348                tcp_output
                0x032374c4                tcp_setpersist
 .text          0x032376a8      0x9e8 ../SocketServer_bsp\libucosii_bsp.a(tcp_subr.o)
                0x032376a8                tcp_init
                0x03237700                tcp_template
                0x03237818                tcp_respond
                0x03237ca0                tcp_newtcpcb
                0x03237db8                tcp_drop
                0x03237e64                tcp_close
                0x03237f4c                tcp_quench
                0x03237f98                tcp_putseq
                0x03238018                tcp_getseq
 .text          0x03238090      0x798 ../SocketServer_bsp\libucosii_bsp.a(tcp_timr.o)
                0x03238090                tcp_slowtimo
                0x03238330                tcp_canceltimers
                0x0323838c                tcp_timers
 .text          0x03238828      0x9ec ../SocketServer_bsp\libucosii_bsp.a(tcp_usr.o)
                0x03238828                tcp_usrreq
                0x03238f2c                tcp_attach
                0x03239060                tcp_disconnect
                0x03239134                tcp_usrclosed
 .text          0x03239214       0x4c ../SocketServer_bsp\libucosii_bsp.a(tcpport.o)
                0x03239214                tcpinit
 .text          0x03239260      0xd20 ../SocketServer_bsp\libucosii_bsp.a(udpsock.o)
                0x03239260                udp_lookup
                0x032392d0                udp_soinput
                0x03239488                udp_usrreq
                0x0323970c                udp4_sockbind
                0x03239a48                udp4_socksend
                0x03239e24                udp4_sockaddr
 .text          0x03239f80      0x154 ../SocketServer_bsp\libucosii_bsp.a(alt_alarm_start.o)
                0x03239f80                alt_alarm_start
 .text          0x0323a0d4      0x15c ../SocketServer_bsp\libucosii_bsp.a(alt_close.o)
                0x0323a0d4                alt_close
 .text          0x0323a230       0x78 ../SocketServer_bsp\libucosii_bsp.a(alt_dcache_flush.o)
                0x0323a230                alt_dcache_flush
 .text          0x0323a2a8       0x44 ../SocketServer_bsp\libucosii_bsp.a(alt_dcache_flush_all.o)
                0x0323a2a8                alt_dcache_flush_all
 .text          0x0323a2ec       0x2c ../SocketServer_bsp\libucosii_bsp.a(alt_dev.o)
 .text          0x0323a318      0x114 ../SocketServer_bsp\libucosii_bsp.a(alt_dev_llist_insert.o)
                0x0323a318                alt_dev_llist_insert
 .text          0x0323a42c       0x64 ../SocketServer_bsp\libucosii_bsp.a(alt_do_ctors.o)
                0x0323a42c                _do_ctors
 .text          0x0323a490       0x64 ../SocketServer_bsp\libucosii_bsp.a(alt_do_dtors.o)
                0x0323a490                _do_dtors
 .text          0x0323a4f4        0x0 ../SocketServer_bsp\libucosii_bsp.a(alt_errno.o)
 .text          0x0323a4f4       0x94 ../SocketServer_bsp\libucosii_bsp.a(alt_find_dev.o)
                0x0323a4f4                alt_find_dev
 .text          0x0323a588      0x120 ../SocketServer_bsp\libucosii_bsp.a(alt_find_file.o)
                0x0323a588                alt_find_file
 .text          0x0323a6a8       0xf4 ../SocketServer_bsp\libucosii_bsp.a(alt_get_fd.o)
                0x0323a6a8                alt_get_fd
 .text          0x0323a79c       0x30 ../SocketServer_bsp\libucosii_bsp.a(alt_icache_flush_all.o)
                0x0323a79c                alt_icache_flush_all
 .text          0x0323a7cc      0x13c ../SocketServer_bsp\libucosii_bsp.a(alt_io_redirect.o)
                0x0323a890                alt_io_redirect
 .text          0x0323a908      0x1c0 ../SocketServer_bsp\libucosii_bsp.a(alt_irq_register.o)
                0x0323a908                alt_irq_register
 .text          0x0323aac8        0x0 ../SocketServer_bsp\libucosii_bsp.a(alt_irq_vars.o)
 .text          0x0323aac8      0x180 ../SocketServer_bsp\libucosii_bsp.a(alt_read.o)
                0x0323aac8                alt_read
 .text          0x0323ac48       0x38 ../SocketServer_bsp\libucosii_bsp.a(alt_remap_cached.o)
                0x0323ac48                alt_remap_cached
 .text          0x0323ac80       0x40 ../SocketServer_bsp\libucosii_bsp.a(alt_remap_uncached.o)
                0x0323ac80                alt_remap_uncached
 .text          0x0323acc0      0x1a8 ../SocketServer_bsp\libucosii_bsp.a(alt_tick.o)
                0x0323acc0                alt_alarm_stop
                0x0323ad58                alt_tick
 .text          0x0323ae68      0x118 ../SocketServer_bsp\libucosii_bsp.a(alt_usleep.o)
                0x0323ae68                usleep
 .text          0x0323af80      0x180 ../SocketServer_bsp\libucosii_bsp.a(alt_write.o)
                0x0323af80                alt_write
 .text          0x0323b100       0x20 ../SocketServer_bsp\libucosii_bsp.a(altera_nios2_irq.o)
                0x0323b100                altera_nios2_irq_init
 .text          0x0323b120       0xd0 ../SocketServer_bsp\libucosii_bsp.a(os_cpu_a.o)
                0x0323b120                OSCtxSw
                0x0323b120                OSIntCtxSw
                0x0323b1ac                OSStartHighRdy
                0x0323b1cc                OSStartTsk
 .text          0x0323b1f0      0x424 ../SocketServer_bsp\libucosii_bsp.a(os_cpu_c.o)
                0x0323b1f0                OSTaskStkInit
                0x0323b500                OSTaskCreateHook
                0x0323b520                OSTaskDelHook
                0x0323b540                OSTaskSwHook
                0x0323b55c                OSTaskStatHook
                0x0323b578                OSTimeTickHook
                0x0323b5a0                OSInitHookBegin
                0x0323b5bc                OSInitHookEnd
                0x0323b5d8                OSTaskIdleHook
                0x0323b5f4                OSTCBInitHook
 .text          0x0323b614      0x460 ../SocketServer_bsp\libucosii_bsp.a(altera_avalon_cfi_flash_amd.o)
                0x0323b614                alt_program_amd
                0x0323b67c                alt_erase_block_amd
 .text          0x0323ba74      0x460 ../SocketServer_bsp\libucosii_bsp.a(altera_avalon_cfi_flash_intel.o)
                0x0323ba74                alt_program_intel
                0x0323baf8                alt_erase_block_intel
 .text          0x0323bed4      0x544 ../SocketServer_bsp\libucosii_bsp.a(eth_ocm_phy.o)
                0x0323bed4                eth_ocm_set_phy_addr
                0x0323bf44                eth_ocm_write_phy_reg
                0x0323bfb8                eth_ocm_read_phy_reg
                0x0323c028                eth_ocm_phy_add_profile
                0x0323c140                eth_ocm_phy_init
 .text          0x0323c418       0xf8 ../SocketServer_bsp\libucosii_bsp.a(eth_ocm_phy_profiles.o)
                0x0323c4d4                eth_ocm_phy_profiles_init
 .text          0x0323c510      0x3d4 ../SocketServer_bsp\libucosii_bsp.a(allports.o)
                0x0323c510                netmain_init
                0x0323c60c                icmp_port_du
                0x0323c694                station_state
                0x0323c7e0                sysuptime
                0x0323c81c                packet_check
                0x0323c868                mcastlist
                0x0323c88c                prep_modules
 .text          0x0323c8e4      0x480 ../SocketServer_bsp\libucosii_bsp.a(timeouts.o)
                0x0323c8e4                inet_timer
                0x0323cb40                in_timerset
                0x0323ccbc                in_timerkill
 .text          0x0323cd64       0xa4 ../SocketServer_bsp\libucosii_bsp.a(tk_misc.o)
                0x0323cd64                create_apptasks
                0x0323cd88                task_stats
 .text          0x0323ce08       0xb0 ../SocketServer_bsp\libucosii_bsp.a(alt_iniche_fcntl.o)
                0x0323ce08                fcntl
 .text          0x0323ceb8     0x14a0 ../SocketServer_bsp\libucosii_bsp.a(et_arp.o)
                0x0323ceb8                etainit
                0x0323cf0c                et_send
                0x0323d088                arp_free_pending
                0x0323d110                arp_send_pending
                0x0323d184                send_arp
                0x0323d61c                find_oldest_arp
                0x0323d7c4                make_arp_entry
                0x0323d8d8                arpReply
                0x0323db6c                arprcv
                0x0323ddcc                send_via_arp
                0x0323df74                cb_arpent_tmo
                0x0323e08c                grat_arp
 .text          0x0323e358      0x298 ../SocketServer_bsp\libucosii_bsp.a(iface.o)
                0x0323e358                if_getbynum
                0x0323e3dc                isbcast
                0x0323e4bc                reg_type
                0x0323e558                if_killsocks
 .text          0x0323e5f0     0x22a4 ../SocketServer_bsp\libucosii_bsp.a(ip.o)
                0x0323e5f0                ip_init
                0x0323e6ec                ip_bldhead
                0x0323e890                ip_write_internal
                0x0323f010                ip_write
                0x0323f258                ip_write2
                0x0323f608                ip_raw_write
                0x0323f6e0                ip_fragment_lc
                0x0323fb68                ip_fragment
                0x0324018c                ip_mymach
                0x03240238                ip_dump
                0x032404f0                iproute
                0x0324075c                ip_copypkt
 .text          0x03240894     0x1d9c ../SocketServer_bsp\libucosii_bsp.a(ip_reasm.o)
                0x03240894                ip_reasm_match_frag_with_ire
                0x03240964                ip_reasm_determine_type_of_frag
                0x03240a50                ip_reasm_check_mem_useage
                0x03240ae8                ip_reasm_incr_mem_useage
                0x03240b90                ip_reasm_decr_mem_useage
                0x03240c30                ip_reasm_process_first_fragment
                0x03240f10                ip_reassm
                0x03240fb0                ip_reasm_compute_overlap
                0x03241540                ip_reasm_process_subsequent_fragments
                0x03241ad4                ip_reasm_find_ire
                0x03241b38                ip_reasm_copy_queued_fragments_into_reassy_buffer
                0x03241e94                ip_reasm_process_timer_tick
                0x03241f78                ip_reasm_delete_ire
                0x03242140                ip_reasm_mark_compact_rfq
                0x03242288                ipr_stats
                0x032425dc                ip_reasm_send_icmp_timex
 .text          0x03242630      0xe3c ../SocketServer_bsp\libucosii_bsp.a(ipdemux.o)
                0x03242630                ip_rcv
                0x03242a30                ip_rcv_phase2
                0x0324303c                ip_demux
 .text          0x0324346c      0x2f0 ../SocketServer_bsp\libucosii_bsp.a(ipmc.o)
                0x0324346c                in_addmulti
                0x032435d4                in_delmulti
                0x032436ec                lookup_mcast
 .text          0x0324375c       0xe4 ../SocketServer_bsp\libucosii_bsp.a(ipport.o)
                0x0324375c                prep_ifaces
                0x032437f0                netexit
                0x03243818                evtmap_setup
 .text          0x03243840      0x550 ../SocketServer_bsp\libucosii_bsp.a(ipraw.o)
                0x03243840                ip_raw_open
                0x03243930                ip_raw_close
                0x032439f0                ip_raw_input
                0x03243c28                ip_raw_alloc
                0x03243cf4                ip_raw_free
                0x03243d34                ip_raw_maxalloc
 .text          0x03243d90      0x6f0 ../SocketServer_bsp\libucosii_bsp.a(iproute.o)
                0x03243d90                rt_lookup
                0x03243f14                add_route
                0x0324433c                del_route
 .text          0x03244480      0xe3c ../SocketServer_bsp\libucosii_bsp.a(udp.o)
                0x03244480                udpdemux
                0x03244cd8                udp_send
                0x03244f90                udpswap
                0x032450c0                udp_socket
                0x03245190                udp_alloc
                0x03245250                udp_maxalloc
                0x0324527c                udp_free
 .text          0x032452bc      0x2e8 ../SocketServer_bsp\libucosii_bsp.a(igmp.o)
                0x032452bc                igmpv1_input
 .text          0x032455a4      0x7c0 ../SocketServer_bsp\libucosii_bsp.a(igmp2.o)
                0x032455a4                igmpv2_input
                0x03245704                igmpv2_process_report
                0x03245850                igmpv2_process_query
                0x03245a9c                igmpv2_chk_set_timer
                0x03245bf4                igmpv2_chk4_rtr_alert_opt
 .text          0x03245d64      0x8fc ../SocketServer_bsp\libucosii_bsp.a(ipopt.o)
                0x03245d64                IPADDR_TO_NETP
                0x03245eac                ip_setmoptions
                0x0324649c                ip_getmoptions
                0x032465dc                ip_freemoptions
 .text          0x03246660      0x6ac ../SocketServer_bsp\libucosii_bsp.a(u_mctest.o)
                0x03246660                u_mctest_init
                0x03246690                u_mctest_run
 .text          0x03246d0c      0x38c ../SocketServer_bsp\libucosii_bsp.a(dhcsetup.o)
                0x03246d0c                dhc_setup
                0x03246f94                dhc_main_ipset
 .text          0x03247098      0x40c ../SocketServer_bsp\libucosii_bsp.a(memdev.o)
                0x03247098                init_memdev
                0x03247110                md_fopen
                0x03247138                md_fclose
                0x03247158                md_fread
                0x032472d8                md_fwrite
                0x03247358                md_fseek
                0x03247384                md_ftell
                0x032473a8                md_fgetc
                0x03247480                md_unlink
 .text          0x032474a4      0x810 ../SocketServer_bsp\libucosii_bsp.a(parseip.o)
                0x032474a4                parse_ipad
                0x032477c0                inet_addr
                0x03247828                hextoa
                0x03247898                inet_pton
                0x03247944                inet_ntop
                0x032479d0                print46_addr
                0x03247a30                inet46_addr
                0x03247af4                inet_setport
                0x03247b68                convert_ip
 .text          0x03247cb4      0x1cc ../SocketServer_bsp\libucosii_bsp.a(tcpcksum.o)
                0x03247cb4                tcp_cksum
 .text          0x03247e80      0x900 ../SocketServer_bsp\libucosii_bsp.a(in_pcb.o)
                0x03247e80                in_pcballoc
                0x03247f14                in_pcbdetach
                0x03247f68                in_pcbbind
                0x032481bc                in_pcbconnect
                0x032483cc                in_pcbdisconnect
                0x0324842c                in_setsockaddr
                0x032484a8                in_setpeeraddr
                0x03248524                in_pcblookup
 .text          0x03248780     0x1a74 ../SocketServer_bsp\libucosii_bsp.a(vfsfiles.o)
                0x03248780                set_vfopen_error
                0x032487a8                get_vfopen_error
                0x032487c8                vf_alloc_and_link_vop
                0x03248844                vf_alloc_buffer
                0x0324891c                vf_free_buffer
                0x0324896c                vfopen_locked
                0x03248cd4                vfopen
                0x03248d24                vfclose_locked
                0x03248ecc                vfclose
                0x03248f0c                vfflush
                0x03248f54                vfgets
                0x03249038                vfeof
                0x03249090                vunlink_flag_open_files
                0x032490ec                vunlink
                0x0324930c                vfread
                0x032494b8                vfwrite_locked
                0x032498a0                vfwrite
                0x03249900                vfseek
                0x03249a7c                vftell
                0x03249bb0                vgetc_locked
                0x03249cd0                vgetc
                0x03249d18                vfslookup_locked
                0x03249e50                vfslookup
                0x03249e98                strippath
                0x0324a080                isvfile_locked
                0x0324a0e4                isvfile
                0x0324a12c                vferror
                0x0324a198                vclearerr
 .text          0x0324a1f4       0x24 ../SocketServer_bsp\libucosii_bsp.a(vfsport.o)
                0x0324a1f4                prep_vfs
 .text          0x0324a218      0x14c ../SocketServer_bsp\libucosii_bsp.a(alt_busy_sleep.o)
                0x0324a218                alt_busy_sleep
 .text          0x0324a364      0x1b4 ../SocketServer_bsp\libucosii_bsp.a(alt_fcntl.o)
                0x0324a364                alt_fcntl
 .text          0x0324a518       0x90 ../SocketServer_bsp\libucosii_bsp.a(alt_icache_flush.o)
                0x0324a518                alt_icache_flush
 .text          0x0324a5a8        0x0 ../SocketServer_bsp\libucosii_bsp.a(alt_irq_entry.o)
 .text          0x0324a5a8        0x0 ../SocketServer_bsp\libucosii_bsp.a(alt_irq_handler.o)
 .text          0x0324a5a8     0x130c ../SocketServer_bsp\libucosii_bsp.a(icmp.o)
                0x0324a5a8                icmprcv
                0x0324b1dc                icmp_destun
                0x0324b52c                icmp_timex
                0x0324b860                icmp_du
 .text          0x0324b8b4        0x0 ../SocketServer_bsp\libucosii_bsp.a(alt_exception_entry.o)
 .text          0x0324b8b4       0x14 c:/altera/10.1/nios2eds/bin/gnu/h-i686-mingw32/bin/../lib/gcc/nios2-elf/4.1.2/../../../../nios2-elf/lib\libc.a(lib_a-atexit.o)
                0x0324b8b4                atexit
 .text          0x0324b8c8       0x18 c:/altera/10.1/nios2eds/bin/gnu/h-i686-mingw32/bin/../lib/gcc/nios2-elf/4.1.2/../../../../nios2-elf/lib\libc.a(lib_a-atoi.o)
                0x0324b8c8                _atoi_r
                0x0324b8d4                atoi
 .text          0x0324b8e0       0x1c c:/altera/10.1/nios2eds/bin/gnu/h-i686-mingw32/bin/../lib/gcc/nios2-elf/4.1.2/../../../../nios2-elf/lib\libc.a(lib_a-calloc.o)
                0x0324b8e0                calloc
 .text          0x0324b8fc       0x38 c:/altera/10.1/nios2eds/bin/gnu/h-i686-mingw32/bin/../lib/gcc/nios2-elf/4.1.2/../../../../nios2-elf/lib\libc.a(lib_a-exit.o)
                0x0324b8fc                exit
 .text          0x0324b934       0x28 c:/altera/10.1/nios2eds/bin/gnu/h-i686-mingw32/bin/../lib/gcc/nios2-elf/4.1.2/../../../../nios2-elf/lib\libc.a(lib_a-malloc.o)
                0x0324b934                free
                0x0324b948                malloc
 .text          0x0324b95c       0x74 c:/altera/10.1/nios2eds/bin/gnu/h-i686-mingw32/bin/../lib/gcc/nios2-elf/4.1.2/../../../../nios2-elf/lib\libc.a(lib_a-memcmp.o)
                0x0324b95c                memcmp
 .text          0x0324b9d0       0x8c c:/altera/10.1/nios2eds/bin/gnu/h-i686-mingw32/bin/../lib/gcc/nios2-elf/4.1.2/../../../../nios2-elf/lib\libc.a(lib_a-strcpy.o)
                0x0324b9d0                strcpy
 .text          0x0324ba5c       0xf0 c:/altera/10.1/nios2eds/bin/gnu/h-i686-mingw32/bin/../lib/gcc/nios2-elf/4.1.2/../../../../nios2-elf/lib\libc.a(lib_a-strncmp.o)
                0x0324ba5c                strncmp
 .text          0x0324bb4c       0xbc c:/altera/10.1/nios2eds/bin/gnu/h-i686-mingw32/bin/../lib/gcc/nios2-elf/4.1.2/../../../../nios2-elf/lib\libc.a(lib_a-strncpy.o)
                0x0324bb4c                strncpy
 .text          0x0324bc08       0x34 c:/altera/10.1/nios2eds/bin/gnu/h-i686-mingw32/bin/../lib/gcc/nios2-elf/4.1.2/../../../../nios2-elf/lib\libc.a(lib_a-vprintf.o)
                0x0324bc08                _vprintf_r
                0x0324bc1c                vprintf
 .text          0x0324bc3c       0x74 c:/altera/10.1/nios2eds/bin/gnu/h-i686-mingw32/bin/../lib/gcc/nios2-elf/4.1.2/../../../../nios2-elf/lib\libc.a(lib_a-vsprintf.o)
                0x0324bc3c                _vsprintf_r
                0x0324bc8c                vsprintf
 .text          0x0324bcb0      0x134 c:/altera/10.1/nios2eds/bin/gnu/h-i686-mingw32/bin/../lib/gcc/nios2-elf/4.1.2/../../../../nios2-elf/lib\libc.a(lib_a-__atexit.o)
                0x0324bcb0                __register_exitproc
 .text          0x0324bde4      0x1b4 c:/altera/10.1/nios2eds/bin/gnu/h-i686-mingw32/bin/../lib/gcc/nios2-elf/4.1.2/../../../../nios2-elf/lib\libc.a(lib_a-__call_atexit.o)
                0x0324bde8                __call_exitprocs
 .text          0x0324bf98       0x6c ../SocketServer_bsp\libucosii_bsp.a(alt_exit.o)
                0x0324bfd8                _exit
 *(.gnu.warning.*)
 *(.fini)
                0x0324c004                PROVIDE (__etext, ABSOLUTE (.))
                0x0324c004                PROVIDE (_etext, ABSOLUTE (.))
                0x0324c004                PROVIDE (etext, ABSOLUTE (.))
 *(.eh_frame_hdr)
                0x0324c004                . = ALIGN (0x4)
                0x0324c004                PROVIDE (__preinit_array_start, ABSOLUTE (.))
 *(.preinit_array)
                0x0324c004                PROVIDE (__preinit_array_end, ABSOLUTE (.))
                0x0324c004                PROVIDE (__init_array_start, ABSOLUTE (.))
 *(.init_array)
                0x0324c004                PROVIDE (__init_array_end, ABSOLUTE (.))
                0x0324c004                PROVIDE (__fini_array_start, ABSOLUTE (.))
 *(.fini_array)
                0x0324c004                PROVIDE (__fini_array_end, ABSOLUTE (.))
 *(.eh_frame)
 .eh_frame      0x0324c004       0x40 c:/altera/10.1/nios2eds/bin/gnu/h-i686-mingw32/bin/../lib/gcc/nios2-elf/4.1.2\libgcc.a(_udivdi3.o)
 .eh_frame      0x0324c044       0x2c c:/altera/10.1/nios2eds/bin/gnu/h-i686-mingw32/bin/../lib/gcc/nios2-elf/4.1.2\libgcc.a(_umoddi3.o)
                                 0x40 (size before relaxing)
 *(.gcc_except_table)
 *(.dynamic)
                0x0324c070                PROVIDE (__CTOR_LIST__, ABSOLUTE (.))
 *(.ctors)
 *(SORT(.ctors.*))
 .ctors.65535   0x0324c070        0x4 c:/altera/10.1/nios2eds/bin/gnu/h-i686-mingw32/bin/../lib/gcc/nios2-elf/4.1.2/../../../../nios2-elf/lib\libc.a(lib_a-__call_atexit.o)
                0x0324c074                PROVIDE (__CTOR_END__, ABSOLUTE (.))
                0x0324c074                PROVIDE (__DTOR_LIST__, ABSOLUTE (.))
 *(.dtors)
 *(SORT(.dtors.*))
                0x0324c074                PROVIDE (__DTOR_END__, ABSOLUTE (.))
 *(.jcr)
                0x0324c074                . = ALIGN (0x4)

.rodata         0x0324c074     0x45b4
                0x0324c074                PROVIDE (__ram_rodata_start, ABSOLUTE (.))
                0x0324c074                . = ALIGN (0x4)
 *(.rodata .rodata.* .gnu.linkonce.r.*)
 .rodata        0x0324c074      0xba4 obj/alt_error_handler.o
 .rodata        0x0324cc18       0x8c obj/camera.o
 .rodata        0x0324cca4       0x74 obj/main.o
 .rodata        0x0324cd18      0x230 obj/network_utilities.o
 .rodata        0x0324cf48      0x4a4 obj/simple_socket_server.o
 .rodata        0x0324d3ec       0x88 obj/trackers.o
 .rodata        0x0324d474      0x281 c:/altera/10.1/nios2eds/bin/gnu/h-i686-mingw32/bin/../lib/gcc/nios2-elf/4.1.2/../../../../nios2-elf/lib\libc.a(lib_a-ctype_.o)
                0x0324d474                _ctype_
 *fill*         0x0324d6f5        0x3 00
 .rodata.str1.4
                0x0324d6f8        0x2 c:/altera/10.1/nios2eds/bin/gnu/h-i686-mingw32/bin/../lib/gcc/nios2-elf/4.1.2/../../../../nios2-elf/lib\libc.a(lib_a-impure.o)
                                  0x4 (size before relaxing)
 *fill*         0x0324d6fa        0x2 00
 .rodata.str1.4
                0x0324d6fc        0x3 c:/altera/10.1/nios2eds/bin/gnu/h-i686-mingw32/bin/../lib/gcc/nios2-elf/4.1.2/../../../../nios2-elf/lib\libc.a(lib_a-perror.o)
                                  0x4 (size before relaxing)
 *fill*         0x0324d6ff        0x1 00
 .rodata.str1.4
                0x0324d700        0x2 c:/altera/10.1/nios2eds/bin/gnu/h-i686-mingw32/bin/../lib/gcc/nios2-elf/4.1.2/../../../../nios2-elf/lib\libc.a(lib_a-puts.o)
                                  0x4 (size before relaxing)
 *fill*         0x0324d702        0x2 00
 .rodata.str1.4
                0x0324d704      0x7a2 c:/altera/10.1/nios2eds/bin/gnu/h-i686-mingw32/bin/../lib/gcc/nios2-elf/4.1.2/../../../../nios2-elf/lib\libc.a(lib_a-strerror.o)
                                0x7a8 (size before relaxing)
 *fill*         0x0324dea6        0x2 00
 .rodata.str1.4
                0x0324dea8       0x5e c:/altera/10.1/nios2eds/bin/gnu/h-i686-mingw32/bin/../lib/gcc/nios2-elf/4.1.2/../../../../nios2-elf/lib\libc.a(lib_a-vfprintf.o)
                                 0x60 (size before relaxing)
 .rodata        0x0324df06       0x20 c:/altera/10.1/nios2eds/bin/gnu/h-i686-mingw32/bin/../lib/gcc/nios2-elf/4.1.2/../../../../nios2-elf/lib\libc.a(lib_a-vfprintf.o)
 *fill*         0x0324df26        0x2 00
 .rodata.str1.4
                0x0324df28        0x5 c:/altera/10.1/nios2eds/bin/gnu/h-i686-mingw32/bin/../lib/gcc/nios2-elf/4.1.2/../../../../nios2-elf/lib\libc.a(lib_a-vfscanf.o)
                                  0x8 (size before relaxing)
 *fill*         0x0324df2d        0x1 00
 .rodata        0x0324df2e       0x22 c:/altera/10.1/nios2eds/bin/gnu/h-i686-mingw32/bin/../lib/gcc/nios2-elf/4.1.2/../../../../nios2-elf/lib\libc.a(lib_a-vfscanf.o)
 .rodata.str1.4
                0x0324df50       0x10 c:/altera/10.1/nios2eds/bin/gnu/h-i686-mingw32/bin/../lib/gcc/nios2-elf/4.1.2/../../../../nios2-elf/lib\libc.a(lib_a-dtoa.o)
                                 0x14 (size before relaxing)
 .rodata.str1.4
                0x0324df60        0xf c:/altera/10.1/nios2eds/bin/gnu/h-i686-mingw32/bin/../lib/gcc/nios2-elf/4.1.2/../../../../nios2-elf/lib\libc.a(lib_a-locale.o)
                                 0x18 (size before relaxing)
 *fill*         0x0324df6f        0x1 00
 .rodata        0x0324df70       0x30 c:/altera/10.1/nios2eds/bin/gnu/h-i686-mingw32/bin/../lib/gcc/nios2-elf/4.1.2/../../../../nios2-elf/lib\libc.a(lib_a-locale.o)
 .rodata.str1.4
                0x00000000        0x4 c:/altera/10.1/nios2eds/bin/gnu/h-i686-mingw32/bin/../lib/gcc/nios2-elf/4.1.2/../../../../nios2-elf/lib\libc.a(lib_a-mbrtowc.o)
 .rodata        0x0324dfa0      0x124 c:/altera/10.1/nios2eds/bin/gnu/h-i686-mingw32/bin/../lib/gcc/nios2-elf/4.1.2/../../../../nios2-elf/lib\libc.a(lib_a-mprec.o)
                0x0324dfa0                __mprec_tens
                0x0324e068                __mprec_bigtens
                0x0324e090                __mprec_tinytens
 .rodata.str1.4
                0x0324e0c4        0xf c:/altera/10.1/nios2eds/bin/gnu/h-i686-mingw32/bin/../lib/gcc/nios2-elf/4.1.2/../../../../nios2-elf/lib\libc.a(lib_a-strtod.o)
                                 0x10 (size before relaxing)
 *fill*         0x0324e0d3        0x1 00
 .rodata        0x0324e0d4       0x28 c:/altera/10.1/nios2eds/bin/gnu/h-i686-mingw32/bin/../lib/gcc/nios2-elf/4.1.2/../../../../nios2-elf/lib\libc.a(lib_a-strtod.o)
 .rodata.str1.4
                0x0324e0fc       0x1c c:/altera/10.1/nios2eds/bin/gnu/h-i686-mingw32/bin/../lib/gcc/nios2-elf/4.1.2/../../../../nios2-elf/lib\libc.a(lib_a-gdtoa-gethex.o)
 .rodata        0x0324e118       0x14 c:/altera/10.1/nios2eds/bin/gnu/h-i686-mingw32/bin/../lib/gcc/nios2-elf/4.1.2\libgcc.a(_thenan_df.o)
                0x0324e118                __thenan_df
 .rodata        0x0324e12c      0x100 c:/altera/10.1/nios2eds/bin/gnu/h-i686-mingw32/bin/../lib/gcc/nios2-elf/4.1.2\libgcc.a(_clz.o)
                0x0324e12c                __clz_tab
 .rodata        0x0324e22c       0x10 ../SocketServer_bsp\libucosii_bsp.a(alt_main.o)
 .rodata        0x0324e23c      0x120 ../SocketServer_bsp\libucosii_bsp.a(os_core.o)
                0x0324e23c                OSUnMapTbl
 .rodata        0x0324e35c       0x3c ../SocketServer_bsp\libucosii_bsp.a(alt_sys_init.o)
 .rodata        0x0324e398       0x68 ../SocketServer_bsp\libucosii_bsp.a(avalon_locator.o)
 .rodata        0x0324e400      0x200 ../SocketServer_bsp\libucosii_bsp.a(ins_eth_ocm.o)
 .rodata        0x0324e600       0xd8 ../SocketServer_bsp\libucosii_bsp.a(ipnet.o)
 .rodata        0x0324e6d8       0xec ../SocketServer_bsp\libucosii_bsp.a(ipstart.o)
 .rodata        0x0324e7c4      0x54c ../SocketServer_bsp\libucosii_bsp.a(igmp_cmn.o)
 .rodata        0x0324ed10       0xb8 ../SocketServer_bsp\libucosii_bsp.a(in_utils.o)
 .rodata        0x0324edc8       0x34 ../SocketServer_bsp\libucosii_bsp.a(netmain.o)
 .rodata        0x0324edfc      0x1a8 ../SocketServer_bsp\libucosii_bsp.a(tk_crnos.o)
 .rodata        0x0324efa4        0x8 ../SocketServer_bsp\libucosii_bsp.a(dhcpclnt.o)
 .rodata        0x0324efac      0x118 ../SocketServer_bsp\libucosii_bsp.a(pktalloc.o)
 .rodata        0x0324f0c4       0x84 ../SocketServer_bsp\libucosii_bsp.a(udp_open.o)
 .rodata        0x0324f148       0x2c ../SocketServer_bsp\libucosii_bsp.a(brdutils.o)
 .rodata        0x0324f174      0x26c ../SocketServer_bsp\libucosii_bsp.a(osportco.o)
 .rodata        0x0324f3e0       0xa0 ../SocketServer_bsp\libucosii_bsp.a(targnios.o)
 .rodata        0x0324f480       0x90 ../SocketServer_bsp\libucosii_bsp.a(nptcp.o)
 .rodata        0x0324f510        0x8 ../SocketServer_bsp\libucosii_bsp.a(sockcall.o)
 .rodata        0x0324f518       0x50 ../SocketServer_bsp\libucosii_bsp.a(socket.o)
 .rodata        0x0324f568       0x40 ../SocketServer_bsp\libucosii_bsp.a(socket2.o)
 .rodata        0x0324f5a8       0x20 ../SocketServer_bsp\libucosii_bsp.a(tcp_in.o)
 .rodata        0x0324f5c8       0x40 ../SocketServer_bsp\libucosii_bsp.a(tcp_out.o)
 .rodata        0x0324f608       0x24 ../SocketServer_bsp\libucosii_bsp.a(tcp_subr.o)
 .rodata        0x0324f62c       0x2c ../SocketServer_bsp\libucosii_bsp.a(tcp_usr.o)
 .rodata        0x0324f658        0xc ../SocketServer_bsp\libucosii_bsp.a(alt_dev.o)
 .rodata        0x0324f664        0x4 ../SocketServer_bsp\libucosii_bsp.a(os_cpu_c.o)
 .rodata        0x0324f668      0x1d4 ../SocketServer_bsp\libucosii_bsp.a(allports.o)
 .rodata        0x0324f83c       0x34 ../SocketServer_bsp\libucosii_bsp.a(tk_misc.o)
 .rodata        0x0324f870       0x44 ../SocketServer_bsp\libucosii_bsp.a(et_arp.o)
 .rodata        0x0324f8b4      0x1dc ../SocketServer_bsp\libucosii_bsp.a(ip.o)
 .rodata        0x0324fa90      0x158 ../SocketServer_bsp\libucosii_bsp.a(ip_reasm.o)
 .rodata        0x0324fbe8      0x120 ../SocketServer_bsp\libucosii_bsp.a(ipdemux.o)
 .rodata        0x0324fd08       0x34 ../SocketServer_bsp\libucosii_bsp.a(ipport.o)
 .rodata        0x0324fd3c       0x24 ../SocketServer_bsp\libucosii_bsp.a(ipraw.o)
 .rodata        0x0324fd60       0x38 ../SocketServer_bsp\libucosii_bsp.a(iproute.o)
 .rodata        0x0324fd98       0xe8 ../SocketServer_bsp\libucosii_bsp.a(udp.o)
 .rodata        0x0324fe80      0x2d0 ../SocketServer_bsp\libucosii_bsp.a(u_mctest.o)
 .rodata        0x03250150       0xf8 ../SocketServer_bsp\libucosii_bsp.a(dhcsetup.o)
 .rodata        0x03250248       0x94 ../SocketServer_bsp\libucosii_bsp.a(parseip.o)
 .rodata        0x032502dc       0x34 ../SocketServer_bsp\libucosii_bsp.a(vfsfiles.o)
 .rodata        0x03250310      0x318 ../SocketServer_bsp\libucosii_bsp.a(icmp.o)
 *(.rodata1)
                0x03250628                . = ALIGN (0x4)
                0x03250628                PROVIDE (__ram_rodata_end, ABSOLUTE (.))
                0x0324c074                PROVIDE (__flash_rodata_start, LOADADDR (.rodata))

.rwdata         0x03250628     0x20fc load address 0x03252724
                0x03250628                PROVIDE (__ram_rwdata_start, ABSOLUTE (.))
                0x03250628                . = ALIGN (0x4)
 *(.got.plt)
 *(.got)
 *(.data1)
 *(.data .data.* .gnu.linkonce.d.*)
 .data          0x03250628        0x0 ../SocketServer_bsp/obj/HAL/src/crt0.o
 .data          0x03250628        0x0 obj/alt_error_handler.o
 .data          0x03250628       0x28 obj/camera.o
                0x03250628                camera
 .data          0x03250650       0x18 obj/main.o
                0x03250650                ssstask
 .data          0x03250668        0x0 obj/network_utilities.o
 .data          0x03250668        0x0 obj/simple_socket_server.o
 .data          0x03250668        0x0 obj/trackers.o
 .data          0x03250668        0x0 c:/altera/10.1/nios2eds/bin/gnu/h-i686-mingw32/bin/../lib/gcc/nios2-elf/4.1.2\libgcc.a(lib2-divmod.o)
 .data          0x03250668        0x0 c:/altera/10.1/nios2eds/bin/gnu/h-i686-mingw32/bin/../lib/gcc/nios2-elf/4.1.2/../../../../nios2-elf/lib\libc.a(lib_a-ctype_.o)
 .data          0x03250668        0x0 c:/altera/10.1/nios2eds/bin/gnu/h-i686-mingw32/bin/../lib/gcc/nios2-elf/4.1.2/../../../../nios2-elf/lib\libc.a(lib_a-fclose.o)
 .data          0x03250668        0x0 c:/altera/10.1/nios2eds/bin/gnu/h-i686-mingw32/bin/../lib/gcc/nios2-elf/4.1.2/../../../../nios2-elf/lib\libc.a(lib_a-fflush.o)
 .data          0x03250668        0x0 c:/altera/10.1/nios2eds/bin/gnu/h-i686-mingw32/bin/../lib/gcc/nios2-elf/4.1.2/../../../../nios2-elf/lib\libc.a(lib_a-findfp.o)
 .data          0x03250668        0x0 c:/altera/10.1/nios2eds/bin/gnu/h-i686-mingw32/bin/../lib/gcc/nios2-elf/4.1.2/../../../../nios2-elf/lib\libc.a(lib_a-fopen.o)
 .data          0x03250668        0x0 c:/altera/10.1/nios2eds/bin/gnu/h-i686-mingw32/bin/../lib/gcc/nios2-elf/4.1.2/../../../../nios2-elf/lib\libc.a(lib_a-fprintf.o)
 .data          0x03250668        0x0 c:/altera/10.1/nios2eds/bin/gnu/h-i686-mingw32/bin/../lib/gcc/nios2-elf/4.1.2/../../../../nios2-elf/lib\libc.a(lib_a-fputs.o)
 .data          0x03250668        0x0 c:/altera/10.1/nios2eds/bin/gnu/h-i686-mingw32/bin/../lib/gcc/nios2-elf/4.1.2/../../../../nios2-elf/lib\libc.a(lib_a-freer.o)
 .data          0x03250668        0x0 c:/altera/10.1/nios2eds/bin/gnu/h-i686-mingw32/bin/../lib/gcc/nios2-elf/4.1.2/../../../../nios2-elf/lib\libc.a(lib_a-fseek.o)
 .data          0x03250668        0x0 c:/altera/10.1/nios2eds/bin/gnu/h-i686-mingw32/bin/../lib/gcc/nios2-elf/4.1.2/../../../../nios2-elf/lib\libc.a(lib_a-fstatr.o)
 .data          0x03250668        0x0 c:/altera/10.1/nios2eds/bin/gnu/h-i686-mingw32/bin/../lib/gcc/nios2-elf/4.1.2/../../../../nios2-elf/lib\libc.a(lib_a-fvwrite.o)
 .data          0x03250668        0x0 c:/altera/10.1/nios2eds/bin/gnu/h-i686-mingw32/bin/../lib/gcc/nios2-elf/4.1.2/../../../../nios2-elf/lib\libc.a(lib_a-fwalk.o)
 .data          0x03250668        0x0 c:/altera/10.1/nios2eds/bin/gnu/h-i686-mingw32/bin/../lib/gcc/nios2-elf/4.1.2/../../../../nios2-elf/lib\libc.a(lib_a-fwrite.o)
 .data          0x03250668        0x0 c:/altera/10.1/nios2eds/bin/gnu/h-i686-mingw32/bin/../lib/gcc/nios2-elf/4.1.2/../../../../nios2-elf/lib\libc.a(lib_a-getc.o)
 .data          0x03250668      0x400 c:/altera/10.1/nios2eds/bin/gnu/h-i686-mingw32/bin/../lib/gcc/nios2-elf/4.1.2/../../../../nios2-elf/lib\libc.a(lib_a-impure.o)
 .data          0x03250a68        0x0 c:/altera/10.1/nios2eds/bin/gnu/h-i686-mingw32/bin/../lib/gcc/nios2-elf/4.1.2/../../../../nios2-elf/lib\libc.a(lib_a-int_errno.o)
 .data          0x03250a68        0x0 c:/altera/10.1/nios2eds/bin/gnu/h-i686-mingw32/bin/../lib/gcc/nios2-elf/4.1.2/../../../../nios2-elf/lib\libc.a(lib_a-makebuf.o)
 .data          0x03250a68      0x408 c:/altera/10.1/nios2eds/bin/gnu/h-i686-mingw32/bin/../lib/gcc/nios2-elf/4.1.2/../../../../nios2-elf/lib\libc.a(lib_a-mallocr.o)
                0x03250a68                __malloc_av_
 .data          0x03250e70        0x0 c:/altera/10.1/nios2eds/bin/gnu/h-i686-mingw32/bin/../lib/gcc/nios2-elf/4.1.2/../../../../nios2-elf/lib\libc.a(lib_a-memchr.o)