Archive member included because of file (symbol)

c:/altera/12.1sp1/nios2eds/bin/gnu/h-i686-mingw32/bin/../lib/gcc/nios2-elf/4.1.2\libgcc.a(lib2-divmod.o)
                              obj/simple_socket_server.o (__divsi3)
c:/altera/12.1sp1/nios2eds/bin/gnu/h-i686-mingw32/bin/../lib/gcc/nios2-elf/4.1.2/../../../../nios2-elf/lib\libc.a(lib_a-ctype_.o)
                              obj/network_utilities.o (__ctype_ptr)
c:/altera/12.1sp1/nios2eds/bin/gnu/h-i686-mingw32/bin/../lib/gcc/nios2-elf/4.1.2/../../../../nios2-elf/lib\libc.a(lib_a-fclose.o)
                              obj/main.o (fclose)
c:/altera/12.1sp1/nios2eds/bin/gnu/h-i686-mingw32/bin/../lib/gcc/nios2-elf/4.1.2/../../../../nios2-elf/lib\libc.a(lib_a-fflush.o)
                              c:/altera/12.1sp1/nios2eds/bin/gnu/h-i686-mingw32/bin/../lib/gcc/nios2-elf/4.1.2/../../../../nios2-elf/lib\libc.a(lib_a-fclose.o) (_fflush_r)
c:/altera/12.1sp1/nios2eds/bin/gnu/h-i686-mingw32/bin/../lib/gcc/nios2-elf/4.1.2/../../../../nios2-elf/lib\libc.a(lib_a-findfp.o)
                              c:/altera/12.1sp1/nios2eds/bin/gnu/h-i686-mingw32/bin/../lib/gcc/nios2-elf/4.1.2/../../../../nios2-elf/lib\libc.a(lib_a-fclose.o) (__sfp_lock_acquire)
c:/altera/12.1sp1/nios2eds/bin/gnu/h-i686-mingw32/bin/../lib/gcc/nios2-elf/4.1.2/../../../../nios2-elf/lib\libc.a(lib_a-fopen.o)
                              obj/main.o (fopen)
c:/altera/12.1sp1/nios2eds/bin/gnu/h-i686-mingw32/bin/../lib/gcc/nios2-elf/4.1.2/../../../../nios2-elf/lib\libc.a(lib_a-fprintf.o)
                              obj/alt_error_handler.o (fprintf)
c:/altera/12.1sp1/nios2eds/bin/gnu/h-i686-mingw32/bin/../lib/gcc/nios2-elf/4.1.2/../../../../nios2-elf/lib\libc.a(lib_a-fputs.o)
                              obj/main.o (fputs)
c:/altera/12.1sp1/nios2eds/bin/gnu/h-i686-mingw32/bin/../lib/gcc/nios2-elf/4.1.2/../../../../nios2-elf/lib\libc.a(lib_a-freer.o)
                              c:/altera/12.1sp1/nios2eds/bin/gnu/h-i686-mingw32/bin/../lib/gcc/nios2-elf/4.1.2/../../../../nios2-elf/lib\libc.a(lib_a-fclose.o) (_free_r)
c:/altera/12.1sp1/nios2eds/bin/gnu/h-i686-mingw32/bin/../lib/gcc/nios2-elf/4.1.2/../../../../nios2-elf/lib\libc.a(lib_a-fseek.o)
                              c:/altera/12.1sp1/nios2eds/bin/gnu/h-i686-mingw32/bin/../lib/gcc/nios2-elf/4.1.2/../../../../nios2-elf/lib\libc.a(lib_a-fopen.o) (_fseek_r)
c:/altera/12.1sp1/nios2eds/bin/gnu/h-i686-mingw32/bin/../lib/gcc/nios2-elf/4.1.2/../../../../nios2-elf/lib\libc.a(lib_a-fstatr.o)
                              c:/altera/12.1sp1/nios2eds/bin/gnu/h-i686-mingw32/bin/../lib/gcc/nios2-elf/4.1.2/../../../../nios2-elf/lib\libc.a(lib_a-fseek.o) (_fstat_r)
c:/altera/12.1sp1/nios2eds/bin/gnu/h-i686-mingw32/bin/../lib/gcc/nios2-elf/4.1.2/../../../../nios2-elf/lib\libc.a(lib_a-fvwrite.o)
                              c:/altera/12.1sp1/nios2eds/bin/gnu/h-i686-mingw32/bin/../lib/gcc/nios2-elf/4.1.2/../../../../nios2-elf/lib\libc.a(lib_a-fputs.o) (__sfvwrite_r)
c:/altera/12.1sp1/nios2eds/bin/gnu/h-i686-mingw32/bin/../lib/gcc/nios2-elf/4.1.2/../../../../nios2-elf/lib\libc.a(lib_a-fwalk.o)
                              c:/altera/12.1sp1/nios2eds/bin/gnu/h-i686-mingw32/bin/../lib/gcc/nios2-elf/4.1.2/../../../../nios2-elf/lib\libc.a(lib_a-fflush.o) (_fwalk_reent)
c:/altera/12.1sp1/nios2eds/bin/gnu/h-i686-mingw32/bin/../lib/gcc/nios2-elf/4.1.2/../../../../nios2-elf/lib\libc.a(lib_a-fwrite.o)
                              obj/alt_error_handler.o (fwrite)
c:/altera/12.1sp1/nios2eds/bin/gnu/h-i686-mingw32/bin/../lib/gcc/nios2-elf/4.1.2/../../../../nios2-elf/lib\libc.a(lib_a-getc.o)
                              obj/network_utilities.o (getc)
c:/altera/12.1sp1/nios2eds/bin/gnu/h-i686-mingw32/bin/../lib/gcc/nios2-elf/4.1.2/../../../../nios2-elf/lib\libc.a(lib_a-impure.o)
                              obj/alt_error_handler.o (_impure_ptr)
c:/altera/12.1sp1/nios2eds/bin/gnu/h-i686-mingw32/bin/../lib/gcc/nios2-elf/4.1.2/../../../../nios2-elf/lib\libc.a(lib_a-int_errno.o)
                              c:/altera/12.1sp1/nios2eds/bin/gnu/h-i686-mingw32/bin/../lib/gcc/nios2-elf/4.1.2/../../../../nios2-elf/lib\libc.a(lib_a-fstatr.o) (errno)
c:/altera/12.1sp1/nios2eds/bin/gnu/h-i686-mingw32/bin/../lib/gcc/nios2-elf/4.1.2/../../../../nios2-elf/lib\libc.a(lib_a-makebuf.o)
                              c:/altera/12.1sp1/nios2eds/bin/gnu/h-i686-mingw32/bin/../lib/gcc/nios2-elf/4.1.2/../../../../nios2-elf/lib\libc.a(lib_a-fseek.o) (__smakebuf_r)
c:/altera/12.1sp1/nios2eds/bin/gnu/h-i686-mingw32/bin/../lib/gcc/nios2-elf/4.1.2/../../../../nios2-elf/lib\libc.a(lib_a-mallocr.o)
                              c:/altera/12.1sp1/nios2eds/bin/gnu/h-i686-mingw32/bin/../lib/gcc/nios2-elf/4.1.2/../../../../nios2-elf/lib\libc.a(lib_a-findfp.o) (_malloc_r)
c:/altera/12.1sp1/nios2eds/bin/gnu/h-i686-mingw32/bin/../lib/gcc/nios2-elf/4.1.2/../../../../nios2-elf/lib\libc.a(lib_a-memchr.o)
[...]
Memory Configuration

Name             Origin             Length             Attributes
ext_flash        0x02800000         0x00800000
reset            0x03200000         0x00000020
sram             0x03200020         0x001fffe0
*default*        0x00000000         0xffffffff

Linker script and memory map

LOAD ../SocketServer_bsp/obj/HAL/src/crt0.o
LOAD obj/alt_error_handler.o
LOAD obj/camera.o
LOAD obj/main.o
LOAD obj/network_utilities.o
LOAD obj/simple_socket_server.o
LOAD obj/trackers.o
LOAD c:/altera/12.1sp1/nios2eds/bin/gnu/h-i686-mingw32/bin/../lib/gcc/nios2-elf/4.1.2/../../../../nios2-elf/lib\libstdc++.a
LOAD c:/altera/12.1sp1/nios2eds/bin/gnu/h-i686-mingw32/bin/../lib/gcc/nios2-elf/4.1.2/../../../../nios2-elf/lib\libm.a
LOAD c:/altera/12.1sp1/nios2eds/bin/gnu/h-i686-mingw32/bin/../lib/gcc/nios2-elf/4.1.2\libgcc.a
START GROUP
LOAD c:/altera/12.1sp1/nios2eds/bin/gnu/h-i686-mingw32/bin/../lib/gcc/nios2-elf/4.1.2/../../../../nios2-elf/lib\libc.a
LOAD c:/altera/12.1sp1/nios2eds/bin/gnu/h-i686-mingw32/bin/../lib/gcc/nios2-elf/4.1.2\libgcc.a
LOAD ../SocketServer_bsp\libucosii_bsp.a
END GROUP
LOAD c:/altera/12.1sp1/nios2eds/bin/gnu/h-i686-mingw32/bin/../lib/gcc/nios2-elf/4.1.2\libgcc.a
                0x02800000                __alt_mem_ext_flash = 0x2800000
                0x03200000                __alt_mem_sram = 0x3200000

.entry          0x03200000       0x20
 *(.entry)
 .entry         0x03200000       0x20 ../SocketServer_bsp/obj/HAL/src/crt0.o
                0x03200000                __reset

.exceptions     0x03200020      0x1a0
                0x03200020                PROVIDE (__ram_exceptions_start, ABSOLUTE (.))
                0x03200020                . = ALIGN (0x20)
 *(.irq)
 *(.exceptions.entry.label)
 .exceptions.entry.label
                0x03200020        0x0 ../SocketServer_bsp\libucosii_bsp.a(alt_irq_entry.o)
                0x03200020                alt_irq_entry
 .exceptions.entry.label
                0x03200020        0x0 ../SocketServer_bsp\libucosii_bsp.a(alt_exception_entry.o)
                0x03200020                alt_exception
 *(.exceptions.entry.user)
 *(.exceptions.entry)
 .exceptions.entry
                0x03200020       0x54 ../SocketServer_bsp\libucosii_bsp.a(alt_exception_entry.o)
 *(.exceptions.irqtest.user)
 *(.exceptions.irqtest)
 .exceptions.irqtest
                0x03200074       0x10 ../SocketServer_bsp\libucosii_bsp.a(alt_irq_entry.o)
 *(.exceptions.irqhandler.user)
 *(.exceptions.irqhandler)
 .exceptions.irqhandler
                0x03200084        0x4 ../SocketServer_bsp\libucosii_bsp.a(alt_irq_entry.o)
 *(.exceptions.irqreturn.user)
 *(.exceptions.irqreturn)
 .exceptions.irqreturn
                0x03200088        0x4 ../SocketServer_bsp\libucosii_bsp.a(alt_irq_entry.o)
 *(.exceptions.notirq.label)
 .exceptions.notirq.label
                0x0320008c        0x0 ../SocketServer_bsp\libucosii_bsp.a(alt_irq_entry.o)
 *(.exceptions.notirq.user)
 *(.exceptions.notirq)
 .exceptions.notirq
                0x0320008c        0x8 ../SocketServer_bsp\libucosii_bsp.a(alt_exception_entry.o)
 *(.exceptions.soft.user)
 *(.exceptions.soft)
 *(.exceptions.unknown.user)
 *(.exceptions.unknown)
 .exceptions.unknown
                0x03200094        0x4 ../SocketServer_bsp\libucosii_bsp.a(alt_exception_entry.o)
 *(.exceptions.exit.label)
 .exceptions.exit.label
                0x03200098        0x0 ../SocketServer_bsp\libucosii_bsp.a(alt_irq_entry.o)
 .exceptions.exit.label
                0x03200098        0x0 ../SocketServer_bsp\libucosii_bsp.a(alt_exception_entry.o)
 *(.exceptions.exit.user)
 *(.exceptions.exit)
 .exceptions.exit
                0x03200098       0x54 ../SocketServer_bsp\libucosii_bsp.a(alt_exception_entry.o)
 *(.exceptions)
 .exceptions    0x032000ec       0xd4 ../SocketServer_bsp\libucosii_bsp.a(alt_irq_handler.o)
                0x032000ec                alt_irq_handler
                0x032001c0                PROVIDE (__ram_exceptions_end, ABSOLUTE (.))
                0x03200020                PROVIDE (__flash_exceptions_start, LOADADDR (.exceptions))

.text           0x032001c0    0x4c1ac
                0x032001c0                PROVIDE (stext, ABSOLUTE (.))
 *(.interp)
 *(.hash)
 *(.dynsym)
 *(.dynstr)
 *(.gnu.version)
 *(.gnu.version_d)
 *(.gnu.version_r)
 *(.rel.init)
 *(.rela.init)
 *(.rel.text .rel.text.* .rel.gnu.linkonce.t.*)
 *(.rela.text .rela.text.* .rela.gnu.linkonce.t.*)
 *(.rel.fini)
 *(.rela.fini)
 *(.rel.rodata .rel.rodata.* .rel.gnu.linkonce.r.*)
 *(.rela.rodata .rela.rodata.* .rela.gnu.linkonce.r.*)
 *(.rel.data .rel.data.* .rel.gnu.linkonce.d.*)
 *(.rela.data .rela.data.* .rela.gnu.linkonce.d.*)
 *(.rel.tdata .rel.tdata.* .rel.gnu.linkonce.td.*)
 *(.rela.tdata .rela.tdata.* .rela.gnu.linkonce.td.*)
 *(.rel.tbss .rel.tbss.* .rel.gnu.linkonce.tb.*)
 *(.rela.tbss .rela.tbss.* .rela.gnu.linkonce.tb.*)
 *(.rel.ctors)
 *(.rela.ctors)
 *(.rel.dtors)
 *(.rela.dtors)
 *(.rel.got)
 *(.rela.got)
 *(.rel.sdata .rel.sdata.* .rel.gnu.linkonce.s.*)
 *(.rela.sdata .rela.sdata.* .rela.gnu.linkonce.s.*)
 *(.rel.sbss .rel.sbss.* .rel.gnu.linkonce.sb.*)
 *(.rela.sbss .rela.sbss.* .rela.gnu.linkonce.sb.*)
 *(.rel.sdata2 .rel.sdata2.* .rel.gnu.linkonce.s2.*)
 *(.rela.sdata2 .rela.sdata2.* .rela.gnu.linkonce.s2.*)
 *(.rel.sbss2 .rel.sbss2.* .rel.gnu.linkonce.sb2.*)
 *(.rela.sbss2 .rela.sbss2.* .rela.gnu.linkonce.sb2.*)
 *(.rel.bss .rel.bss.* .rel.gnu.linkonce.b.*)
 *(.rela.bss .rela.bss.* .rela.gnu.linkonce.b.*)
 *(.rel.plt)
 *(.rela.plt)
 *(.rel.dyn)
 *(.init)
 *(.plt)
 *(.text .stub .text.* .gnu.linkonce.t.*)
 .text          0x032001c0       0x4c ../SocketServer_bsp/obj/HAL/src/crt0.o
                0x032001c0                _start
 .text          0x0320020c      0xba8 obj/alt_error_handler.o
                0x0320020c                alt_uCOSIIErrorHandler
                0x03200830                alt_NetworkErrorHandler
                0x03200ac8                alt_SSSErrorHandler
 .text          0x03200db4      0x834 obj/camera.o
                0x03200db4                camera_init
                0x03200e1c                read_camera_registers
                0x03200f14                write_camera_registers
                0x03201030                get_image_size
                0x03201088                set_image_size
                0x032010e0                get_image_exposure
                0x03201130                set_image_exposure
                0x03201178                get_start_image
                0x032011d0                set_start_image
                0x03201228                get_sensor_size
                0x03201280                set_sensor_size
                0x032012d8                get_sensor_mode
                0x03201330                set_sensor_mode
                0x03201388                camera_configure
                0x03201440                select_sensor_output
                0x032014e8                select_vga_output
 .text          0x032015e8      0x214 obj/main.o
                0x032015e8                write_in_lcd
                0x03201648                task1
                0x032016d0                SSSInitialTask
                0x03201780                main
 .text          0x032017fc      0xb84 obj/network_utilities.o
                0x032017fc                get_mac_addr
                0x032018fc                get_ip_addr
                0x03201adc                get_serial_number
                0x03201cb8                generate_and_store_mac_addr
                0x03201e84                generate_mac_addr
                0x03201fc0                get_board_mac_addr
                0x0320223c                FindLastFlashSectorOffset
 .text          0x03202380     0x1888 obj/simple_socket_server.o
                0x03202380                sss_reset_connection
                0x032023f0                sss_send_menu
                0x032026c0                sss_exec_command
                0x032037b0                sss_handle_accept
                0x03203870                sss_handle_receive
                0x03203a5c                SSSSimpleSocketServerTask
 .text          0x03203c08      0xa7c obj/trackers.o
                0x03203c08                trackers_init
                0x03203ca0                trackers_number
                0x03203cc0                trackers_free
                0x03203d60                activate_tracker
                0x03203ec8                disable_tracker
                0x03203f8c                free_tracker
                0x0320406c                set_search_window_of_tracker
                0x03204224                get_search_window_of_tracker
                0x032042d8                get_current_corners_of_tracker
                0x0320438c                get_current_windows_of_activated_trackers
                0x03204508                get_current_corners_of_activated_trackers
 .text          0x03204684      0x14c c:/altera/12.1sp1/nios2eds/bin/gnu/h-i686-mingw32/bin/../lib/gcc/nios2-elf/4.1.2\libgcc.a(lib2-divmod.o)
                0x03204700                __divsi3
                0x03204760                __modsi3
                0x032047c0                __udivsi3
                0x032047c8                __umodsi3
 .text          0x032047d0        0x0 c:/altera/12.1sp1/nios2eds/bin/gnu/h-i686-mingw32/bin/../lib/gcc/nios2-elf/4.1.2/../../../../nios2-elf/lib\libc.a(lib_a-ctype_.o)
 .text          0x032047d0      0x124 c:/altera/12.1sp1/nios2eds/bin/gnu/h-i686-mingw32/bin/../lib/gcc/nios2-elf/4.1.2/../../../../nios2-elf/lib\libc.a(lib_a-fclose.o)
                0x032047d0                _fclose_r
                0x032048e0                fclose
 .text          0x032048f4      0x230 c:/altera/12.1sp1/nios2eds/bin/gnu/h-i686-mingw32/bin/../lib/gcc/nios2-elf/4.1.2/../../../../nios2-elf/lib\libc.a(lib_a-fflush.o)
                0x032048f4                _fflush_r
                0x03204af0                fflush
 .text          0x03204b24      0x2c0 c:/altera/12.1sp1/nios2eds/bin/gnu/h-i686-mingw32/bin/../lib/gcc/nios2-elf/4.1.2/../../../../nios2-elf/lib\libc.a(lib_a-findfp.o)
                0x03204b7c                __sfp_lock_acquire
                0x03204b80                __sfp_lock_release
                0x03204b84                __sinit_lock_acquire
                0x03204b88                __sinit_lock_release
                0x03204b8c                __sinit
                0x03204c40                __fp_unlock_all
                0x03204c58                __fp_lock_all
                0x03204c70                _cleanup_r
                0x03204c7c                _cleanup
                0x03204c8c                __sfmoreglue
                0x03204cf4                __sfp
 .text          0x03204de4      0x110 c:/altera/12.1sp1/nios2eds/bin/gnu/h-i686-mingw32/bin/../lib/gcc/nios2-elf/4.1.2/../../../../nios2-elf/lib\libc.a(lib_a-fopen.o)
                0x03204de4                _fopen_r
                0x03204ed8                fopen
 .text          0x03204ef4       0x60 c:/altera/12.1sp1/nios2eds/bin/gnu/h-i686-mingw32/bin/../lib/gcc/nios2-elf/4.1.2/../../../../nios2-elf/lib\libc.a(lib_a-fprintf.o)
                0x03204ef4                fprintf
                0x03204f20                _fprintf_r
 .text          0x03204f54       0x90 c:/altera/12.1sp1/nios2eds/bin/gnu/h-i686-mingw32/bin/../lib/gcc/nios2-elf/4.1.2/../../../../nios2-elf/lib\libc.a(lib_a-fputs.o)
                0x03204f54                _fputs_r
                0x03204fc8                fputs
 .text          0x03204fe4      0x440 c:/altera/12.1sp1/nios2eds/bin/gnu/h-i686-mingw32/bin/../lib/gcc/nios2-elf/4.1.2/../../../../nios2-elf/lib\libc.a(lib_a-freer.o)
                0x03204fe4                _malloc_trim_r
                0x03205110                _free_r
 .text          0x03205424      0x460 c:/altera/12.1sp1/nios2eds/bin/gnu/h-i686-mingw32/bin/../lib/gcc/nios2-elf/4.1.2/../../../../nios2-elf/lib\libc.a(lib_a-fseek.o)
                0x03205424                _fseek_r
                0x03205860                fseek
 .text          0x03205884       0x74 c:/altera/12.1sp1/nios2eds/bin/gnu/h-i686-mingw32/bin/../lib/gcc/nios2-elf/4.1.2/../../../../nios2-elf/lib\libc.a(lib_a-fstatr.o)
                0x03205884                _fstat_r
 .text          0x032058f8      0x49c c:/altera/12.1sp1/nios2eds/bin/gnu/h-i686-mingw32/bin/../lib/gcc/nios2-elf/4.1.2/../../../../nios2-elf/lib\libc.a(lib_a-fvwrite.o)
                0x032058f8                __sfvwrite_r
 .text          0x03205d94      0x180 c:/altera/12.1sp1/nios2eds/bin/gnu/h-i686-mingw32/bin/../lib/gcc/nios2-elf/4.1.2/../../../../nios2-elf/lib\libc.a(lib_a-fwalk.o)
                0x03205d94                _fwalk_reent
                0x03205e5c                _fwalk
 .text          0x03205f14       0xdc c:/altera/12.1sp1/nios2eds/bin/gnu/h-i686-mingw32/bin/../lib/gcc/nios2-elf/4.1.2/../../../../nios2-elf/lib\libc.a(lib_a-fwrite.o)
                0x03205f14                _fwrite_r
                0x03205fb0                fwrite
 .text          0x03205ff0      0x128 c:/altera/12.1sp1/nios2eds/bin/gnu/h-i686-mingw32/bin/../lib/gcc/nios2-elf/4.1.2/../../../../nios2-elf/lib\libc.a(lib_a-getc.o)
                0x03205ff0                getc
                0x03206088                _getc_r
 .text          0x03206118        0x0 c:/altera/12.1sp1/nios2eds/bin/gnu/h-i686-mingw32/bin/../lib/gcc/nios2-elf/4.1.2/../../../../nios2-elf/lib\libc.a(lib_a-impure.o)
 .text          0x03206118        0x0 c:/altera/12.1sp1/nios2eds/bin/gnu/h-i686-mingw32/bin/../lib/gcc/nios2-elf/4.1.2/../../../../nios2-elf/lib\libc.a(lib_a-int_errno.o)
 .text          0x03206118      0x194 c:/altera/12.1sp1/nios2eds/bin/gnu/h-i686-mingw32/bin/../lib/gcc/nios2-elf/4.1.2/../../../../nios2-elf/lib\libc.a(lib_a-makebuf.o)
                0x03206118                __smakebuf_r
 .text          0x032062ac      0x740 c:/altera/12.1sp1/nios2eds/bin/gnu/h-i686-mingw32/bin/../lib/gcc/nios2-elf/4.1.2/../../../../nios2-elf/lib\libc.a(lib_a-mallocr.o)
                0x032062ac                _malloc_r
 .text          0x032069ec       0xe4 c:/altera/12.1sp1/nios2eds/bin/gnu/h-i686-mingw32/bin/../lib/gcc/nios2-elf/4.1.2/../../../../nios2-elf/lib\libc.a(lib_a-memchr.o)
                0x032069ec                memchr
 .text          0x03206ad0       0xa0 c:/altera/12.1sp1/nios2eds/bin/gnu/h-i686-mingw32/bin/../lib/gcc/nios2-elf/4.1.2/../../../../nios2-elf/lib\libc.a(lib_a-memcpy.o)
                0x03206ad0                memcpy
 .text          0x03206b70       0xe0 c:/altera/12.1sp1/nios2eds/bin/gnu/h-i686-mingw32/bin/../lib/gcc/nios2-elf/4.1.2/../../../../nios2-elf/lib\libc.a(lib_a-memmove.o)
                0x03206b70                memmove
 .text          0x03206c50       0x98 c:/altera/12.1sp1/nios2eds/bin/gnu/h-i686-mingw32/bin/../lib/gcc/nios2-elf/4.1.2/../../../../nios2-elf/lib\libc.a(lib_a-memset.o)
                0x03206c50                memset
 .text          0x03206ce8       0x78 c:/altera/12.1sp1/nios2eds/bin/gnu/h-i686-mingw32/bin/../lib/gcc/nios2-elf/4.1.2/../../../../nios2-elf/lib\libc.a(lib_a-openr.o)
                0x03206ce8                _open_r
 .text          0x03206d60       0x80 c:/altera/12.1sp1/nios2eds/bin/gnu/h-i686-mingw32/bin/../lib/gcc/nios2-elf/4.1.2/../../../../nios2-elf/lib\libc.a(lib_a-perror.o)
                0x03206d60                _perror_r
                0x03206dcc                perror
 .text          0x03206de0       0x78 c:/altera/12.1sp1/nios2eds/bin/gnu/h-i686-mingw32/bin/../lib/gcc/nios2-elf/4.1.2/../../../../nios2-elf/lib\libc.a(lib_a-printf.o)
                0x03206de0                printf
                0x03206e24                _printf_r
 .text          0x03206e58      0x1ec c:/altera/12.1sp1/nios2eds/bin/gnu/h-i686-mingw32/bin/../lib/gcc/nios2-elf/4.1.2/../../../../nios2-elf/lib\libc.a(lib_a-putc.o)
                0x03206e58                putc
                0x03206f5c                _putc_r
 .text          0x03207044       0x24 c:/altera/12.1sp1/nios2eds/bin/gnu/h-i686-mingw32/bin/../lib/gcc/nios2-elf/4.1.2/../../../../nios2-elf/lib\libc.a(lib_a-putchar.o)
                0x03207044                putchar
                0x03207060                _putchar_r
 .text          0x03207068       0xb4 c:/altera/12.1sp1/nios2eds/bin/gnu/h-i686-mingw32/bin/../lib/gcc/nios2-elf/4.1.2/../../../../nios2-elf/lib\libc.a(lib_a-puts.o)
                0x03207068                _puts_r
                0x03207108                puts
 .text          0x0320711c      0x5f4 c:/altera/12.1sp1/nios2eds/bin/gnu/h-i686-mingw32/bin/../lib/gcc/nios2-elf/4.1.2/../../../../nios2-elf/lib\libc.a(lib_a-reallocr.o)
                0x0320711c                _realloc_r
 .text          0x03207710      0x1e0 c:/altera/12.1sp1/nios2eds/bin/gnu/h-i686-mingw32/bin/../lib/gcc/nios2-elf/4.1.2/../../../../nios2-elf/lib\libc.a(lib_a-refill.o)
                0x03207710                __srefill_r
 .text          0x032078f0       0x60 c:/altera/12.1sp1/nios2eds/bin/gnu/h-i686-mingw32/bin/../lib/gcc/nios2-elf/4.1.2/../../../../nios2-elf/lib\libc.a(lib_a-rget.o)
                0x032078f0                __srget_r
                0x0320793c                __srget
 .text          0x03207950       0x70 c:/altera/12.1sp1/nios2eds/bin/gnu/h-i686-mingw32/bin/../lib/gcc/nios2-elf/4.1.2/../../../../nios2-elf/lib\libc.a(lib_a-sbrkr.o)
                0x03207950                _sbrk_r
 .text          0x032079c0       0xd4 c:/altera/12.1sp1/nios2eds/bin/gnu/h-i686-mingw32/bin/../lib/gcc/nios2-elf/4.1.2/../../../../nios2-elf/lib\libc.a(lib_a-sprintf.o)
                0x032079c0                sprintf
                0x03207a34                _sprintf_r
 .text          0x03207a94      0x114 c:/altera/12.1sp1/nios2eds/bin/gnu/h-i686-mingw32/bin/../lib/gcc/nios2-elf/4.1.2/../../../../nios2-elf/lib\libc.a(lib_a-sscanf.o)
                0x03207a9c                _sscanf_r
                0x03207b24                sscanf
 .text          0x03207ba8      0x14c c:/altera/12.1sp1/nios2eds/bin/gnu/h-i686-mingw32/bin/../lib/gcc/nios2-elf/4.1.2/../../../../nios2-elf/lib\libc.a(lib_a-stdio.o)
                0x03207ba8                __sclose
                0x03207bb0                __sseek
                0x03207c18                __swrite
                0x03207c94                __sread
 .text          0x03207cf4       0xe0 c:/altera/12.1sp1/nios2eds/bin/gnu/h-i686-mingw32/bin/../lib/gcc/nios2-elf/4.1.2/../../../../nios2-elf/lib\libc.a(lib_a-strchr.o)
                0x03207cf4                strchr
 .text          0x03207dd4      0x674 c:/altera/12.1sp1/nios2eds/bin/gnu/h-i686-mingw32/bin/../lib/gcc/nios2-elf/4.1.2/../../../../nios2-elf/lib\libc.a(lib_a-strerror.o)
                0x03207dd4                strerror
 .text          0x03208448       0x74 c:/altera/12.1sp1/nios2eds/bin/gnu/h-i686-mingw32/bin/../lib/gcc/nios2-elf/4.1.2/../../../../nios2-elf/lib\libc.a(lib_a-strlen.o)
                0x03208448                strlen
 .text          0x032084bc        0x8 c:/altera/12.1sp1/nios2eds/bin/gnu/h-i686-mingw32/bin/../lib/gcc/nios2-elf/4.1.2/../../../../nios2-elf/lib\libc.a(lib_a-u_strerr.o)
                0x032084bc                _user_strerror
 .text          0x032084c4     0x1f28 c:/altera/12.1sp1/nios2eds/bin/gnu/h-i686-mingw32/bin/../lib/gcc/nios2-elf/4.1.2/../../../../nios2-elf/lib\libc.a(lib_a-vfprintf.o)
                0x0320851c                ___vfprintf_internal_r
                0x0320a3c8                __vfprintf_internal
 .text          0x0320a3ec     0x1780 c:/altera/12.1sp1/nios2eds/bin/gnu/h-i686-mingw32/bin/../lib/gcc/nios2-elf/4.1.2/../../../../nios2-elf/lib\libc.a(lib_a-vfscanf.o)
                0x0320a3ec                __svfscanf_r
                0x0320ba6c                __svfscanf
                0x0320ba90                _vfscanf_r
                0x0320baf8                vfscanf
 .text          0x0320bb6c      0x14c c:/altera/12.1sp1/nios2eds/bin/gnu/h-i686-mingw32/bin/../lib/gcc/nios2-elf/4.1.2/../../../../nios2-elf/lib\libc.a(lib_a-wbuf.o)
                0x0320bb6c                __swbuf_r
                0x0320bc9c                __swbuf
 .text          0x0320bcb8       0x78 c:/altera/12.1sp1/nios2eds/bin/gnu/h-i686-mingw32/bin/../lib/gcc/nios2-elf/4.1.2/../../../../nios2-elf/lib\libc.a(lib_a-writer.o)
                0x0320bcb8                _write_r
 .text          0x0320bd30      0x13c c:/altera/12.1sp1/nios2eds/bin/gnu/h-i686-mingw32/bin/../lib/gcc/nios2-elf/4.1.2/../../../../nios2-elf/lib\libc.a(lib_a-wsetup.o)
                0x0320bd30                __swsetup_r
 .text          0x0320be6c       0x70 c:/altera/12.1sp1/nios2eds/bin/gnu/h-i686-mingw32/bin/../lib/gcc/nios2-elf/4.1.2/../../../../nios2-elf/lib\libc.a(lib_a-closer.o)
                0x0320be6c                _close_r
 .text          0x0320bedc     0x17cc c:/altera/12.1sp1/nios2eds/bin/gnu/h-i686-mingw32/bin/../lib/gcc/nios2-elf/4.1.2/../../../../nios2-elf/lib\libc.a(lib_a-dtoa.o)
                0x0320c0f4                _dtoa_r
 .text          0x0320d6a8       0xa0 c:/altera/12.1sp1/nios2eds/bin/gnu/h-i686-mingw32/bin/../lib/gcc/nios2-elf/4.1.2/../../../../nios2-elf/lib\libc.a(lib_a-flags.o)
                0x0320d6a8                __sflags
 .text          0x0320d748       0xbc c:/altera/12.1sp1/nios2eds/bin/gnu/h-i686-mingw32/bin/../lib/gcc/nios2-elf/4.1.2/../../../../nios2-elf/lib\libc.a(lib_a-fputc.o)
                0x0320d748                fputc
                0x0320d7ac                _fputc_r
 .text          0x0320d804      0x23c c:/altera/12.1sp1/nios2eds/bin/gnu/h-i686-mingw32/bin/../lib/gcc/nios2-elf/4.1.2/../../../../nios2-elf/lib\libc.a(lib_a-fread.o)
                0x0320d804                _fread_r
                0x0320da00                fread
 .text          0x0320da40       0x70 c:/altera/12.1sp1/nios2eds/bin/gnu/h-i686-mingw32/bin/../lib/gcc/nios2-elf/4.1.2/../../../../nios2-elf/lib\libc.a(lib_a-isattyr.o)
                0x0320da40                _isatty_r
 .text          0x0320dab0       0x2c c:/altera/12.1sp1/nios2eds/bin/gnu/h-i686-mingw32/bin/../lib/gcc/nios2-elf/4.1.2/../../../../nios2-elf/lib\libc.a(lib_a-iswspace.o)
                0x0320dab0                iswspace
 .text          0x0320dadc       0xc4 c:/altera/12.1sp1/nios2eds/bin/gnu/h-i686-mingw32/bin/../lib/gcc/nios2-elf/4.1.2/../../../../nios2-elf/lib\libc.a(lib_a-locale.o)
                0x0320dadc                __locale_charset
                0x0320dae4                _localeconv_r
                0x0320daf0                localeconv
                0x0320db00                _setlocale_r
                0x0320db84                setlocale
 .text          0x0320dba0       0x78 c:/altera/12.1sp1/nios2eds/bin/gnu/h-i686-mingw32/bin/../lib/gcc/nios2-elf/4.1.2/../../../../nios2-elf/lib\libc.a(lib_a-lseekr.o)
                0x0320dba0                _lseek_r
 .text          0x0320dc18       0xc0 c:/altera/12.1sp1/nios2eds/bin/gnu/h-i686-mingw32/bin/../lib/gcc/nios2-elf/4.1.2/../../../../nios2-elf/lib\libc.a(lib_a-mbrtowc.o)
                0x0320dc18                _mbrtowc_r
                0x0320dc98                mbrtowc
 .text          0x0320dcd8       0x40 c:/altera/12.1sp1/nios2eds/bin/gnu/h-i686-mingw32/bin/../lib/gcc/nios2-elf/4.1.2/../../../../nios2-elf/lib\libc.a(lib_a-mbtowc_r.o)
                0x0320dcd8                _mbtowc_r
 .text          0x0320dd18      0xff4 c:/altera/12.1sp1/nios2eds/bin/gnu/h-i686-mingw32/bin/../lib/gcc/nios2-elf/4.1.2/../../../../nios2-elf/lib\libc.a(lib_a-mprec.o)
                0x0320dd18                _Bfree
                0x0320dd40                __hi0bits
                0x0320ddb0                __lo0bits
                0x0320de74                __mcmp
                0x0320ded4                __ulp
                0x0320df54                __b2d
                0x0320e074                __ratio
                0x0320e124                _mprec_log10
                0x0320e1b8                __copybits
                0x0320e210                __any_on
                0x0320e298                _Balloc
                0x0320e354                __d2b
                0x0320e4d0                __mdiff
                0x0320e65c                __lshift
                0x0320e7a8                __multiply
                0x0320e990                __i2b
                0x0320e9cc                __multadd
                0x0320eacc                __pow5mult
                0x0320ebec                __s2b
 .text          0x0320ed0c       0x78 c:/altera/12.1sp1/nios2eds/bin/gnu/h-i686-mingw32/bin/../lib/gcc/nios2-elf/4.1.2/../../../../nios2-elf/lib\libc.a(lib_a-readr.o)
                0x0320ed0c                _read_r
 .text          0x0320ed84       0x40 c:/altera/12.1sp1/nios2eds/bin/gnu/h-i686-mingw32/bin/../lib/gcc/nios2-elf/4.1.2/../../../../nios2-elf/lib\libc.a(lib_a-s_isinfd.o)
                0x0320ed84                __isinfd
 .text          0x0320edc4       0x30 c:/altera/12.1sp1/nios2eds/bin/gnu/h-i686-mingw32/bin/../lib/gcc/nios2-elf/4.1.2/../../../../nios2-elf/lib\libc.a(lib_a-s_isnand.o)
                0x0320edc4                __isnand
 .text          0x0320edf4       0xc0 c:/altera/12.1sp1/nios2eds/bin/gnu/h-i686-mingw32/bin/../lib/gcc/nios2-elf/4.1.2/../../../../nios2-elf/lib\libc.a(lib_a-sccl.o)
                0x0320edf4                __sccl
 .text          0x0320eeb4        0x8 c:/altera/12.1sp1/nios2eds/bin/gnu/h-i686-mingw32/bin/../lib/gcc/nios2-elf/4.1.2/../../../../nios2-elf/lib\libc.a(lib_a-sf_nan.o)
                0x0320eeb4                nanf
 .text          0x0320eebc       0xbc c:/altera/12.1sp1/nios2eds/bin/gnu/h-i686-mingw32/bin/../lib/gcc/nios2-elf/4.1.2/../../../../nios2-elf/lib\libc.a(lib_a-strcmp.o)
                0x0320eebc                strcmp
 .text          0x0320ef78     0x166c c:/altera/12.1sp1/nios2eds/bin/gnu/h-i686-mingw32/bin/../lib/gcc/nios2-elf/4.1.2/../../../../nios2-elf/lib\libc.a(lib_a-strtod.o)
                0x0320efc0                _strtod_r
                0x032104a4                strtof
                0x032105c8                strtod
 .text          0x032105e4      0x268 c:/altera/12.1sp1/nios2eds/bin/gnu/h-i686-mingw32/bin/../lib/gcc/nios2-elf/4.1.2/../../../../nios2-elf/lib\libc.a(lib_a-strtol.o)
                0x032105e4                _strtol_r
                0x03210828                strtol
 .text          0x0321084c      0x318 c:/altera/12.1sp1/nios2eds/bin/gnu/h-i686-mingw32/bin/../lib/gcc/nios2-elf/4.1.2/../../../../nios2-elf/lib\libc.a(lib_a-strtoll_r.o)
                0x0321084c                _strtoll_r
 .text          0x03210b64      0x254 c:/altera/12.1sp1/nios2eds/bin/gnu/h-i686-mingw32/bin/../lib/gcc/nios2-elf/4.1.2/../../../../nios2-elf/lib\libc.a(lib_a-strtoul.o)
                0x03210b64                _strtoul_r
                0x03210d94                strtoul
 .text          0x03210db8      0x2f0 c:/altera/12.1sp1/nios2eds/bin/gnu/h-i686-mingw32/bin/../lib/gcc/nios2-elf/4.1.2/../../../../nios2-elf/lib\libc.a(lib_a-strtoull_r.o)
                0x03210db8                _strtoull_r
 .text          0x032110a8      0x294 c:/altera/12.1sp1/nios2eds/bin/gnu/h-i686-mingw32/bin/../lib/gcc/nios2-elf/4.1.2/../../../../nios2-elf/lib\libc.a(lib_a-ungetc.o)
                0x032110a8                __submore
                0x03211184                _ungetc_r
                0x03211320                ungetc
 .text          0x0321133c       0xb4 c:/altera/12.1sp1/nios2eds/bin/gnu/h-i686-mingw32/bin/../lib/gcc/nios2-elf/4.1.2/../../../../nios2-elf/lib\libc.a(lib_a-callocr.o)
                0x0321133c                _calloc_r
 .text          0x032113f0      0x8f4 c:/altera/12.1sp1/nios2eds/bin/gnu/h-i686-mingw32/bin/../lib/gcc/nios2-elf/4.1.2/../../../../nios2-elf/lib\libc.a(lib_a-gdtoa-gethex.o)
                0x03211414                __hexdig_init
                0x0321152c                __gethex
 .text          0x03211ce4      0x294 c:/altera/12.1sp1/nios2eds/bin/gnu/h-i686-mingw32/bin/../lib/gcc/nios2-elf/4.1.2/../../../../nios2-elf/lib\libc.a(lib_a-gdtoa-hexnan.o)
                0x03211d30                __hexnan
 .text          0x03211f78       0x98 c:/altera/12.1sp1/nios2eds/bin/gnu/h-i686-mingw32/bin/../lib/gcc/nios2-elf/4.1.2\libgcc.a(_muldi3.o)
                0x03211f78                __muldi3
 .text          0x03212010       0xa4 c:/altera/12.1sp1/nios2eds/bin/gnu/h-i686-mingw32/bin/../lib/gcc/nios2-elf/4.1.2\libgcc.a(_fixunsdfsi.o)
                0x03212010                __fixunsdfsi
 .text          0x032120b4      0x5dc c:/altera/12.1sp1/nios2eds/bin/gnu/h-i686-mingw32/bin/../lib/gcc/nios2-elf/4.1.2\libgcc.a(_udivdi3.o)
                0x032120b4                __udivdi3
 .text          0x03212690      0x5b0 c:/altera/12.1sp1/nios2eds/bin/gnu/h-i686-mingw32/bin/../lib/gcc/nios2-elf/4.1.2\libgcc.a(_umoddi3.o)
                0x03212690                __umoddi3
 .text          0x03212c40       0x78 c:/altera/12.1sp1/nios2eds/bin/gnu/h-i686-mingw32/bin/../lib/gcc/nios2-elf/4.1.2\libgcc.a(_ne_sf.o)
                0x03212c40                __nesf2
 .text          0x03212cb8       0x78 c:/altera/12.1sp1/nios2eds/bin/gnu/h-i686-mingw32/bin/../lib/gcc/nios2-elf/4.1.2\libgcc.a(_gt_sf.o)
                0x03212cb8                __gtsf2
 .text          0x03212d30       0x78 c:/altera/12.1sp1/nios2eds/bin/gnu/h-i686-mingw32/bin/../lib/gcc/nios2-elf/4.1.2\libgcc.a(_lt_sf.o)
                0x03212d30                __ltsf2
 .text          0x03212da8      0x504 c:/altera/12.1sp1/nios2eds/bin/gnu/h-i686-mingw32/bin/../lib/gcc/nios2-elf/4.1.2\libgcc.a(_addsub_df.o)
                0x032131b8                __subdf3
                0x03213238                __adddf3
 .text          0x032132ac      0x3c4 c:/altera/12.1sp1/nios2eds/bin/gnu/h-i686-mingw32/bin/../lib/gcc/nios2-elf/4.1.2\libgcc.a(_mul_df.o)
                0x032132ac                __muldf3
 .text          0x03213670      0x258 c:/altera/12.1sp1/nios2eds/bin/gnu/h-i686-mingw32/bin/../lib/gcc/nios2-elf/4.1.2\libgcc.a(_div_df.o)
                0x03213670                __divdf3
 .text          0x032138c8       0x88 c:/altera/12.1sp1/nios2eds/bin/gnu/h-i686-mingw32/bin/../lib/gcc/nios2-elf/4.1.2\libgcc.a(_eq_df.o)
                0x032138c8                __eqdf2
 .text          0x03213950       0x88 c:/altera/12.1sp1/nios2eds/bin/gnu/h-i686-mingw32/bin/../lib/gcc/nios2-elf/4.1.2\libgcc.a(_ne_df.o)
                0x03213950                __nedf2
 .text          0x032139d8       0x88 c:/altera/12.1sp1/nios2eds/bin/gnu/h-i686-mingw32/bin/../lib/gcc/nios2-elf/4.1.2\libgcc.a(_gt_df.o)
                0x032139d8                __gtdf2
 .text          0x03213a60       0x88 c:/altera/12.1sp1/nios2eds/bin/gnu/h-i686-mingw32/bin/../lib/gcc/nios2-elf/4.1.2\libgcc.a(_ge_df.o)
                0x03213a60                __gedf2
 .text          0x03213ae8       0x88 c:/altera/12.1sp1/nios2eds/bin/gnu/h-i686-mingw32/bin/../lib/gcc/nios2-elf/4.1.2\libgcc.a(_lt_df.o)
                0x03213ae8                __ltdf2
 .text          0x03213b70       0x88 c:/altera/12.1sp1/nios2eds/bin/gnu/h-i686-mingw32/bin/../lib/gcc/nios2-elf/4.1.2\libgcc.a(_le_df.o)
                0x03213b70                __ledf2
 .text          0x03213bf8       0xf8 c:/altera/12.1sp1/nios2eds/bin/gnu/h-i686-mingw32/bin/../lib/gcc/nios2-elf/4.1.2\libgcc.a(_si_to_df.o)
                0x03213bf8                __floatsidf
 .text          0x03213cf0       0xd8 c:/altera/12.1sp1/nios2eds/bin/gnu/h-i686-mingw32/bin/../lib/gcc/nios2-elf/4.1.2\libgcc.a(_df_to_si.o)
                0x03213cf0                __fixdfsi
 .text          0x03213dc8       0x74 c:/altera/12.1sp1/nios2eds/bin/gnu/h-i686-mingw32/bin/../lib/gcc/nios2-elf/4.1.2\libgcc.a(_df_to_sf.o)
                0x03213dc8                __truncdfsf2
 .text          0x03213e3c        0x0 c:/altera/12.1sp1/nios2eds/bin/gnu/h-i686-mingw32/bin/../lib/gcc/nios2-elf/4.1.2\libgcc.a(_thenan_df.o)
 .text          0x03213e3c      0x194 c:/altera/12.1sp1/nios2eds/bin/gnu/h-i686-mingw32/bin/../lib/gcc/nios2-elf/4.1.2\libgcc.a(_usi_to_df.o)
                0x03213e3c                __floatunsidf
 .text          0x03213fd0        0x0 c:/altera/12.1sp1/nios2eds/bin/gnu/h-i686-mingw32/bin/../lib/gcc/nios2-elf/4.1.2\libgcc.a(_clz.o)
 .text          0x03213fd0       0x80 c:/altera/12.1sp1/nios2eds/bin/gnu/h-i686-mingw32/bin/../lib/gcc/nios2-elf/4.1.2\libgcc.a(_clzsi2.o)
                0x03213fd0                __clzsi2
 .text          0x03214050       0xc8 c:/altera/12.1sp1/nios2eds/bin/gnu/h-i686-mingw32/bin/../lib/gcc/nios2-elf/4.1.2\libgcc.a(_unpack_sf.o)
                0x03214050                __unpack_f
 .text          0x03214118       0xa8 c:/altera/12.1sp1/nios2eds/bin/gnu/h-i686-mingw32/bin/../lib/gcc/nios2-elf/4.1.2\libgcc.a(_fpcmp_parts_sf.o)
                0x03214118                __fpcmp_parts_f
 .text          0x032141c0       0x2c c:/altera/12.1sp1/nios2eds/bin/gnu/h-i686-mingw32/bin/../lib/gcc/nios2-elf/4.1.2\libgcc.a(_make_sf.o)
                0x032141c0                __make_fp
 .text          0x032141ec      0x314 c:/altera/12.1sp1/nios2eds/bin/gnu/h-i686-mingw32/bin/../lib/gcc/nios2-elf/4.1.2\libgcc.a(_pack_df.o)
                0x032141ec                __pack_d
 .text          0x03214500      0x138 c:/altera/12.1sp1/nios2eds/bin/gnu/h-i686-mingw32/bin/../lib/gcc/nios2-elf/4.1.2\libgcc.a(_unpack_df.o)
                0x03214500                __unpack_d
 .text          0x03214638       0xc8 c:/altera/12.1sp1/nios2eds/bin/gnu/h-i686-mingw32/bin/../lib/gcc/nios2-elf/4.1.2\libgcc.a(_fpcmp_parts_df.o)
                0x03214638                __fpcmp_parts_d
 .text          0x03214700      0x160 c:/altera/12.1sp1/nios2eds/bin/gnu/h-i686-mingw32/bin/../lib/gcc/nios2-elf/4.1.2\libgcc.a(_pack_sf.o)
                0x03214700                __pack_f
 .text          0x03214860       0xd0 ../SocketServer_bsp\libucosii_bsp.a(alt_flash_dev.o)
                0x03214860                alt_flash_open_dev
                0x032148dc                alt_flash_close_dev
 .text          0x03214930      0x134 ../SocketServer_bsp\libucosii_bsp.a(alt_fstat.o)
                0x03214930                fstat
 .text          0x03214a64      0x120 ../SocketServer_bsp\libucosii_bsp.a(alt_isatty.o)
                0x03214a64                isatty
 .text          0x03214b84       0xec ../SocketServer_bsp\libucosii_bsp.a(alt_load.o)
                0x03214b84                alt_load
 .text          0x03214c70      0x150 ../SocketServer_bsp\libucosii_bsp.a(alt_lseek.o)
                0x03214c70                lseek
 .text          0x03214dc0       0xc8 ../SocketServer_bsp\libucosii_bsp.a(alt_main.o)
                0x03214dc0                alt_main
 .text          0x03214e88      0x2c4 ../SocketServer_bsp\libucosii_bsp.a(alt_open.o)
                0x03214f64                open
 .text          0x0321514c       0x60 ../SocketServer_bsp\libucosii_bsp.a(alt_release_fd.o)
                0x0321514c                alt_release_fd
 .text          0x032151ac       0xbc ../SocketServer_bsp\libucosii_bsp.a(alt_sbrk.o)
                0x032151ac                sbrk
 .text          0x03215268      0x108 ../SocketServer_bsp\libucosii_bsp.a(alt_env_lock.o)
                0x03215268                __env_lock
                0x03215314                __env_unlock
 .text          0x03215370      0x1d8 ../SocketServer_bsp\libucosii_bsp.a(alt_malloc_lock.o)
                0x03215370                __malloc_lock
                0x03215478                __malloc_unlock
 .text          0x03215548     0x2128 ../SocketServer_bsp\libucosii_bsp.a(os_core.o)
                0x03215548                OSEventNameGet
                0x03215678                OSEventNameSet
                0x032157bc                OSEventPendMulti
                0x03215e70                OSInit
                0x03215ec4                OSIntEnter
                0x03215f40                OSIntExit
                0x03216040                OSSchedLock
                0x032160cc                OSSchedUnlock
                0x032161b0                OSStart
                0x03216220                OSStatInit
                0x032162cc                OSTimeTick
                0x0321650c                OSVersion
                0x0321652c                OS_Dummy
                0x03216548                OS_EventTaskRdy
                0x032166dc                OS_EventTaskWait
                0x032167ec                OS_EventTaskWaitMulti
                0x03216940                OS_EventTaskRemove
                0x032169f8                OS_EventTaskRemoveMulti
                0x03216afc                OS_EventWaitListInit
                0x03216ec8                OS_MemClr
                0x03216f1c                OS_MemCopy
                0x03216f88                OS_Sched
                0x032170cc                OS_StrCopy
                0x0321714c                OS_StrLen
                0x032171a4                OS_TaskIdle
                0x03217200                OS_TaskStat
                0x032172c8                OS_TaskStatStkChk
                0x03217390                OS_TCBInit
 .text          0x03217670      0x18c ../SocketServer_bsp\libucosii_bsp.a(os_dbg.o)
                0x03217670                OSDebugInit
 .text          0x032177fc     0x193c ../SocketServer_bsp\libucosii_bsp.a(os_flag.o)
                0x032177fc                OSFlagAccept
                0x03217b30                OSFlagCreate
                0x03217c6c                OSFlagDel
                0x03217f14                OSFlagNameGet
                0x03218058                OSFlagNameSet
                0x032181ac                OSFlagPend
                0x032187f0                OSFlagPendGetFlagsRdy
                0x03218858                OSFlagPost
                0x03218c00                OSFlagQuery
                0x03218e98                OS_FlagInit
                0x0321908c                OS_FlagUnlink
 .text          0x03219138      0x808 ../SocketServer_bsp\libucosii_bsp.a(os_mem.o)
                0x03219138                OSMemCreate
                0x03219354                OSMemGet
                0x03219458                OSMemNameGet
                0x03219564                OSMemNameSet
                0x03219684                OSMemPut
                0x03219774                OSMemQuery
                0x03219870                OS_MemInit
 .text          0x03219940     0x1334 ../SocketServer_bsp\libucosii_bsp.a(os_q.o)
                0x03219940                OSQAccept
                0x03219a94                OSQCreate
                0x03219ca8                OSQDel
                0x03219fa8                OSQFlush
                0x0321a070                OSQPend
                0x0321a390                OSQPendAbort
                0x0321a50c                OSQPost
                0x0321a68c                OSQPostFront
                0x0321a814                OSQPostOpt
                0x0321aa48                OSQQuery
                0x0321abc8                OS_QInit
 .text          0x0321ac74      0xbc8 ../SocketServer_bsp\libucosii_bsp.a(os_sem.o)
                0x0321ac74                OSSemAccept
                0x0321ad34                OSSemCreate
                0x0321ae48                OSSemDel
                0x0321b0e8                OSSemPend
                0x0321b364                OSSemPendAbort
                0x0321b4e0                OSSemPost
                0x0321b608                OSSemQuery
                0x0321b738                OSSemSet
 .text          0x0321b83c     0x1a40 ../SocketServer_bsp\libucosii_bsp.a(os_task.o)
                0x0321b83c                OSTaskChangePrio
                0x0321bdb0                OSTaskCreate
                0x0321bf84                OSTaskCreateExt
                0x0321c184                OSTaskDel
                0x0321c590                OSTaskDelReq
                0x0321c700                OSTaskNameGet
                0x0321c8b8                OSTaskNameSet
                0x0321ca7c                OSTaskResume
                0x0321cc94                OSTaskStkChk
                0x0321ce90                OSTaskSuspend
                0x0321d0bc                OSTaskQuery
                0x0321d200                OS_TaskStkClr
 .text          0x0321d27c      0x598 ../SocketServer_bsp\libucosii_bsp.a(os_time.o)
                0x0321d27c                OSTimeDly
                0x0321d3c8                OSTimeDlyHMSM
                0x0321d53c                OSTimeDlyResume
                0x0321d74c                OSTimeGet
                0x0321d7b0                OSTimeSet
 .text          0x0321d814      0x13c ../SocketServer_bsp\libucosii_bsp.a(alt_sys_init.o)
                0x0321d814                alt_irq_init
                0x0321d848                alt_sys_init
 .text          0x0321d950      0x8c8 ../SocketServer_bsp\libucosii_bsp.a(altera_avalon_cfi_flash.o)
                0x0321d950                alt_flash_cfi_init
                0x0321da24                alt_flash_cfi_write
                0x0321dce4                alt_flash_cfi_get_info
                0x0321dd74                alt_flash_cfi_read
                0x0321dddc                alt_write_value_to_flash
                0x0321df40                alt_flash_program_block
 .text          0x0321e218     0x14a8 ../SocketServer_bsp\libucosii_bsp.a(altera_avalon_cfi_flash_table.o)
                0x0321e218                alt_read_query_entry_8bit
                0x0321e258                alt_read_query_entry_16bit
                0x0321e29c                alt_read_query_entry_32bit
                0x0321e2e4                alt_write_flash_command_8bit_device_8bit_mode
                0x0321e320                alt_write_flash_command_16bit_device_8bit_mode
                0x0321e39c                alt_write_flash_command_32bit_device_8bit_mode
                0x0321e3e4                alt_write_flash_command_16bit_device_16bit_mode
                0x0321e428                alt_write_flash_command_32bit_device_16bit_mode
                0x0321e470                alt_write_flash_command_32bit_device_32bit_mode
                0x0321e4b8                alt_write_native_8bit
                0x0321e4ec                alt_write_native_16bit
                0x0321e520                alt_write_native_32bit
                0x0321e550                alt_set_flash_width_func
                0x0321e730                alt_set_flash_algorithm_func
                0x0321e858                alt_read_cfi_table
                0x0321ee38                alt_read_cfi_width
                0x0321f5e4                alt_check_primary_table
 .text          0x0321f6c0      0x148 ../SocketServer_bsp\libucosii_bsp.a(altera_avalon_jtag_uart_fd.o)
                0x0321f6c0                altera_avalon_jtag_uart_read_fd
                0x0321f718                altera_avalon_jtag_uart_write_fd
                0x0321f770                altera_avalon_jtag_uart_close_fd
                0x0321f7b8                altera_avalon_jtag_uart_ioctl_fd
 .text          0x0321f808      0x580 ../SocketServer_bsp\libucosii_bsp.a(altera_avalon_jtag_uart_init.o)
                0x0321f808                altera_avalon_jtag_uart_init
                0x0321fd14                altera_avalon_jtag_uart_close
 .text          0x0321fd88       0xf4 ../SocketServer_bsp\libucosii_bsp.a(altera_avalon_jtag_uart_ioctl.o)
                0x0321fd88                altera_avalon_jtag_uart_ioctl
 .text          0x0321fe7c      0x2c0 ../SocketServer_bsp\libucosii_bsp.a(altera_avalon_jtag_uart_read.o)
                0x0321fe7c                altera_avalon_jtag_uart_read
 .text          0x0322013c      0x2dc ../SocketServer_bsp\libucosii_bsp.a(altera_avalon_jtag_uart_write.o)
                0x0322013c                altera_avalon_jtag_uart_write
 .text          0x03220418      0xf3c ../SocketServer_bsp\libucosii_bsp.a(altera_avalon_lcd_16207.o)
                0x03220bec                altera_avalon_lcd_16207_write
                0x032211f0                altera_avalon_lcd_16207_init
 .text          0x03221354       0x58 ../SocketServer_bsp\libucosii_bsp.a(altera_avalon_lcd_16207_fd.o)
                0x03221354                altera_avalon_lcd_16207_write_fd
 .text          0x032213ac       0xfc ../SocketServer_bsp\libucosii_bsp.a(altera_avalon_timer_sc.o)
                0x03221420                alt_avalon_timer_sc_init
 .text          0x032214a8      0x3b8 ../SocketServer_bsp\libucosii_bsp.a(avalon_locator.o)
                0x032214a8                locator_init
                0x032214e8                get_current_corners
                0x032216ac                set_search_window
                0x032217b0                get_search_window
 .text          0x03221860     0x12e0 ../SocketServer_bsp\libucosii_bsp.a(ins_eth_ocm.o)
                0x03221860                eth_ocm_prep
                0x03221a1c                eth_ocm_init
                0x032228ec                eth_ocm_stats
                0x03222a58                eth_ocm_close
 .text          0x03222b40       0x54 ../SocketServer_bsp\libucosii_bsp.a(alt_iniche_close.o)
                0x03222b40                close
 .text          0x03222b94      0x144 ../SocketServer_bsp\libucosii_bsp.a(alt_iniche_dev.o)
                0x03222b94                iniche_devices_init
 .text          0x03222cd8       0x78 ../SocketServer_bsp\libucosii_bsp.a(alt_iniche_read.o)
                0x03222cd8                read
 .text          0x03222d50       0x70 ../SocketServer_bsp\libucosii_bsp.a(alt_iniche_write.o)
                0x03222d50                write
 .text          0x03222dc0      0xedc ../SocketServer_bsp\libucosii_bsp.a(ipnet.o)
                0x03222dc0                Netinit
                0x0322340c                fixup_subnet_mask
                0x0322356c                netclose
                0x03223654                pktdemux
                0x03223a28                c_older
                0x03223af8                ip2mac
 .text          0x03223c9c      0x4b0 ../SocketServer_bsp\libucosii_bsp.a(ipstart.o)
                0x03223c9c                ip_startup
                0x03223f80                exit_hook
                0x03223fec                ip_exit
                0x032240bc                if_netnumber
 .text          0x0322414c     0x1010 ../SocketServer_bsp\libucosii_bsp.a(igmp_cmn.o)
                0x0322414c                igmp_init
                0x032241fc                igmp_input
                0x032242f4                igmp_fasttimo
                0x03224490                igmp_send
                0x03224738                igmp_joingroup
                0x032249a4                igmp_leavegroup
                0x03224a20                igmp_validate
                0x03224d7c                igmp_print_stats
 .text          0x0322515c      0xb50 ../SocketServer_bsp\libucosii_bsp.a(bsdsock.o)
                0x0322515c                bsd_accept
                0x03225294                bsd_getpeername
                0x032253c0                bsd_getsockname
                0x032254ec                bsd_i_sockoptlen
                0x032256a4                bsd_getsockopt
                0x032257c4                bsd_ioctl
                0x032258c8                bsd_inet_ntoa
                0x032258f8                bsd_recvfrom
                0x03225a58                bsd_select
                0x03225bc0                bsd_setsockopt
 .text          0x03225cac      0x118 ../SocketServer_bsp\libucosii_bsp.a(cksum.o)
                0x03225cac                ccksum
                0x03225d5c                cksum
 .text          0x03225dc4      0xa9c ../SocketServer_bsp\libucosii_bsp.a(in_utils.o)
                0x03225dc4                do_trap
                0x03225df0                nextarg
                0x03225e6c                hexdump
                0x03225fb4                print_ipad
                0x03226028                print_uptime
                0x03226154                panic
                0x03226198                print_eth
                0x032262fc                uslash
                0x0322637c                ns_printf
                0x03226500                std_out
                0x03226544                con_page
                0x03226634                parse_args
 .text          0x03226860      0x1c8 ../SocketServer_bsp\libucosii_bsp.a(netmain.o)
                0x03226860                netmain
                0x03226954                tk_netmain
                0x032269dc                tk_nettick
 .text          0x03226a28      0x5e8 ../SocketServer_bsp\libucosii_bsp.a(tk_crnos.o)
                0x03226a28                TK_OSTimeDly
                0x03226a54                TK_OSTaskResume
                0x03226ac4                tcp_sleep
                0x03226c64                tcp_wakeup
                0x03226d68                TK_OSTaskQuery
                0x03226ddc                tk_yield
                0x03226e08                tk_stats
 .text          0x03227010     0x2f40 ../SocketServer_bsp\libucosii_bsp.a(dhcpclnt.o)
                0x03227010                dhc_get_srv_ipaddr
                0x032270a0                dhc_init
                0x0322715c                dhc_set_callback
                0x032271a0                dhc_upcall
                0x032279d0                dhc_buildheader
                0x03227bec                dhc_discover
                0x03228104                dhc_rx_offer
                0x03228208                dhc_request
                0x03228d44                dhc_setip
                0x03228fc4                dhc_resetip
                0x032290a8                dhc_decline
                0x0322928c                dhc_extract_opts
                0x03229548                dhc_second
                0x03229ae4                dhc_halt
                0x03229b6c                dhc_reclaim
                0x03229d3c                dhc_state_init
                0x03229d9c                dhc_alldone
                0x03229e2c                dhc_ifacedone
                0x03229ea0                dhc_set_state
 .text          0x03229f50       0xcc ../SocketServer_bsp\libucosii_bsp.a(dhcputil.o)
                0x03229f50                find_opt
 .text          0x0322a01c      0x79c ../SocketServer_bsp\libucosii_bsp.a(pktalloc.o)
                0x0322a01c                pk_init
                0x0322a2ac                pk_alloc
                0x0322a388                pk_validate
                0x0322a640                pk_free
                0x0322a6ec                pk_get_max_intrsafe_buf_len
                0x0322a70c                dump_buf_estats
 .text          0x0322a7b8      0x288 ../SocketServer_bsp\libucosii_bsp.a(q.o)
                0x0322a7b8                getq
                0x0322a880                putq
                0x0322a930                qdel
 .text          0x0322aa40      0x31c ../SocketServer_bsp\libucosii_bsp.a(udp_open.o)
                0x0322aa40                udp_open
                0x0322ac78                udp_close
 .text          0x0322ad5c      0x194 ../SocketServer_bsp\libucosii_bsp.a(asm_cksum.o)
                0x0322ad5c                asm_cksum
 .text          0x0322aef0      0x2a0 ../SocketServer_bsp\libucosii_bsp.a(brdutils.o)
                0x0322aef0                dtrap
                0x0322af20                kbhit
                0x0322afcc                getch
                0x0322b02c                clock_init
                0x0322b068                clock_c
                0x0322b084                cticks_hook
                0x0322b0f0                irq_Mask
                0x0322b14c                irq_Unmask
 .text          0x0322b190      0x488 ../SocketServer_bsp\libucosii_bsp.a(osportco.o)
                0x0322b190                LOCK_NET_RESOURCE
                0x0322b250                UNLOCK_NET_RESOURCE
                0x0322b2d8                TK_NEWTASK
                0x0322b4ec                wait_app_sem
                0x0322b5a0                post_app_sem
 .text          0x0322b618      0x568 ../SocketServer_bsp\libucosii_bsp.a(targnios.o)
                0x0322b618                alt_iniche_init
                0x0322b834                pre_task_setup
                0x0322b8a8                post_task_setup
                0x0322b8c8                prep_armintcp
                0x0322b900                calloc2
                0x0322b934                npalloc
                0x0322ba28                npfree
                0x0322bae0                ncpalloc
                0x0322bb34                ncpfree
 .text          0x0322bb80     0x197c ../SocketServer_bsp\libucosii_bsp.a(nptcp.o)
                0x0322bb80                pffindtype
                0x0322bc20                pffindproto
                0x0322bcf0                m_getnbuf
                0x0322be98                m_free
                0x0322bfcc                m_freem
                0x0322c010                m_copy
                0x0322c334                m_adj
                0x0322c504                mbuf_len
                0x0322c55c                dtom
                0x0322c604                remque
                0x0322c674                insque
                0x0322c6f0                nptcp_init
                0x0322c814                tcp_rcv
                0x0322ca00                ip_output
                0x0322cff8                in_broadcast
                0x0322d038                np_stripoptions
                0x0322d120                so_icmpdu
                0x0322d478                tcp_tick
 .text          0x0322d4fc      0xa2c ../SocketServer_bsp\libucosii_bsp.a(rawsock.o)
                0x0322d4fc                rawip_lookup
                0x0322d56c                rawip_soinput
                0x0322d740                rawip_usrreq
 .text          0x0322df28     0x17fc ../SocketServer_bsp\libucosii_bsp.a(sockcall.o)
                0x0322df28                DOMAIN_CHECK
                0x0322df74                t_socket
                0x0322e004                t_bind
                0x0322e180                t_listen
                0x0322e264                t_accept
                0x0322e4fc                t_connect
                0x0322e7a4                t_getpeername
                0x0322e7e8                t_getsockname
                0x0322ea28                t_setsockopt
                0x0322ec04                t_getsockopt
                0x0322eda8                t_recv
                0x0322ee98                t_recvfrom
                0x0322efe8                t_sendto
                0x0322f214                t_send
                0x0322f43c                t_shutdown
                0x0322f520                t_socketclose
                0x0322f688                t_errno
 .text          0x0322f724     0x2374 ../SocketServer_bsp\libucosii_bsp.a(socket.o)
                0x0322f724                socreate
                0x0322f8f0                sobind
                0x0322f94c                solisten
                0x0322fa3c                sofree
                0x0322fb6c                soclose
                0x0322fe60                soabort
                0x0322feb0                soaccept
                0x0322ff4c                soconnect
                0x03230020                sodisconnect
                0x032300c0                sosend
                0x032306c8                soreceive
                0x03230eac                soshutdown
                0x03230f54                sorflush
                0x03231054                sosetopt
                0x03231514                sogetopt
                0x03231a54                sohasoutofband
 .text          0x03231a98     0x1318 ../SocketServer_bsp\libucosii_bsp.a(socket2.o)
                0x03231a98                soisconnecting
                0x03231b04                soisconnected
                0x03231c00                soisdisconnecting
                0x03231c8c                soisdisconnected
                0x03231d48                sonewconn
                0x03231f64                soqinsque
                0x03232010                soqremque
                0x03232130                socantsendmore
                0x03232180                socantrcvmore
                0x032321d0                sbselqueue
                0x03232208                sbwait
                0x03232270                sbwakeup
                0x0323230c                soreserve
                0x0323238c                sbreserve
                0x032323ec                sbrelease
                0x03232434                sbappend
                0x032324dc                sbappendrecord
                0x032325bc                sbappendaddr
                0x032327c4                sbcompress
                0x032329ac                sbflush
                0x03232a3c                sbdrop
                0x03232c0c                sbdropend
                0x03232d1c                sbdroprecord
 .text          0x03232db0      0x914 ../SocketServer_bsp\libucosii_bsp.a(soselect.o)
                0x03232db0                t_select
                0x03232fd0                sock_selscan
                0x03233128                sock_select
                0x0323333c                in_pcbnotify
                0x03233408                tcp_notify
                0x03233470                ifd_clr
                0x03233560                ifd_set
                0x032335d4                ifd_isset
                0x03233654                ifd_get
 .text          0x032336c4     0x2fe8 ../SocketServer_bsp\libucosii_bsp.a(tcp_in.o)
                0x032336c4                tcp_reass
                0x03233acc                tcp_input
                0x03236020                tcp_dooptions
                0x032361b0                tcp_pulloutofband
                0x032362dc                tcp_xmit_timer
                0x03236548                ip4_tcpmss
                0x03236590                tcp_mss
 .text          0x032366ac     0x1360 ../SocketServer_bsp\libucosii_bsp.a(tcp_out.o)
                0x032366ac                tcp_output
                0x03237828                tcp_setpersist
 .text          0x03237a0c      0x9e8 ../SocketServer_bsp\libucosii_bsp.a(tcp_subr.o)
                0x03237a0c                tcp_init
                0x03237a64                tcp_template
                0x03237b7c                tcp_respond
                0x03238004                tcp_newtcpcb
                0x0323811c                tcp_drop
                0x032381c8                tcp_close
                0x032382b0                tcp_quench
                0x032382fc                tcp_putseq
                0x0323837c                tcp_getseq
 .text          0x032383f4      0x798 ../SocketServer_bsp\libucosii_bsp.a(tcp_timr.o)
                0x032383f4                tcp_slowtimo
                0x03238694                tcp_canceltimers
                0x032386f0                tcp_timers
 .text          0x03238b8c      0x9ec ../SocketServer_bsp\libucosii_bsp.a(tcp_usr.o)
                0x03238b8c                tcp_usrreq
                0x03239290                tcp_attach
                0x032393c4                tcp_disconnect
                0x03239498                tcp_usrclosed
 .text          0x03239578       0x4c ../SocketServer_bsp\libucosii_bsp.a(tcpport.o)
                0x03239578                tcpinit
 .text          0x032395c4      0xd20 ../SocketServer_bsp\libucosii_bsp.a(udpsock.o)
                0x032395c4                udp_lookup
                0x03239634                udp_soinput
                0x032397ec                udp_usrreq
                0x03239a70                udp4_sockbind
                0x03239dac                udp4_socksend
                0x0323a188                udp4_sockaddr
 .text          0x0323a2e4      0x154 ../SocketServer_bsp\libucosii_bsp.a(alt_alarm_start.o)
                0x0323a2e4                alt_alarm_start
 .text          0x0323a438      0x15c ../SocketServer_bsp\libucosii_bsp.a(alt_close.o)
                0x0323a438                alt_close
 .text          0x0323a594       0x78 ../SocketServer_bsp\libucosii_bsp.a(alt_dcache_flush.o)
                0x0323a594                alt_dcache_flush
 .text          0x0323a60c       0x44 ../SocketServer_bsp\libucosii_bsp.a(alt_dcache_flush_all.o)
                0x0323a60c                alt_dcache_flush_all
 .text          0x0323a650       0x2c ../SocketServer_bsp\libucosii_bsp.a(alt_dev.o)
 .text          0x0323a67c      0x114 ../SocketServer_bsp\libucosii_bsp.a(alt_dev_llist_insert.o)
                0x0323a67c                alt_dev_llist_insert
 .text          0x0323a790       0x64 ../SocketServer_bsp\libucosii_bsp.a(alt_do_ctors.o)
                0x0323a790                _do_ctors
 .text          0x0323a7f4       0x64 ../SocketServer_bsp\libucosii_bsp.a(alt_do_dtors.o)
                0x0323a7f4                _do_dtors
 .text          0x0323a858        0x0 ../SocketServer_bsp\libucosii_bsp.a(alt_errno.o)
 .text          0x0323a858       0x94 ../SocketServer_bsp\libucosii_bsp.a(alt_find_dev.o)
                0x0323a858                alt_find_dev
 .text          0x0323a8ec      0x120 ../SocketServer_bsp\libucosii_bsp.a(alt_find_file.o)
                0x0323a8ec                alt_find_file
 .text          0x0323aa0c       0xf4 ../SocketServer_bsp\libucosii_bsp.a(alt_get_fd.o)
                0x0323aa0c                alt_get_fd
 .text          0x0323ab00       0x30 ../SocketServer_bsp\libucosii_bsp.a(alt_icache_flush_all.o)
                0x0323ab00                alt_icache_flush_all
 .text          0x0323ab30      0x13c ../SocketServer_bsp\libucosii_bsp.a(alt_io_redirect.o)
                0x0323abf4                alt_io_redirect
 .text          0x0323ac6c      0x1c0 ../SocketServer_bsp\libucosii_bsp.a(alt_irq_register.o)
                0x0323ac6c                alt_irq_register
 .text          0x0323ae2c        0x0 ../SocketServer_bsp\libucosii_bsp.a(alt_irq_vars.o)
 .text          0x0323ae2c      0x180 ../SocketServer_bsp\libucosii_bsp.a(alt_read.o)
                0x0323ae2c                alt_read
 .text          0x0323afac       0x38 ../SocketServer_bsp\libucosii_bsp.a(alt_remap_cached.o)
                0x0323afac                alt_remap_cached
 .text          0x0323afe4       0x40 ../SocketServer_bsp\libucosii_bsp.a(alt_remap_uncached.o)
                0x0323afe4                alt_remap_uncached
 .text          0x0323b024      0x1a8 ../SocketServer_bsp\libucosii_bsp.a(alt_tick.o)
                0x0323b024                alt_alarm_stop
                0x0323b0bc                alt_tick
 .text          0x0323b1cc      0x118 ../SocketServer_bsp\libucosii_bsp.a(alt_usleep.o)
                0x0323b1cc                usleep
 .text          0x0323b2e4      0x180 ../SocketServer_bsp\libucosii_bsp.a(alt_write.o)
                0x0323b2e4                alt_write
 .text          0x0323b464       0x20 ../SocketServer_bsp\libucosii_bsp.a(altera_nios2_irq.o)
                0x0323b464                altera_nios2_irq_init
 .text          0x0323b484       0xd0 ../SocketServer_bsp\libucosii_bsp.a(os_cpu_a.o)
                0x0323b484                OSCtxSw
                0x0323b484                OSIntCtxSw
                0x0323b510                OSStartHighRdy
                0x0323b530                OSStartTsk
 .text          0x0323b554      0x424 ../SocketServer_bsp\libucosii_bsp.a(os_cpu_c.o)
                0x0323b554                OSTaskStkInit
                0x0323b864                OSTaskCreateHook
                0x0323b884                OSTaskDelHook
                0x0323b8a4                OSTaskSwHook
                0x0323b8c0                OSTaskStatHook
                0x0323b8dc                OSTimeTickHook
                0x0323b904                OSInitHookBegin
                0x0323b920                OSInitHookEnd
                0x0323b93c                OSTaskIdleHook
                0x0323b958                OSTCBInitHook
 .text          0x0323b978      0x460 ../SocketServer_bsp\libucosii_bsp.a(altera_avalon_cfi_flash_amd.o)
                0x0323b978                alt_program_amd
                0x0323b9e0                alt_erase_block_amd
 .text          0x0323bdd8      0x460 ../SocketServer_bsp\libucosii_bsp.a(altera_avalon_cfi_flash_intel.o)
                0x0323bdd8                alt_program_intel
                0x0323be5c                alt_erase_block_intel
 .text          0x0323c238      0x544 ../SocketServer_bsp\libucosii_bsp.a(eth_ocm_phy.o)
                0x0323c238                eth_ocm_set_phy_addr
                0x0323c2a8                eth_ocm_write_phy_reg
                0x0323c31c                eth_ocm_read_phy_reg
                0x0323c38c                eth_ocm_phy_add_profile
                0x0323c4a4                eth_ocm_phy_init
 .text          0x0323c77c       0xf8 ../SocketServer_bsp\libucosii_bsp.a(eth_ocm_phy_profiles.o)
                0x0323c838                eth_ocm_phy_profiles_init
 .text          0x0323c874      0x3d4 ../SocketServer_bsp\libucosii_bsp.a(allports.o)
                0x0323c874                netmain_init
                0x0323c970                icmp_port_du
                0x0323c9f8                station_state
                0x0323cb44                sysuptime
                0x0323cb80                packet_check
                0x0323cbcc                mcastlist
                0x0323cbf0                prep_modules
 .text          0x0323cc48      0x480 ../SocketServer_bsp\libucosii_bsp.a(timeouts.o)
                0x0323cc48                inet_timer
                0x0323cea4                in_timerset
                0x0323d020                in_timerkill
 .text          0x0323d0c8       0xa4 ../SocketServer_bsp\libucosii_bsp.a(tk_misc.o)
                0x0323d0c8                create_apptasks
                0x0323d0ec                task_stats
 .text          0x0323d16c       0xb0 ../SocketServer_bsp\libucosii_bsp.a(alt_iniche_fcntl.o)
                0x0323d16c                fcntl
 .text          0x0323d21c     0x14a0 ../SocketServer_bsp\libucosii_bsp.a(et_arp.o)
                0x0323d21c                etainit
                0x0323d270                et_send
                0x0323d3ec                arp_free_pending
                0x0323d474                arp_send_pending
                0x0323d4e8                send_arp
                0x0323d980                find_oldest_arp
                0x0323db28                make_arp_entry
                0x0323dc3c                arpReply
                0x0323ded0                arprcv
                0x0323e130                send_via_arp
                0x0323e2d8                cb_arpent_tmo
                0x0323e3f0                grat_arp
 .text          0x0323e6bc      0x298 ../SocketServer_bsp\libucosii_bsp.a(iface.o)
                0x0323e6bc                if_getbynum
                0x0323e740                isbcast
                0x0323e820                reg_type
                0x0323e8bc                if_killsocks
 .text          0x0323e954     0x22a4 ../SocketServer_bsp\libucosii_bsp.a(ip.o)
                0x0323e954                ip_init
                0x0323ea50                ip_bldhead
                0x0323ebf4                ip_write_internal
                0x0323f374                ip_write
                0x0323f5bc                ip_write2
                0x0323f96c                ip_raw_write
                0x0323fa44                ip_fragment_lc
                0x0323fecc                ip_fragment
                0x032404f0                ip_mymach
                0x0324059c                ip_dump
                0x03240854                iproute
                0x03240ac0                ip_copypkt
 .text          0x03240bf8     0x1d9c ../SocketServer_bsp\libucosii_bsp.a(ip_reasm.o)
                0x03240bf8                ip_reasm_match_frag_with_ire
                0x03240cc8                ip_reasm_determine_type_of_frag
                0x03240db4                ip_reasm_check_mem_useage
                0x03240e4c                ip_reasm_incr_mem_useage
                0x03240ef4                ip_reasm_decr_mem_useage
                0x03240f94                ip_reasm_process_first_fragment
                0x03241274                ip_reassm
                0x03241314                ip_reasm_compute_overlap
                0x032418a4                ip_reasm_process_subsequent_fragments
                0x03241e38                ip_reasm_find_ire
                0x03241e9c                ip_reasm_copy_queued_fragments_into_reassy_buffer
                0x032421f8                ip_reasm_process_timer_tick
                0x032422dc                ip_reasm_delete_ire
                0x032424a4                ip_reasm_mark_compact_rfq
                0x032425ec                ipr_stats
                0x03242940                ip_reasm_send_icmp_timex
 .text          0x03242994      0xe3c ../SocketServer_bsp\libucosii_bsp.a(ipdemux.o)
                0x03242994                ip_rcv
                0x03242d94                ip_rcv_phase2
                0x032433a0                ip_demux
 .text          0x032437d0      0x2f0 ../SocketServer_bsp\libucosii_bsp.a(ipmc.o)
                0x032437d0                in_addmulti
                0x03243938                in_delmulti
                0x03243a50                lookup_mcast
 .text          0x03243ac0       0xe4 ../SocketServer_bsp\libucosii_bsp.a(ipport.o)
                0x03243ac0                prep_ifaces
                0x03243b54                netexit
                0x03243b7c                evtmap_setup
 .text          0x03243ba4      0x550 ../SocketServer_bsp\libucosii_bsp.a(ipraw.o)
                0x03243ba4                ip_raw_open
                0x03243c94                ip_raw_close
                0x03243d54                ip_raw_input
                0x03243f8c                ip_raw_alloc
                0x03244058                ip_raw_free
                0x03244098                ip_raw_maxalloc
 .text          0x032440f4      0x6f0 ../SocketServer_bsp\libucosii_bsp.a(iproute.o)
                0x032440f4                rt_lookup
                0x03244278                add_route
                0x032446a0                del_route
 .text          0x032447e4      0xe3c ../SocketServer_bsp\libucosii_bsp.a(udp.o)
                0x032447e4                udpdemux
                0x0324503c                udp_send
                0x032452f4                udpswap
                0x03245424                udp_socket
                0x032454f4                udp_alloc
                0x032455b4                udp_maxalloc
                0x032455e0                udp_free
 .text          0x03245620      0x2e8 ../SocketServer_bsp\libucosii_bsp.a(igmp.o)
                0x03245620                igmpv1_input
 .text          0x03245908      0x7c0 ../SocketServer_bsp\libucosii_bsp.a(igmp2.o)
                0x03245908                igmpv2_input
                0x03245a68                igmpv2_process_report
                0x03245bb4                igmpv2_process_query
                0x03245e00                igmpv2_chk_set_timer
                0x03245f58                igmpv2_chk4_rtr_alert_opt
 .text          0x032460c8      0x8fc ../SocketServer_bsp\libucosii_bsp.a(ipopt.o)
                0x032460c8                IPADDR_TO_NETP
                0x03246210                ip_setmoptions
                0x03246800                ip_getmoptions
                0x03246940                ip_freemoptions
 .text          0x032469c4      0x6ac ../SocketServer_bsp\libucosii_bsp.a(u_mctest.o)
                0x032469c4                u_mctest_init
                0x032469f4                u_mctest_run
 .text          0x03247070      0x38c ../SocketServer_bsp\libucosii_bsp.a(dhcsetup.o)
                0x03247070                dhc_setup
                0x032472f8                dhc_main_ipset
 .text          0x032473fc      0x40c ../SocketServer_bsp\libucosii_bsp.a(memdev.o)
                0x032473fc                init_memdev
                0x03247474                md_fopen
                0x0324749c                md_fclose
                0x032474bc                md_fread
                0x0324763c                md_fwrite
                0x032476bc                md_fseek
                0x032476e8                md_ftell
                0x0324770c                md_fgetc
                0x032477e4                md_unlink
 .text          0x03247808      0x810 ../SocketServer_bsp\libucosii_bsp.a(parseip.o)
                0x03247808                parse_ipad
                0x03247b24                inet_addr
                0x03247b8c                hextoa
                0x03247bfc                inet_pton
                0x03247ca8                inet_ntop
                0x03247d34                print46_addr
                0x03247d94                inet46_addr
                0x03247e58                inet_setport
                0x03247ecc                convert_ip
 .text          0x03248018      0x1cc ../SocketServer_bsp\libucosii_bsp.a(tcpcksum.o)
                0x03248018                tcp_cksum
 .text          0x032481e4      0x900 ../SocketServer_bsp\libucosii_bsp.a(in_pcb.o)
                0x032481e4                in_pcballoc
                0x03248278                in_pcbdetach
                0x032482cc                in_pcbbind
                0x03248520                in_pcbconnect
                0x03248730                in_pcbdisconnect
                0x03248790                in_setsockaddr
                0x0324880c                in_setpeeraddr
                0x03248888                in_pcblookup
 .text          0x03248ae4     0x1a74 ../SocketServer_bsp\libucosii_bsp.a(vfsfiles.o)
                0x03248ae4                set_vfopen_error
                0x03248b0c                get_vfopen_error
                0x03248b2c                vf_alloc_and_link_vop
                0x03248ba8                vf_alloc_buffer
                0x03248c80                vf_free_buffer
                0x03248cd0                vfopen_locked
                0x03249038                vfopen
                0x03249088                vfclose_locked
                0x03249230                vfclose
                0x03249270                vfflush
                0x032492b8                vfgets
                0x0324939c                vfeof
                0x032493f4                vunlink_flag_open_files
                0x03249450                vunlink
                0x03249670                vfread
                0x0324981c                vfwrite_locked
                0x03249c04                vfwrite
                0x03249c64                vfseek
                0x03249de0                vftell
                0x03249f14                vgetc_locked
                0x0324a034                vgetc
                0x0324a07c                vfslookup_locked
                0x0324a1b4                vfslookup
                0x0324a1fc                strippath
                0x0324a3e4                isvfile_locked
                0x0324a448                isvfile
                0x0324a490                vferror
                0x0324a4fc                vclearerr
 .text          0x0324a558       0x24 ../SocketServer_bsp\libucosii_bsp.a(vfsport.o)
                0x0324a558                prep_vfs
 .text          0x0324a57c      0x14c ../SocketServer_bsp\libucosii_bsp.a(alt_busy_sleep.o)
                0x0324a57c                alt_busy_sleep
 .text          0x0324a6c8      0x1b4 ../SocketServer_bsp\libucosii_bsp.a(alt_fcntl.o)
                0x0324a6c8                alt_fcntl
 .text          0x0324a87c       0x90 ../SocketServer_bsp\libucosii_bsp.a(alt_icache_flush.o)
                0x0324a87c                alt_icache_flush
 .text          0x0324a90c        0x0 ../SocketServer_bsp\libucosii_bsp.a(alt_irq_entry.o)
 .text          0x0324a90c        0x0 ../SocketServer_bsp\libucosii_bsp.a(alt_irq_handler.o)
 .text          0x0324a90c     0x130c ../SocketServer_bsp\libucosii_bsp.a(icmp.o)
                0x0324a90c                icmprcv
                0x0324b540                icmp_destun
                0x0324b890                icmp_timex
                0x0324bbc4                icmp_du
 .text          0x0324bc18        0x0 ../SocketServer_bsp\libucosii_bsp.a(alt_exception_entry.o)
 .text          0x0324bc18       0x14 c:/altera/12.1sp1/nios2eds/bin/gnu/h-i686-mingw32/bin/../lib/gcc/nios2-elf/4.1.2/../../../../nios2-elf/lib\libc.a(lib_a-atexit.o)
                0x0324bc18                atexit
 .text          0x0324bc2c       0x18 c:/altera/12.1sp1/nios2eds/bin/gnu/h-i686-mingw32/bin/../lib/gcc/nios2-elf/4.1.2/../../../../nios2-elf/lib\libc.a(lib_a-atoi.o)
                0x0324bc2c                _atoi_r
                0x0324bc38                atoi
 .text          0x0324bc44       0x1c c:/altera/12.1sp1/nios2eds/bin/gnu/h-i686-mingw32/bin/../lib/gcc/nios2-elf/4.1.2/../../../../nios2-elf/lib\libc.a(lib_a-calloc.o)
                0x0324bc44                calloc
 .text          0x0324bc60       0x38 c:/altera/12.1sp1/nios2eds/bin/gnu/h-i686-mingw32/bin/../lib/gcc/nios2-elf/4.1.2/../../../../nios2-elf/lib\libc.a(lib_a-exit.o)
                0x0324bc60                exit
 .text          0x0324bc98       0x28 c:/altera/12.1sp1/nios2eds/bin/gnu/h-i686-mingw32/bin/../lib/gcc/nios2-elf/4.1.2/../../../../nios2-elf/lib\libc.a(lib_a-malloc.o)
                0x0324bc98                free
                0x0324bcac                malloc
 .text          0x0324bcc0       0x74 c:/altera/12.1sp1/nios2eds/bin/gnu/h-i686-mingw32/bin/../lib/gcc/nios2-elf/4.1.2/../../../../nios2-elf/lib\libc.a(lib_a-memcmp.o)
                0x0324bcc0                memcmp
 .text          0x0324bd34       0x8c c:/altera/12.1sp1/nios2eds/bin/gnu/h-i686-mingw32/bin/../lib/gcc/nios2-elf/4.1.2/../../../../nios2-elf/lib\libc.a(lib_a-strcpy.o)
                0x0324bd34                strcpy
 .text          0x0324bdc0       0xf0 c:/altera/12.1sp1/nios2eds/bin/gnu/h-i686-mingw32/bin/../lib/gcc/nios2-elf/4.1.2/../../../../nios2-elf/lib\libc.a(lib_a-strncmp.o)
                0x0324bdc0                strncmp
 .text          0x0324beb0       0xbc c:/altera/12.1sp1/nios2eds/bin/gnu/h-i686-mingw32/bin/../lib/gcc/nios2-elf/4.1.2/../../../../nios2-elf/lib\libc.a(lib_a-strncpy.o)
                0x0324beb0                strncpy
 .text          0x0324bf6c       0x34 c:/altera/12.1sp1/nios2eds/bin/gnu/h-i686-mingw32/bin/../lib/gcc/nios2-elf/4.1.2/../../../../nios2-elf/lib\libc.a(lib_a-vprintf.o)
                0x0324bf6c                _vprintf_r
                0x0324bf80                vprintf
 .text          0x0324bfa0       0x74 c:/altera/12.1sp1/nios2eds/bin/gnu/h-i686-mingw32/bin/../lib/gcc/nios2-elf/4.1.2/../../../../nios2-elf/lib\libc.a(lib_a-vsprintf.o)
                0x0324bfa0                _vsprintf_r
                0x0324bff0                vsprintf
 .text          0x0324c014      0x134 c:/altera/12.1sp1/nios2eds/bin/gnu/h-i686-mingw32/bin/../lib/gcc/nios2-elf/4.1.2/../../../../nios2-elf/lib\libc.a(lib_a-__atexit.o)
                0x0324c014                __register_exitproc
 .text          0x0324c148      0x1b4 c:/altera/12.1sp1/nios2eds/bin/gnu/h-i686-mingw32/bin/../lib/gcc/nios2-elf/4.1.2/../../../../nios2-elf/lib\libc.a(lib_a-__call_atexit.o)
                0x0324c14c                __call_exitprocs
 .text          0x0324c2fc       0x6c ../SocketServer_bsp\libucosii_bsp.a(alt_exit.o)
                0x0324c33c                _exit
 *(.gnu.warning.*)
 *(.fini)
                0x0324c368                PROVIDE (__etext, ABSOLUTE (.))
                0x0324c368                PROVIDE (_etext, ABSOLUTE (.))
                0x0324c368                PROVIDE (etext, ABSOLUTE (.))
 *(.eh_frame_hdr)
                0x0324c368                . = ALIGN (0x4)
                0x0324c368                PROVIDE (__preinit_array_start, ABSOLUTE (.))
 *(.preinit_array)
                0x0324c368                PROVIDE (__preinit_array_end, ABSOLUTE (.))
                0x0324c368                PROVIDE (__init_array_start, ABSOLUTE (.))
 *(.init_array)
                0x0324c368                PROVIDE (__init_array_end, ABSOLUTE (.))
                0x0324c368                PROVIDE (__fini_array_start, ABSOLUTE (.))
 *(.fini_array)
                0x0324c368                PROVIDE (__fini_array_end, ABSOLUTE (.))
 *(.eh_frame)
 *(.gcc_except_table)
 *(.dynamic)
                0x0324c368                PROVIDE (__CTOR_LIST__, ABSOLUTE (.))
 *(.ctors)
 *(SORT(.ctors.*))
 .ctors.65535   0x0324c368        0x4 c:/altera/12.1sp1/nios2eds/bin/gnu/h-i686-mingw32/bin/../lib/gcc/nios2-elf/4.1.2/../../../../nios2-elf/lib\libc.a(lib_a-__call_atexit.o)
                0x0324c36c                PROVIDE (__CTOR_END__, ABSOLUTE (.))
                0x0324c36c                PROVIDE (__DTOR_LIST__, ABSOLUTE (.))
 *(.dtors)
 *(SORT(.dtors.*))
                0x0324c36c                PROVIDE (__DTOR_END__, ABSOLUTE (.))
 *(.jcr)
                0x0324c36c                . = ALIGN (0x4)

.rodata         0x0324c36c     0x4668
                0x0324c36c                PROVIDE (__ram_rodata_start, ABSOLUTE (.))
                0x0324c36c                . = ALIGN (0x4)
 *(.rodata .rodata.* .gnu.linkonce.r.*)
 .rodata        0x0324c36c      0xba4 obj/alt_error_handler.o
 .rodata        0x0324cf10       0x8c obj/camera.o
 .rodata        0x0324cf9c       0x74 obj/main.o
 .rodata        0x0324d010      0x2e4 obj/network_utilities.o
 .rodata        0x0324d2f4      0x4a4 obj/simple_socket_server.o
 .rodata        0x0324d798       0x88 obj/trackers.o
 .rodata        0x0324d820      0x281 c:/altera/12.1sp1/nios2eds/bin/gnu/h-i686-mingw32/bin/../lib/gcc/nios2-elf/4.1.2/../../../../nios2-elf/lib\libc.a(lib_a-ctype_.o)
                0x0324d820                _ctype_
 *fill*         0x0324daa1        0x3 00
 .rodata.str1.4
                0x0324daa4        0x2 c:/altera/12.1sp1/nios2eds/bin/gnu/h-i686-mingw32/bin/../lib/gcc/nios2-elf/4.1.2/../../../../nios2-elf/lib\libc.a(lib_a-impure.o)
                                  0x4 (size before relaxing)
 *fill*         0x0324daa6        0x2 00
 .rodata.str1.4
                0x0324daa8        0x3 c:/altera/12.1sp1/nios2eds/bin/gnu/h-i686-mingw32/bin/../lib/gcc/nios2-elf/4.1.2/../../../../nios2-elf/lib\libc.a(lib_a-perror.o)
                                  0x4 (size before relaxing)
 *fill*         0x0324daab        0x1 00
 .rodata.str1.4
                0x0324daac        0x2 c:/altera/12.1sp1/nios2eds/bin/gnu/h-i686-mingw32/bin/../lib/gcc/nios2-elf/4.1.2/../../../../nios2-elf/lib\libc.a(lib_a-puts.o)
                                  0x4 (size before relaxing)
 *fill*         0x0324daae        0x2 00
 .rodata.str1.4
                0x0324dab0      0x7a2 c:/altera/12.1sp1/nios2eds/bin/gnu/h-i686-mingw32/bin/../lib/gcc/nios2-elf/4.1.2/../../../../nios2-elf/lib\libc.a(lib_a-strerror.o)
                                0x7a8 (size before relaxing)
 *fill*         0x0324e252        0x2 00
 .rodata.str1.4
                0x0324e254       0x5e c:/altera/12.1sp1/nios2eds/bin/gnu/h-i686-mingw32/bin/../lib/gcc/nios2-elf/4.1.2/../../../../nios2-elf/lib\libc.a(lib_a-vfprintf.o)
                                 0x60 (size before relaxing)
 .rodata        0x0324e2b2       0x20 c:/altera/12.1sp1/nios2eds/bin/gnu/h-i686-mingw32/bin/../lib/gcc/nios2-elf/4.1.2/../../../../nios2-elf/lib\libc.a(lib_a-vfprintf.o)
 *fill*         0x0324e2d2        0x2 00
 .rodata.str1.4
                0x0324e2d4        0x5 c:/altera/12.1sp1/nios2eds/bin/gnu/h-i686-mingw32/bin/../lib/gcc/nios2-elf/4.1.2/../../../../nios2-elf/lib\libc.a(lib_a-vfscanf.o)
                                  0x8 (size before relaxing)
 *fill*         0x0324e2d9        0x1 00
 .rodata        0x0324e2da       0x22 c:/altera/12.1sp1/nios2eds/bin/gnu/h-i686-mingw32/bin/../lib/gcc/nios2-elf/4.1.2/../../../../nios2-elf/lib\libc.a(lib_a-vfscanf.o)
 .rodata.str1.4
                0x0324e2fc       0x10 c:/altera/12.1sp1/nios2eds/bin/gnu/h-i686-mingw32/bin/../lib/gcc/nios2-elf/4.1.2/../../../../nios2-elf/lib\libc.a(lib_a-dtoa.o)
                                 0x14 (size before relaxing)
 .rodata.str1.4
                0x0324e30c        0xf c:/altera/12.1sp1/nios2eds/bin/gnu/h-i686-mingw32/bin/../lib/gcc/nios2-elf/4.1.2/../../../../nios2-elf/lib\libc.a(lib_a-locale.o)
                                 0x18 (size before relaxing)
 *fill*         0x0324e31b        0x1 00
 .rodata        0x0324e31c       0x30 c:/altera/12.1sp1/nios2eds/bin/gnu/h-i686-mingw32/bin/../lib/gcc/nios2-elf/4.1.2/../../../../nios2-elf/lib\libc.a(lib_a-locale.o)
 .rodata.str1.4
                0x00000000        0x4 c:/altera/12.1sp1/nios2eds/bin/gnu/h-i686-mingw32/bin/../lib/gcc/nios2-elf/4.1.2/../../../../nios2-elf/lib\libc.a(lib_a-mbrtowc.o)
 .rodata        0x0324e34c      0x124 c:/altera/12.1sp1/nios2eds/bin/gnu/h-i686-mingw32/bin/../lib/gcc/nios2-elf/4.1.2/../../../../nios2-elf/lib\libc.a(lib_a-mprec.o)
                0x0324e34c                __mprec_tens
                0x0324e414                __mprec_bigtens
                0x0324e43c                __mprec_tinytens
 .rodata.str1.4
                0x0324e470        0xf c:/altera/12.1sp1/nios2eds/bin/gnu/h-i686-mingw32/bin/../lib/gcc/nios2-elf/4.1.2/../../../../nios2-elf/lib\libc.a(lib_a-strtod.o)
                                 0x10 (size before relaxing)
 *fill*         0x0324e47f        0x1 00
 .rodata        0x0324e480       0x28 c:/altera/12.1sp1/nios2eds/bin/gnu/h-i686-mingw32/bin/../lib/gcc/nios2-elf/4.1.2/../../../../nios2-elf/lib\libc.a(lib_a-strtod.o)
 .rodata.str1.4
                0x0324e4a8       0x1c c:/altera/12.1sp1/nios2eds/bin/gnu/h-i686-mingw32/bin/../lib/gcc/nios2-elf/4.1.2/../../../../nios2-elf/lib\libc.a(lib_a-gdtoa-gethex.o)
 .rodata        0x0324e4c4       0x14 c:/altera/12.1sp1/nios2eds/bin/gnu/h-i686-mingw32/bin/../lib/gcc/nios2-elf/4.1.2\libgcc.a(_thenan_df.o)
                0x0324e4c4                __thenan_df
 .rodata        0x0324e4d8      0x100 c:/altera/12.1sp1/nios2eds/bin/gnu/h-i686-mingw32/bin/../lib/gcc/nios2-elf/4.1.2\libgcc.a(_clz.o)
                0x0324e4d8                __clz_tab
 .rodata        0x0324e5d8       0x10 ../SocketServer_bsp\libucosii_bsp.a(alt_main.o)
 .rodata        0x0324e5e8      0x120 ../SocketServer_bsp\libucosii_bsp.a(os_core.o)
                0x0324e5e8                OSUnMapTbl
 .rodata        0x0324e708       0x3c ../SocketServer_bsp\libucosii_bsp.a(alt_sys_init.o)
 .rodata        0x0324e744       0x68 ../SocketServer_bsp\libucosii_bsp.a(avalon_locator.o)
 .rodata        0x0324e7ac      0x200 ../SocketServer_bsp\libucosii_bsp.a(ins_eth_ocm.o)
 .rodata        0x0324e9ac       0xd8 ../SocketServer_bsp\libucosii_bsp.a(ipnet.o)
 .rodata        0x0324ea84       0xec ../SocketServer_bsp\libucosii_bsp.a(ipstart.o)
 .rodata        0x0324eb70      0x54c ../SocketServer_bsp\libucosii_bsp.a(igmp_cmn.o)
 .rodata        0x0324f0bc       0xb8 ../SocketServer_bsp\libucosii_bsp.a(in_utils.o)
 .rodata        0x0324f174       0x34 ../SocketServer_bsp\libucosii_bsp.a(netmain.o)
 .rodata        0x0324f1a8      0x1a8 ../SocketServer_bsp\libucosii_bsp.a(tk_crnos.o)
 .rodata        0x0324f350        0x8 ../SocketServer_bsp\libucosii_bsp.a(dhcpclnt.o)
 .rodata        0x0324f358      0x118 ../SocketServer_bsp\libucosii_bsp.a(pktalloc.o)
 .rodata        0x0324f470       0x84 ../SocketServer_bsp\libucosii_bsp.a(udp_open.o)
 .rodata        0x0324f4f4       0x2c ../SocketServer_bsp\libucosii_bsp.a(brdutils.o)
 .rodata        0x0324f520      0x26c ../SocketServer_bsp\libucosii_bsp.a(osportco.o)
 .rodata        0x0324f78c       0xa0 ../SocketServer_bsp\libucosii_bsp.a(targnios.o)
 .rodata        0x0324f82c       0x90 ../SocketServer_bsp\libucosii_bsp.a(nptcp.o)
 .rodata        0x0324f8bc        0x8 ../SocketServer_bsp\libucosii_bsp.a(sockcall.o)
 .rodata        0x0324f8c4       0x50 ../SocketServer_bsp\libucosii_bsp.a(socket.o)
 .rodata        0x0324f914       0x40 ../SocketServer_bsp\libucosii_bsp.a(socket2.o)
 .rodata        0x0324f954       0x20 ../SocketServer_bsp\libucosii_bsp.a(tcp_in.o)
 .rodata        0x0324f974       0x40 ../SocketServer_bsp\libucosii_bsp.a(tcp_out.o)
 .rodata        0x0324f9b4       0x24 ../SocketServer_bsp\libucosii_bsp.a(tcp_subr.o)
 .rodata        0x0324f9d8       0x2c ../SocketServer_bsp\libucosii_bsp.a(tcp_usr.o)
 .rodata        0x0324fa04        0xc ../SocketServer_bsp\libucosii_bsp.a(alt_dev.o)
 .rodata        0x0324fa10        0x4 ../SocketServer_bsp\libucosii_bsp.a(os_cpu_c.o)
 .rodata        0x0324fa14      0x1d4 ../SocketServer_bsp\libucosii_bsp.a(allports.o)
 .rodata        0x0324fbe8       0x34 ../SocketServer_bsp\libucosii_bsp.a(tk_misc.o)
 .rodata        0x0324fc1c       0x44 ../SocketServer_bsp\libucosii_bsp.a(et_arp.o)
 .rodata        0x0324fc60      0x1dc ../SocketServer_bsp\libucosii_bsp.a(ip.o)
 .rodata        0x0324fe3c      0x158 ../SocketServer_bsp\libucosii_bsp.a(ip_reasm.o)
 .rodata        0x0324ff94      0x120 ../SocketServer_bsp\libucosii_bsp.a(ipdemux.o)
 .rodata        0x032500b4       0x34 ../SocketServer_bsp\libucosii_bsp.a(ipport.o)
 .rodata        0x032500e8       0x24 ../SocketServer_bsp\libucosii_bsp.a(ipraw.o)
 .rodata        0x0325010c       0x38 ../SocketServer_bsp\libucosii_bsp.a(iproute.o)
 .rodata        0x03250144       0xe8 ../SocketServer_bsp\libucosii_bsp.a(udp.o)
 .rodata        0x0325022c      0x2d0 ../SocketServer_bsp\libucosii_bsp.a(u_mctest.o)
 .rodata        0x032504fc       0xf8 ../SocketServer_bsp\libucosii_bsp.a(dhcsetup.o)
 .rodata        0x032505f4       0x94 ../SocketServer_bsp\libucosii_bsp.a(parseip.o)
 .rodata        0x03250688       0x34 ../SocketServer_bsp\libucosii_bsp.a(vfsfiles.o)
 .rodata        0x032506bc      0x318 ../SocketServer_bsp\libucosii_bsp.a(icmp.o)
 *(.rodata1)
                0x032509d4                . = ALIGN (0x4)
                0x032509d4                PROVIDE (__ram_rodata_end, ABSOLUTE (.))
                0x0324c36c                PROVIDE (__flash_rodata_start, LOADADDR (.rodata))

.rwdata         0x032509d4     0x20fc load address 0x03252ad0
                0x032509d4                PROVIDE (__ram_rwdata_start, ABSOLUTE (.))
                0x032509d4                . = ALIGN (0x4)
 *(.got.plt)
 *(.got)
 *(.data1)
 *(.data .data.* .gnu.linkonce.d.*)
 .data          0x032509d4        0x0 ../SocketServer_bsp/obj/HAL/src/crt0.o
 .data          0x032509d4        0x0 obj/alt_error_handler.o
 .data          0x032509d4       0x28 obj/camera.o
                0x032509d4                camera
 .data          0x032509fc       0x18 obj/main.o
                0x032509fc                ssstask
 .data          0x03250a14        0x0 obj/network_utilities.o
 .data          0x03250a14        0x0 obj/simple_socket_server.o
 .data          0x03250a14        0x0 obj/trackers.o
 .data          0x03250a14        0x0 c:/altera/12.1sp1/nios2eds/bin/gnu/h-i686-mingw32/bin/../lib/gcc/nios2-elf/4.1.2\libgcc.a(lib2-divmod.o)
 .data          0x03250a14        0x0 c:/altera/12.1sp1/nios2eds/bin/gnu/h-i686-mingw32/bin/../lib/gcc/nios2-elf/4.1.2/../../../../nios2-elf/lib\libc.a(lib_a-ctype_.o)
 .data          0x03250a14        0x0 c:/altera/12.1sp1/nios2eds/bin/gnu/h-i686-mingw32/bin/../lib/gcc/nios2-elf/4.1.2/../../../../nios2-elf/lib\libc.a(lib_a-fclose.o)
 .data          0x03250a14        0x0 c:/altera/12.1sp1/nios2eds/bin/gnu/h-i686-mingw32/bin/../lib/gcc/nios2-elf/4.1.2/../../../../nios2-elf/lib\libc.a(lib_a-fflush.o)
 .data          0x03250a14        0x0 c:/altera/12.1sp1/nios2eds/bin/gnu/h-i686-mingw32/bin/../lib/gcc/nios2-elf/4.1.2/../../../../nios2-elf/lib\libc.a(lib_a-findfp.o)
 .data          0x03250a14        0x0 c:/altera/12.1sp1/nios2eds/bin/gnu/h-i686-mingw32/bin/../lib/gcc/nios2-elf/4.1.2/../../../../nios2-elf/lib\libc.a(lib_a-fopen.o)
 .data          0x03250a14        0x0 c:/altera/12.1sp1/nios2eds/bin/gnu/h-i686-mingw32/bin/../lib/gcc/nios2-elf/4.1.2/../../../../nios2-elf/lib\libc.a(lib_a-fprintf.o)
 .data          0x03250a14        0x0 c:/altera/12.1sp1/nios2eds/bin/gnu/h-i686-mingw32/bin/../lib/gcc/nios2-elf/4.1.2/../../../../nios2-elf/lib\libc.a(lib_a-fputs.o)
 .data          0x03250a14        0x0 c:/altera/12.1sp1/nios2eds/bin/gnu/h-i686-mingw32/bin/../lib/gcc/nios2-elf/4.1.2/../../../../nios2-elf/lib\libc.a(lib_a-freer.o)
 .data          0x03250a14        0x0 c:/altera/12.1sp1/nios2eds/bin/gnu/h-i686-mingw32/bin/../lib/gcc/nios2-elf/4.1.2/../../../../nios2-elf/lib\libc.a(lib_a-fseek.o)
 .data          0x03250a14        0x0 c:/altera/12.1sp1/nios2eds/bin/gnu/h-i686-mingw32/bin/../lib/gcc/nios2-elf/4.1.2/../../../../nios2-elf/lib\libc.a(lib_a-fstatr.o)
 .data          0x03250a14        0x0 c:/altera/12.1sp1/nios2eds/bin/gnu/h-i686-mingw32/bin/../lib/gcc/nios2-elf/4.1.2/../../../../nios2-elf/lib\libc.a(lib_a-fvwrite.o)
 .data          0x03250a14        0x0 c:/altera/12.1sp1/nios2eds/bin/gnu/h-i686-mingw32/bin/../lib/gcc/nios2-elf/4.1.2/../../../../nios2-elf/lib\libc.a(lib_a-fwalk.o)
 .data          0x03250a14        0x0 c:/altera/12.1sp1/nios2eds/bin/gnu/h-i686-mingw32/bin/../lib/gcc/nios2-elf/4.1.2/../../../../nios2-elf/lib\libc.a(lib_a-fwrite.o)
 .data          0x03250a14        0x0 c:/altera/12.1sp1/nios2eds/bin/gnu/h-i686-mingw32/bin/../lib/gcc/nios2-elf/4.1.2/../../../../nios2-elf/lib\libc.a(lib_a-getc.o)
 .data          0x03250a14      0x400 c:/altera/12.1sp1/nios2eds/bin/gnu/h-i686-mingw32/bin/../lib/gcc/nios2-elf/4.1.2/../../../../nios2-elf/lib\libc.a(lib_a-impure.o)
 .data          0x03250e14        0x0 c:/altera/12.1sp1/nios2eds/bin/gnu/h-i686-mingw32/bin/../lib/gcc/nios2-elf/4.1.2/../../../../nios2-elf/lib\libc.a(lib_a-int_errno.o)
 .data          0x03250e14        0x0 c:/altera/12.1sp1/nios2eds/bin/gnu/h-i686-mingw32/bin/../lib/gcc/nios2-elf/4.1.2/../../../../nios2-elf/lib\libc.a(lib_a-makebuf.o)
 .data          0x03250e14      0x408 c:/altera/12.1sp1/nios2eds/bin/gnu/h-i686-mingw32/bin/../lib/gcc/nios2-elf/4.1.2/../../../../nios2-elf/lib\libc.a(lib_a-mallocr.o)
                0x03250e14                __malloc_av_